[26/09/2015 03:21:58] /i bag
[26/09/2015 03:23:36] /i pet box
[26/09/2015 12:09:20] /m monk
[26/09/2015 12:24:35] /a
[26/09/2015 13:44:51] /t
[26/09/2015 13:44:58] /i suna shuriken
[26/09/2015 13:45:03] /i explosive kunai
[26/09/2015 15:58:38] /i sand sword
[26/09/2015 15:58:48] /i katana
[26/09/2015 16:11:25] /a 100
[26/09/2015 16:11:27] /a 100
[26/09/2015 16:11:29] /a 100
[26/09/2015 16:11:31] /a 100
[26/09/2015 16:11:33] /a 100
[26/09/2015 16:11:34] /a 100
[26/09/2015 16:11:36] /a 100
[26/09/2015 16:11:37] /a 100
[26/09/2015 16:11:43] /a 10
[26/09/2015 16:11:44] /a 10
[26/09/2015 16:11:45] /a 10
[26/09/2015 16:11:45] /a 10
[26/09/2015 16:11:46] /a 10
[26/09/2015 16:11:47] /a 10
[26/09/2015 16:11:48] /a 10
[26/09/2015 16:11:48] /a 10
[26/09/2015 16:11:49] /a 10
[26/09/2015 16:11:50] /a 10
[26/09/2015 16:12:09] /a 10
[26/09/2015 16:12:10] /a 10
[26/09/2015 16:12:10] /a 10
[26/09/2015 16:12:11] /a 10
[26/09/2015 16:12:12] /a 10
[26/09/2015 16:12:13] /a 10
[26/09/2015 16:12:14] /a 100
[26/09/2015 16:12:16] /a 10
[26/09/2015 16:12:17] /a 10
[26/09/2015 16:12:18] /a 10
[26/09/2015 16:12:18] /a 10
[26/09/2015 16:12:19] /a 10
[26/09/2015 16:12:19] /a 10
[26/09/2015 16:12:23] /a 10
[26/09/2015 16:12:55] /a 10
[26/09/2015 16:13:20] /a
[26/09/2015 16:13:25] /a
[26/09/2015 16:14:02] /a
[26/09/2015 16:18:43] /t
[26/09/2015 16:18:49] /m wolf
[26/09/2015 16:18:49] /m wolf
[26/09/2015 16:18:50] /m wolf
[26/09/2015 16:18:50] /m wolf
[26/09/2015 16:18:54] /t
[26/09/2015 16:18:58] /m wolf
[26/09/2015 16:18:58] /m wolf
[26/09/2015 16:18:59] /m wolf
[26/09/2015 16:18:59] /m wolf
[26/09/2015 16:19:00] /m wolf
[26/09/2015 16:19:00] /m wolf
[26/09/2015 16:19:02] /m wolf
[26/09/2015 16:19:03] /m wolf
[26/09/2015 16:19:03] /m wolf
[26/09/2015 16:19:04] /m wolf
[26/09/2015 16:19:04] /m wolf
[26/09/2015 16:19:05] /m wolf
[26/09/2015 16:19:05] /m wolf
[26/09/2015 16:19:12] /i hyper gloves
[26/09/2015 16:19:14] /i hyper glove
[26/09/2015 16:19:28] /i hyper gloves
[26/09/2015 16:20:13] /i white glove
[26/09/2015 16:20:14] /i white gloves
[26/09/2015 16:21:16] /i hyper glove attack
[26/09/2015 16:21:51] /i kidomaru
[26/09/2015 16:21:55] /m kidomaru
[26/09/2015 16:22:01] /m kidomaru
[28/09/2015 13:38:34] /m wolf
[28/09/2015 13:39:17] /m wolf
[28/09/2015 13:39:18] /m wolf
[28/09/2015 13:42:24] /m wolf
[28/09/2015 14:40:01] /m samurai
[01/10/2015 00:10:27] /i pet box
[01/10/2015 00:10:34] /i sannin box
[01/10/2015 00:10:40] /i sennin box
[01/10/2015 00:56:42] /i pacc box
[01/10/2015 00:59:51] /i pacc box
[01/10/2015 00:59:59] /i pill
[01/10/2015 01:00:06] /i pill
[01/10/2015 01:02:56] /m nervous wolf
[01/10/2015 01:02:58] /m skeleton
[01/10/2015 01:02:58] /m skeleton
[01/10/2015 01:02:59] /m skeleton
[01/10/2015 01:03:00] /m skeleton
[01/10/2015 01:03:10] /m cursed skeleton
[01/10/2015 01:03:13] /m cursed skeleton
[01/10/2015 01:03:14] /m cursed skeleton
[01/10/2015 01:03:16] /m cursed skeleton
[01/10/2015 01:03:17] /m cursed skeleton
[01/10/2015 01:03:18] /m cursed skeleton
[01/10/2015 01:03:20] /m nervous wolf
[01/10/2015 01:03:21] /m cursed skeleton
[01/10/2015 01:03:21] /m nervous wolf
[01/10/2015 01:03:23] /m cursed skeleton
[01/10/2015 01:03:23] /m cursed skeleton
[01/10/2015 01:03:24] /m cursed skeleton
[01/10/2015 01:03:26] /m cursed skeleton
[01/10/2015 01:03:26] /m cursed skeleton
[01/10/2015 01:03:27] /m cursed skeleton
[01/10/2015 01:03:28] /m nervous wolf
[01/10/2015 01:03:28] /m nervous wolf
[01/10/2015 01:03:29] /m cursed skeleton
[01/10/2015 01:03:30] /m cursed skeleton
[01/10/2015 01:03:31] /m cursed skeleton
[01/10/2015 01:03:32] /m nervous wolf
[01/10/2015 01:03:33] /m nervous wolf
[01/10/2015 01:03:33] /m cursed skeleton
[01/10/2015 01:03:34] /m cursed skeleton
[01/10/2015 01:03:34] /m cursed skeleton
[01/10/2015 01:03:35] /m nervous wolf
[01/10/2015 01:03:35] /m cursed skeleton
[01/10/2015 01:03:36] /m cursed skeleton
[01/10/2015 01:03:37] /m nervous wolf
[01/10/2015 01:03:38] /m cursed skeleton
[01/10/2015 01:03:38] /m cursed skeleton
[01/10/2015 01:03:39] /m cursed skeleton
[01/10/2015 01:03:40] /m cursed skeleton
[01/10/2015 01:03:41] /m cursed skeleton
[01/10/2015 01:03:41] /m cursed skeleton
[01/10/2015 01:03:42] /m cursed skeleton
[01/10/2015 01:03:43] /m nervous wolf
[01/10/2015 01:03:43] /m nervous wolf
[01/10/2015 01:03:44] /m cursed skeleton
[01/10/2015 01:03:45] /m cursed skeleton
[01/10/2015 01:03:45] /m cursed skeleton
[01/10/2015 01:03:46] /m cursed skeleton
[01/10/2015 01:03:48] /m cursed skeleton
[01/10/2015 01:03:48] /m cursed skeleton
[01/10/2015 01:03:49] /m cursed skeleton
[01/10/2015 01:03:50] /m nervous wolf
[01/10/2015 01:03:51] /m nervous wolf
[01/10/2015 01:03:51] /m nervous wolf
[01/10/2015 01:03:52] /m nervous wolf
[01/10/2015 01:03:53] /m nervous wolf
[01/10/2015 01:03:53] /m nervous wolf
[01/10/2015 01:03:54] /m cursed skeleton
[01/10/2015 01:03:55] /m cursed skeleton
[01/10/2015 01:03:55] /m cursed skeleton
[01/10/2015 01:03:57] /m nervous wolf
[01/10/2015 01:03:58] /m nervous wolf
[01/10/2015 01:03:58] /m cursed skeleton
[01/10/2015 01:03:59] /m cursed skeleton
[01/10/2015 01:03:59] /m cursed skeleton
[01/10/2015 01:04:00] /m cursed skeleton
[01/10/2015 01:04:06] /m monk
[01/10/2015 01:04:14] /t
[01/10/2015 01:04:20] /i pill
[01/10/2015 01:04:21] /i pill
[01/10/2015 01:04:24] /i pill
[01/10/2015 01:04:29] /i pill
[01/10/2015 01:04:31] /i pill
[01/10/2015 01:04:33] /i pill
[01/10/2015 01:04:35] /i pill
[01/10/2015 01:04:37] /i pill
[01/10/2015 01:04:39] /i pill
[01/10/2015 01:04:41] /i pill
[01/10/2015 01:04:43] /i pill
[01/10/2015 01:04:45] /i pill
[01/10/2015 01:04:48] /i pill
[01/10/2015 01:04:50] /i pill
[01/10/2015 01:04:52] /i pill
[01/10/2015 01:04:54] /i pill
[01/10/2015 01:04:56] /i pill
[01/10/2015 01:04:58] /i pill
[01/10/2015 20:04:37] /i hyper glove attack
[01/10/2015 20:04:40] /i hyper glove attack
[01/10/2015 20:04:44] /i samurai sword
[01/10/2015 20:04:58] /i vampire glove attack
[01/10/2015 20:05:10] /i vampire glove attack
[01/10/2015 21:08:51] /goto imortall
[01/10/2015 21:08:55] /r
[01/10/2015 21:16:16] /c imortall
[01/10/2015 21:16:44] /i pill
[01/10/2015 21:16:45] /i pill
[01/10/2015 21:56:24] /t
[01/10/2015 21:57:06] /i vampire attack glove
[01/10/2015 21:57:36] /i vampire attack glove
[01/10/2015 21:57:59] /i vanpire attack glove
[01/10/2015 21:59:11] /i yellow attack glove
[01/10/2015 21:59:26] /i yellow glove attack 
[01/10/2015 22:18:35] /i vampire glove attack
[01/10/2015 22:18:40] /i vampire glove attack
[01/10/2015 22:31:44] /m samurai
[01/10/2015 22:35:17] /t
[01/10/2015 22:48:24] /t
[01/10/2015 22:48:34] /i metal glove attack
[01/10/2015 23:45:32] /goto imortal
[01/10/2015 23:45:38] /i samurai armor
[01/10/2015 23:45:41] /i samurai armor
[01/10/2015 23:45:49] /i backpack
[01/10/2015 23:45:57] /i konoha backpack
[01/10/2015 23:45:59] /i konoha backpack
[01/10/2015 23:46:11] /i backpack konoha
[01/10/2015 23:46:19] /i konoha backpack
[01/10/2015 23:46:22] /i konoha backpack
[01/10/2015 23:46:34] /i backpack
[01/10/2015 23:46:40] /i akatsuki armor
[01/10/2015 23:46:43] /i akatsuki cuit
[01/10/2015 23:46:48] /i akatsuki jacket
[01/10/2015 23:47:06] /i nature legs
[01/10/2015 23:47:13] /i nature trousers
[01/10/2015 23:47:18] /i nature trousers
[01/10/2015 23:47:32] /i pill
[01/10/2015 23:47:32] /i pill
[01/10/2015 23:47:32] /i pill
[01/10/2015 23:47:32] /i pill
[01/10/2015 23:47:32] /i pill
[01/10/2015 23:47:33] /i pill
[01/10/2015 23:47:33] /i pill
[01/10/2015 23:47:33] /i pill
[01/10/2015 23:47:33] /i pill
[01/10/2015 23:47:33] /i pill
[01/10/2015 23:47:33] /i pill
[01/10/2015 23:47:33] /i pill
[01/10/2015 23:47:33] /i pill
[01/10/2015 23:47:33] /i pill
[01/10/2015 23:47:33] /i pill
[01/10/2015 23:47:33] /i pill
[01/10/2015 23:47:33] /i pill
[01/10/2015 23:47:33] /i pill
[01/10/2015 23:47:33] /i pill
[01/10/2015 23:47:33] /i pill
[01/10/2015 23:47:33] /i pill
[01/10/2015 23:47:33] /i pill
[01/10/2015 23:47:33] /i pill
[01/10/2015 23:47:33] /i pill
[01/10/2015 23:47:33] /i pill
[01/10/2015 23:47:33] /i pill
[01/10/2015 23:47:33] /i pill
[01/10/2015 23:47:33] /i pill
[01/10/2015 23:47:33] /i pill
[01/10/2015 23:47:33] /i pill
[01/10/2015 23:47:33] /i pill
[01/10/2015 23:47:33] /i pill
[01/10/2015 23:47:33] /i pill
[01/10/2015 23:47:33] /i pill
[01/10/2015 23:47:33] /i pill
[01/10/2015 23:47:33] /i pill
[01/10/2015 23:47:33] /i pill
[01/10/2015 23:47:33] /i pill
[01/10/2015 23:47:33] /i pill
[01/10/2015 23:47:33] /i pill
[01/10/2015 23:47:34] /i pill
[01/10/2015 23:47:34] /i pill
[01/10/2015 23:47:34] /i pill
[01/10/2015 23:47:34] /i pill
[01/10/2015 23:47:34] /i pill
[01/10/2015 23:47:34] /i pill
[01/10/2015 23:47:34] /i pill
[01/10/2015 23:47:34] /i pill
[01/10/2015 23:47:34] /i pill
[01/10/2015 23:47:34] /i pill
[01/10/2015 23:47:34] /i pill
[01/10/2015 23:47:34] /i pill
[01/10/2015 23:47:34] /i pill
[01/10/2015 23:47:34] /i pill
[01/10/2015 23:47:34] /i pill
[01/10/2015 23:47:34] /i pill
[01/10/2015 23:47:34] /i pill
[01/10/2015 23:47:34] /i pill
[01/10/2015 23:47:34] /i pill
[01/10/2015 23:47:34] /i pill
[01/10/2015 23:47:34] /i pill
[01/10/2015 23:47:34] /i pill
[01/10/2015 23:47:34] /i pill
[01/10/2015 23:47:34] /i pill
[01/10/2015 23:47:34] /i pill
[01/10/2015 23:47:34] /i pill
[01/10/2015 23:47:34] /i pill
[01/10/2015 23:47:34] /i pill
[01/10/2015 23:47:34] /i pill
[01/10/2015 23:47:35] /i pill
[01/10/2015 23:47:35] /i pill
[01/10/2015 23:47:35] /i pill
[01/10/2015 23:47:35] /i pill
[01/10/2015 23:47:35] /i pill
[01/10/2015 23:47:35] /i pill
[01/10/2015 23:47:35] /i pill
[01/10/2015 23:47:35] /i pill
[01/10/2015 23:47:35] /i pill
[01/10/2015 23:47:35] /i pill
[01/10/2015 23:47:35] /i pill
[01/10/2015 23:47:35] /i pill
[01/10/2015 23:47:35] /i pill
[01/10/2015 23:47:35] /i pill
[01/10/2015 23:47:35] /i pill
[01/10/2015 23:47:35] /i pill
[01/10/2015 23:47:35] /i pill
[01/10/2015 23:47:35] /i pill
[01/10/2015 23:47:35] /i pill
[01/10/2015 23:47:35] /i pill
[01/10/2015 23:47:35] /i pill
[01/10/2015 23:47:35] /i pill
[01/10/2015 23:47:36] /i pill
[01/10/2015 23:47:36] /i pill
[01/10/2015 23:47:36] /i pill
[01/10/2015 23:47:36] /i pill
[01/10/2015 23:47:36] /i pill
[01/10/2015 23:47:36] /i pill
[01/10/2015 23:47:36] /i pill
[01/10/2015 23:47:36] /i pill
[01/10/2015 23:47:36] /i pill
[01/10/2015 23:47:36] /i pill
[01/10/2015 23:47:36] /i pill
[01/10/2015 23:47:36] /i pill
[01/10/2015 23:47:36] /i pill
[01/10/2015 23:47:36] /i pill
[01/10/2015 23:47:36] /i pill
[01/10/2015 23:47:36] /i pill
[01/10/2015 23:47:36] /i pill
[01/10/2015 23:47:36] /i pill
[01/10/2015 23:47:36] /i pill
[01/10/2015 23:47:36] /i pill
[01/10/2015 23:47:36] /i pill
[01/10/2015 23:47:36] /i pill
[01/10/2015 23:47:36] /i pill
[01/10/2015 23:47:36] /i pill
[01/10/2015 23:47:36] /i pill
[01/10/2015 23:47:36] /i pill
[01/10/2015 23:47:36] /i pill
[01/10/2015 23:47:36] /i pill
[01/10/2015 23:47:36] /i pill
[01/10/2015 23:47:36] /i pill
[01/10/2015 23:47:36] /i pill
[01/10/2015 23:47:36] /i pill
[01/10/2015 23:47:37] /i pill
[01/10/2015 23:47:37] /i pill
[01/10/2015 23:47:37] /i pill
[01/10/2015 23:47:37] /i pill
[01/10/2015 23:47:37] /i pill
[01/10/2015 23:47:37] /i pill
[01/10/2015 23:47:37] /i pill
[01/10/2015 23:47:37] /i pill
[01/10/2015 23:47:37] /i pill
[01/10/2015 23:47:37] /i pill
[01/10/2015 23:47:37] /i pill
[01/10/2015 23:47:37] /i pill
[01/10/2015 23:47:37] /i pill
[01/10/2015 23:47:37] /i pill
[01/10/2015 23:47:37] /i pill
[01/10/2015 23:47:37] /i pill
[01/10/2015 23:47:37] /i pill
[01/10/2015 23:47:37] /i pill
[01/10/2015 23:47:37] /i pill
[01/10/2015 23:47:37] /i pill
[01/10/2015 23:47:37] /i pill
[01/10/2015 23:47:37] /i pill
[01/10/2015 23:47:37] /i pill
[01/10/2015 23:47:37] /i pill
[01/10/2015 23:47:37] /i pill
[01/10/2015 23:47:37] /i pill
[01/10/2015 23:47:38] /i pill
[01/10/2015 23:47:38] /i pill
[01/10/2015 23:47:38] /i pill
[01/10/2015 23:47:38] /i pill
[01/10/2015 23:47:38] /i pill
[01/10/2015 23:47:38] /i pill
[01/10/2015 23:47:38] /i pill
[01/10/2015 23:47:38] /i pill
[01/10/2015 23:47:38] /i pill
[01/10/2015 23:47:38] /i pill
[01/10/2015 23:47:38] /i pill
[01/10/2015 23:47:38] /i pill
[01/10/2015 23:47:38] /i pill
[01/10/2015 23:47:38] /i pill
[01/10/2015 23:47:38] /i pill
[01/10/2015 23:47:38] /i pill
[01/10/2015 23:47:38] /i pill
[01/10/2015 23:47:38] /i pill
[01/10/2015 23:47:38] /i pill
[01/10/2015 23:47:38] /i pill
[01/10/2015 23:47:38] /i pill
[01/10/2015 23:47:38] /i pill
[01/10/2015 23:47:38] /i pill
[01/10/2015 23:47:38] /i pill
[01/10/2015 23:47:38] /i pill
[01/10/2015 23:47:38] /i pill
[01/10/2015 23:47:38] /i pill
[01/10/2015 23:47:38] /i pill
[01/10/2015 23:47:39] /i pill
[01/10/2015 23:47:39] /i pill
[01/10/2015 23:47:39] /i pill
[01/10/2015 23:47:39] /i pill
[01/10/2015 23:47:39] /i pill
[01/10/2015 23:47:39] /i pill
[01/10/2015 23:47:39] /i pill
[01/10/2015 23:47:39] /i pill
[01/10/2015 23:47:39] /i pill
[01/10/2015 23:47:39] /i pill
[01/10/2015 23:47:39] /i pill
[01/10/2015 23:47:39] /i pill
[01/10/2015 23:47:39] /i pill
[01/10/2015 23:47:39] /i pill
[01/10/2015 23:47:39] /i pill
[01/10/2015 23:47:39] /i pill
[01/10/2015 23:47:39] /i pill
[01/10/2015 23:47:39] /i pill
[01/10/2015 23:47:39] /i pill
[01/10/2015 23:47:39] /i pill
[01/10/2015 23:47:39] /i pill
[01/10/2015 23:47:39] /i pill
[01/10/2015 23:47:39] /i pill
[01/10/2015 23:47:39] /i pill
[01/10/2015 23:47:39] /i pill
[01/10/2015 23:47:39] /i pill
[01/10/2015 23:47:39] /i pill
[01/10/2015 23:47:39] /i pill
[01/10/2015 23:47:39] /i pill
[01/10/2015 23:47:40] /i pill
[01/10/2015 23:47:40] /i pill
[01/10/2015 23:47:40] /i pill
[01/10/2015 23:47:40] /i pill
[01/10/2015 23:47:40] /i pill
[01/10/2015 23:47:40] /i pill
[01/10/2015 23:47:40] /i pill
[01/10/2015 23:47:40] /i pill
[01/10/2015 23:47:40] /i pill
[01/10/2015 23:47:40] /i pill
[01/10/2015 23:47:40] /i pill
[01/10/2015 23:47:40] /i pill
[01/10/2015 23:47:40] /i pill
[01/10/2015 23:47:40] /i pill
[01/10/2015 23:47:40] /i pill
[01/10/2015 23:47:40] /i pill
[01/10/2015 23:47:40] /i pill
[01/10/2015 23:47:40] /i pill
[01/10/2015 23:47:40] /i pill
[01/10/2015 23:47:40] /i pill
[01/10/2015 23:47:40] /i pill
[01/10/2015 23:47:40] /i pill
[01/10/2015 23:47:40] /i pill
[01/10/2015 23:47:40] /i pill
[01/10/2015 23:47:40] /i pill
[01/10/2015 23:47:40] /i pill
[01/10/2015 23:47:40] /i pill
[01/10/2015 23:47:40] /i pill
[01/10/2015 23:47:40] /i pill
[01/10/2015 23:47:40] /i pill
[01/10/2015 23:47:40] /i pill
[01/10/2015 23:47:41] /i pill
[01/10/2015 23:47:41] /i pill
[01/10/2015 23:47:41] /i pill
[01/10/2015 23:47:41] /i pill
[01/10/2015 23:47:41] /i pill
[01/10/2015 23:47:41] /i pill
[01/10/2015 23:47:41] /i pill
[01/10/2015 23:47:41] /i pill
[01/10/2015 23:47:41] /i pill
[01/10/2015 23:47:41] /i pill
[01/10/2015 23:47:41] /i pill
[01/10/2015 23:47:41] /i pill
[01/10/2015 23:47:41] /i pill
[01/10/2015 23:47:41] /i pill
[01/10/2015 23:47:41] /i pill
[01/10/2015 23:47:41] /i pill
[01/10/2015 23:47:41] /i pill
[01/10/2015 23:47:41] /i pill
[01/10/2015 23:47:41] /i pill
[01/10/2015 23:47:41] /i pill
[01/10/2015 23:47:41] /i pill
[01/10/2015 23:47:41] /i pill
[01/10/2015 23:47:41] /i pill
[01/10/2015 23:47:41] /i pill
[01/10/2015 23:47:41] /i pill
[01/10/2015 23:47:41] /i pill
[01/10/2015 23:47:41] /i pill
[01/10/2015 23:47:41] /i pill
[01/10/2015 23:47:42] /i pill
[01/10/2015 23:47:42] /i pill
[01/10/2015 23:47:42] /i pill
[01/10/2015 23:47:42] /i pill
[01/10/2015 23:47:42] /i pill
[01/10/2015 23:47:42] /i pill
[01/10/2015 23:47:42] /i pill
[01/10/2015 23:47:42] /i pill
[01/10/2015 23:47:42] /i pill
[01/10/2015 23:47:42] /i pill
[01/10/2015 23:47:42] /i pill
[01/10/2015 23:47:42] /i pill
[01/10/2015 23:47:42] /i pill
[01/10/2015 23:47:42] /i pill
[01/10/2015 23:47:42] /i pill
[01/10/2015 23:47:42] /i pill
[01/10/2015 23:47:42] /i pill
[01/10/2015 23:47:42] /i pill
[01/10/2015 23:47:42] /i pill
[01/10/2015 23:47:42] /i pill
[01/10/2015 23:47:42] /i pill
[01/10/2015 23:47:42] /i pill
[01/10/2015 23:47:42] /i pill
[01/10/2015 23:47:42] /i pill
[01/10/2015 23:47:42] /i pill
[01/10/2015 23:47:42] /i pill
[01/10/2015 23:47:42] /i pill
[01/10/2015 23:47:43] /i pill
[01/10/2015 23:47:43] /i pill
[01/10/2015 23:47:43] /i pill
[01/10/2015 23:47:43] /i pill
[01/10/2015 23:47:43] /i pill
[01/10/2015 23:47:43] /i pill
[01/10/2015 23:47:43] /i pill
[01/10/2015 23:47:43] /i pill
[01/10/2015 23:47:43] /i pill
[01/10/2015 23:47:43] /i pill
[01/10/2015 23:47:43] /i pill
[01/10/2015 23:47:43] /i pill
[01/10/2015 23:47:43] /i pill
[01/10/2015 23:47:43] /i pill
[01/10/2015 23:47:43] /i pill
[01/10/2015 23:47:43] /i pill
[01/10/2015 23:47:43] /i pill
[01/10/2015 23:47:43] /i pill
[01/10/2015 23:47:43] /i pill
[01/10/2015 23:47:43] /i pill
[01/10/2015 23:47:43] /i pill
[01/10/2015 23:47:43] /i pill
[01/10/2015 23:47:43] /i pill
[01/10/2015 23:47:43] /i pill
[01/10/2015 23:47:43] /i pill
[01/10/2015 23:47:43] /i pill
[01/10/2015 23:47:43] /i pill
[01/10/2015 23:47:43] /i pill
[01/10/2015 23:47:44] /i pill
[01/10/2015 23:47:44] /i pill
[01/10/2015 23:47:44] /i pill
[01/10/2015 23:47:44] /i pill
[01/10/2015 23:47:44] /i pill
[01/10/2015 23:47:44] /i pill
[01/10/2015 23:47:44] /i pill
[01/10/2015 23:47:44] /i pill
[01/10/2015 23:47:44] /i pill
[01/10/2015 23:47:44] /i pill
[01/10/2015 23:47:44] /i pill
[01/10/2015 23:47:44] /i pill
[01/10/2015 23:47:44] /i pill
[01/10/2015 23:47:44] /i pill
[01/10/2015 23:47:44] /i pill
[01/10/2015 23:47:44] /i pill
[01/10/2015 23:47:44] /i pill
[01/10/2015 23:47:44] /i pill
[01/10/2015 23:47:44] /i pill
[01/10/2015 23:47:44] /i pill
[01/10/2015 23:47:44] /i pill
[01/10/2015 23:47:44] /i pill
[01/10/2015 23:47:44] /i pill
[01/10/2015 23:47:44] /i pill
[01/10/2015 23:47:44] /i pill
[01/10/2015 23:47:44] /i pill
[01/10/2015 23:47:44] /i pill
[01/10/2015 23:47:44] /i pill
[01/10/2015 23:47:44] /i pill
[01/10/2015 23:47:44] /i pill
[01/10/2015 23:47:45] /i pill
[01/10/2015 23:47:45] /i pill
[01/10/2015 23:47:45] /i pill
[01/10/2015 23:47:45] /i pill
[01/10/2015 23:47:45] /i pill
[01/10/2015 23:47:45] /i pill
[01/10/2015 23:47:45] /i pill
[01/10/2015 23:47:45] /i pill
[01/10/2015 23:47:45] /i pill
[01/10/2015 23:47:45] /i pill
[01/10/2015 23:47:45] /i pill
[01/10/2015 23:47:45] /i pill
[01/10/2015 23:47:45] /i pill
[01/10/2015 23:47:45] /i pill
[01/10/2015 23:47:45] /i pill
[01/10/2015 23:47:45] /i pill
[01/10/2015 23:47:45] /i pill
[01/10/2015 23:47:45] /i pill
[01/10/2015 23:47:45] /i pill
[01/10/2015 23:47:45] /i pill
[01/10/2015 23:47:45] /i pill
[01/10/2015 23:47:45] /i pill
[01/10/2015 23:47:45] /i pill
[01/10/2015 23:47:45] /i pill
[01/10/2015 23:47:45] /i pill
[01/10/2015 23:47:45] /i pill
[01/10/2015 23:47:46] /i pill
[01/10/2015 23:47:46] /i pill
[01/10/2015 23:47:46] /i pill
[01/10/2015 23:47:46] /i pill
[01/10/2015 23:47:46] /i pill
[01/10/2015 23:47:46] /i pill
[01/10/2015 23:47:46] /i pill
[01/10/2015 23:47:46] /i pill
[01/10/2015 23:47:46] /i pill
[01/10/2015 23:47:46] /i pill
[01/10/2015 23:47:46] /i pill
[01/10/2015 23:47:46] /i pill
[01/10/2015 23:47:46] /i pill
[01/10/2015 23:47:46] /i pill
[01/10/2015 23:47:46] /i pill
[01/10/2015 23:47:46] /i pill
[01/10/2015 23:47:46] /i pill
[01/10/2015 23:47:46] /i pill
[01/10/2015 23:47:46] /i pill
[01/10/2015 23:47:46] /i pill
[01/10/2015 23:47:46] /i pill
[01/10/2015 23:47:46] /i pill
[01/10/2015 23:47:46] /i pill
[01/10/2015 23:47:46] /i pill
[01/10/2015 23:47:46] /i pill
[01/10/2015 23:47:46] /i pill
[01/10/2015 23:47:46] /i pill
[01/10/2015 23:47:46] /i pill
[01/10/2015 23:47:47] /i pill
[01/10/2015 23:47:47] /i pill
[01/10/2015 23:47:47] /i pill
[01/10/2015 23:47:47] /i pill
[01/10/2015 23:47:47] /i pill
[01/10/2015 23:47:47] /i pill
[01/10/2015 23:47:47] /i pill
[01/10/2015 23:47:47] /i pill
[01/10/2015 23:47:47] /i pill
[01/10/2015 23:47:47] /i pill
[01/10/2015 23:47:47] /i pill
[01/10/2015 23:47:47] /i pill
[01/10/2015 23:47:47] /i pill
[01/10/2015 23:47:47] /i pill
[01/10/2015 23:47:47] /i pill
[01/10/2015 23:47:47] /i pill
[01/10/2015 23:47:47] /i pill
[01/10/2015 23:47:47] /i pill
[01/10/2015 23:47:47] /i pill
[01/10/2015 23:47:47] /i pill
[01/10/2015 23:47:47] /i pill
[01/10/2015 23:47:47] /i pill
[01/10/2015 23:47:47] /i pill
[01/10/2015 23:47:47] /i pill
[01/10/2015 23:47:47] /i pill
[01/10/2015 23:47:47] /i pill
[01/10/2015 23:47:47] /i pill
[01/10/2015 23:47:47] /i pill
[01/10/2015 23:47:47] /i pill
[01/10/2015 23:47:48] /i pill
[01/10/2015 23:47:48] /i pill
[01/10/2015 23:47:48] /i pill
[01/10/2015 23:47:48] /i pill
[01/10/2015 23:47:48] /i pill
[01/10/2015 23:47:48] /i pill
[01/10/2015 23:47:48] /i pill
[01/10/2015 23:47:48] /i pill
[01/10/2015 23:47:48] /i pill
[01/10/2015 23:47:48] /i pill
[01/10/2015 23:47:48] /i pill
[01/10/2015 23:47:48] /i pill
[01/10/2015 23:47:48] /i pill
[01/10/2015 23:47:48] /i pill
[01/10/2015 23:47:48] /i pill
[01/10/2015 23:47:48] /i pill
[01/10/2015 23:47:48] /i pill
[01/10/2015 23:47:48] /i pill
[01/10/2015 23:47:48] /i pill
[01/10/2015 23:47:48] /i pill
[01/10/2015 23:47:48] /i pill
[01/10/2015 23:47:48] /i pill
[01/10/2015 23:47:48] /i pill
[01/10/2015 23:47:48] /i pill
[01/10/2015 23:47:48] /i pill
[01/10/2015 23:47:48] /i pill
[01/10/2015 23:47:49] /i pill
[01/10/2015 23:47:49] /i pill
[01/10/2015 23:47:49] /i pill
[01/10/2015 23:47:49] /i pill
[01/10/2015 23:47:49] /i pill
[01/10/2015 23:47:49] /i pill
[01/10/2015 23:47:49] /i pill
[01/10/2015 23:47:49] /i pill
[01/10/2015 23:47:49] /i pill
[01/10/2015 23:47:49] /i pill
[01/10/2015 23:47:49] /i pill
[01/10/2015 23:47:49] /i pill
[01/10/2015 23:47:49] /i pill
[01/10/2015 23:47:49] /i pill
[01/10/2015 23:47:49] /i pill
[01/10/2015 23:47:49] /i pill
[01/10/2015 23:47:49] /i pill
[01/10/2015 23:47:49] /i pill
[01/10/2015 23:47:49] /i pill
[01/10/2015 23:47:49] /i pill
[01/10/2015 23:47:49] /i pill
[01/10/2015 23:47:49] /i pill
[01/10/2015 23:47:49] /i pill
[01/10/2015 23:47:49] /i pill
[01/10/2015 23:47:49] /i pill
[01/10/2015 23:47:49] /i pill
[01/10/2015 23:47:49] /i pill
[01/10/2015 23:47:49] /i pill
[01/10/2015 23:47:49] /i pill
[01/10/2015 23:47:50] /i pill
[01/10/2015 23:47:50] /i pill
[01/10/2015 23:47:50] /i pill
[01/10/2015 23:47:50] /i pill
[01/10/2015 23:47:50] /i pill
[01/10/2015 23:47:50] /i pill
[01/10/2015 23:47:50] /i pill
[01/10/2015 23:47:50] /i pill
[01/10/2015 23:47:50] /i pill
[01/10/2015 23:47:50] /i pill
[01/10/2015 23:47:50] /i pill
[01/10/2015 23:47:50] /i pill
[01/10/2015 23:47:50] /i pill
[01/10/2015 23:47:50] /i pill
[01/10/2015 23:47:50] /i pill
[01/10/2015 23:47:50] /i pill
[01/10/2015 23:47:50] /i pill
[01/10/2015 23:47:50] /i pill
[01/10/2015 23:47:50] /i pill
[01/10/2015 23:47:50] /i pill
[01/10/2015 23:47:50] /i pill
[01/10/2015 23:47:50] /i pill
[01/10/2015 23:47:50] /i pill
[01/10/2015 23:47:50] /i pill
[01/10/2015 23:47:50] /i pill
[01/10/2015 23:47:50] /i pill
[01/10/2015 23:47:51] /i pill
[01/10/2015 23:47:51] /i pill
[01/10/2015 23:47:51] /i pill
[01/10/2015 23:47:51] /i pill
[01/10/2015 23:47:51] /i pill
[01/10/2015 23:47:51] /i pill
[01/10/2015 23:47:51] /i pill
[01/10/2015 23:47:51] /i pill
[01/10/2015 23:47:51] /i pill
[01/10/2015 23:47:51] /i pill
[01/10/2015 23:47:51] /i pill
[01/10/2015 23:47:51] /i pill
[01/10/2015 23:47:51] /i pill
[01/10/2015 23:47:51] /i pill
[01/10/2015 23:47:51] /i pill
[01/10/2015 23:47:51] /i pill
[01/10/2015 23:47:51] /i pill
[01/10/2015 23:47:51] /i pill
[01/10/2015 23:47:51] /i pill
[01/10/2015 23:47:51] /i pill
[01/10/2015 23:47:51] /i pill
[01/10/2015 23:47:51] /i pill
[01/10/2015 23:47:51] /i pill
[01/10/2015 23:47:51] /i pill
[01/10/2015 23:47:51] /i pill
[01/10/2015 23:47:51] /i pill
[01/10/2015 23:47:51] /i pill
[01/10/2015 23:47:51] /i pill
[01/10/2015 23:47:51] /i pill
[01/10/2015 23:47:51] /i pill
[01/10/2015 23:47:52] /i pill
[01/10/2015 23:47:52] /i pill
[01/10/2015 23:47:52] /i pill
[01/10/2015 23:47:52] /i pill
[01/10/2015 23:47:52] /i pill
[01/10/2015 23:47:52] /i pill
[01/10/2015 23:47:52] /i pill
[01/10/2015 23:47:52] /i pill
[01/10/2015 23:47:52] /i pill
[01/10/2015 23:47:52] /i pill
[01/10/2015 23:47:52] /i pill
[01/10/2015 23:47:52] /i pill
[01/10/2015 23:47:52] /i pill
[01/10/2015 23:47:52] /i pill
[01/10/2015 23:47:52] /i pill
[01/10/2015 23:47:52] /i pill
[01/10/2015 23:47:52] /i pill
[01/10/2015 23:47:52] /i pill
[01/10/2015 23:47:52] /i pill
[01/10/2015 23:47:52] /i pill
[01/10/2015 23:47:52] /i pill
[01/10/2015 23:47:53] /i pill
[01/10/2015 23:47:53] /i pill
[01/10/2015 23:47:53] /i pill
[01/10/2015 23:47:53] /i pill
[01/10/2015 23:47:53] /i pill
[01/10/2015 23:47:53] /i pill
[01/10/2015 23:47:53] /i pill
[01/10/2015 23:47:53] /i pill
[01/10/2015 23:47:53] /i pill
[01/10/2015 23:47:53] /i pill
[01/10/2015 23:47:53] /i pill
[01/10/2015 23:47:53] /i pill
[01/10/2015 23:47:53] /i pill
[01/10/2015 23:47:53] /i pill
[01/10/2015 23:47:53] /i pill
[01/10/2015 23:47:53] /i pill
[01/10/2015 23:47:53] /i pill
[01/10/2015 23:47:53] /i pill
[01/10/2015 23:47:53] /i pill
[01/10/2015 23:47:53] /i pill
[01/10/2015 23:47:53] /i pill
[01/10/2015 23:47:53] /i pill
[01/10/2015 23:47:53] /i pill
[01/10/2015 23:47:53] /i pill
[01/10/2015 23:47:53] /i pill
[01/10/2015 23:47:53] /i pill
[01/10/2015 23:47:53] /i pill
[01/10/2015 23:47:53] /i pill
[01/10/2015 23:47:53] /i pill
[01/10/2015 23:47:53] /i pill
[01/10/2015 23:47:53] /i pill
[01/10/2015 23:47:54] /i pill
[01/10/2015 23:47:54] /i pill
[01/10/2015 23:47:54] /i pill
[01/10/2015 23:47:54] /i pill
[01/10/2015 23:47:54] /i pill
[01/10/2015 23:47:54] /i pill
[01/10/2015 23:47:54] /i pill
[01/10/2015 23:47:54] /i pill
[01/10/2015 23:47:54] /i pill
[01/10/2015 23:47:54] /i pill
[01/10/2015 23:47:54] /i pill
[01/10/2015 23:47:54] /i pill
[01/10/2015 23:47:54] /i pill
[01/10/2015 23:47:54] /i pill
[01/10/2015 23:47:54] /i pill
[01/10/2015 23:47:54] /i pill
[01/10/2015 23:47:54] /i pill
[01/10/2015 23:47:54] /i pill
[01/10/2015 23:47:54] /i pill
[01/10/2015 23:47:54] /i pill
[01/10/2015 23:47:54] /i pill
[01/10/2015 23:47:54] /i pill
[01/10/2015 23:47:54] /i pill
[01/10/2015 23:47:54] /i pill
[01/10/2015 23:47:54] /i pill
[01/10/2015 23:47:54] /i pill
[01/10/2015 23:47:54] /i pill
[01/10/2015 23:47:54] /i pill
[01/10/2015 23:47:54] /i pill
[01/10/2015 23:47:54] /i pill
[01/10/2015 23:47:54] /i pill
[01/10/2015 23:47:54] /i pill
[01/10/2015 23:47:54] /i pill
[01/10/2015 23:47:54] /i pill
[01/10/2015 23:47:55] /i pill
[01/10/2015 23:47:55] /i pill
[01/10/2015 23:47:55] /i pill
[01/10/2015 23:47:55] /i pill
[01/10/2015 23:47:55] /i pill
[01/10/2015 23:47:55] /i pill
[01/10/2015 23:47:55] /i pill
[01/10/2015 23:47:55] /i pill
[01/10/2015 23:47:55] /i pill
[01/10/2015 23:47:55] /i pill
[01/10/2015 23:47:55] /i pill
[01/10/2015 23:47:55] /i pill
[01/10/2015 23:47:55] /i pill
[01/10/2015 23:47:55] /i pill
[01/10/2015 23:47:55] /i pill
[01/10/2015 23:47:55] /i pill
[01/10/2015 23:47:55] /i pill
[01/10/2015 23:47:55] /i pill
[01/10/2015 23:47:55] /i pill
[01/10/2015 23:47:55] /i pill
[01/10/2015 23:47:55] /i pill
[01/10/2015 23:47:55] /i pill
[01/10/2015 23:47:55] /i pill
[01/10/2015 23:47:55] /i pill
[01/10/2015 23:47:55] /i pill
[01/10/2015 23:47:55] /i pill
[01/10/2015 23:47:55] /i pill
[01/10/2015 23:47:55] /i pill
[01/10/2015 23:47:56] /i pill
[01/10/2015 23:47:56] /i pill
[01/10/2015 23:47:56] /i pill
[01/10/2015 23:47:56] /i pill
[01/10/2015 23:47:56] /i pill
[01/10/2015 23:47:56] /i pill
[01/10/2015 23:47:56] /i pill
[01/10/2015 23:47:56] /i pill
[01/10/2015 23:47:56] /i pill
[01/10/2015 23:47:56] /i pill
[01/10/2015 23:47:56] /i pill
[01/10/2015 23:47:56] /i pill
[01/10/2015 23:47:56] /i pill
[01/10/2015 23:47:56] /i pill
[01/10/2015 23:47:56] /i pill
[01/10/2015 23:47:56] /i pill
[01/10/2015 23:47:56] /i pill
[01/10/2015 23:47:56] /i pill
[01/10/2015 23:47:56] /i pill
[01/10/2015 23:47:56] /i pill
[01/10/2015 23:47:56] /i pill
[01/10/2015 23:47:56] /i pill
[01/10/2015 23:47:56] /i pill
[01/10/2015 23:47:56] /i pill
[01/10/2015 23:47:56] /i pill
[01/10/2015 23:47:56] /i pill
[01/10/2015 23:47:57] /i pill
[01/10/2015 23:47:57] /i pill
[01/10/2015 23:47:57] /i pill
[01/10/2015 23:47:57] /i pill
[01/10/2015 23:47:57] /i pill
[01/10/2015 23:47:57] /i pill
[01/10/2015 23:47:57] /i pill
[01/10/2015 23:47:57] /i pill
[01/10/2015 23:47:57] /i pill
[01/10/2015 23:47:57] /i pill
[01/10/2015 23:47:57] /i pill
[01/10/2015 23:47:57] /i pill
[01/10/2015 23:47:57] /i pill
[01/10/2015 23:47:57] /i pill
[01/10/2015 23:47:57] /i pill
[01/10/2015 23:47:57] /i pill
[01/10/2015 23:47:57] /i pill
[01/10/2015 23:47:57] /i pill
[01/10/2015 23:47:57] /i pill
[01/10/2015 23:47:57] /i pill
[01/10/2015 23:47:57] /i pill
[01/10/2015 23:47:57] /i pill
[01/10/2015 23:47:57] /i pill
[01/10/2015 23:47:57] /i pill
[01/10/2015 23:47:58] /i pill
[01/10/2015 23:47:58] /i pill
[01/10/2015 23:47:58] /i pill
[01/10/2015 23:47:58] /i pill
[01/10/2015 23:47:58] /i pill
[01/10/2015 23:47:58] /i pill
[01/10/2015 23:47:58] /i pill
[01/10/2015 23:47:58] /i pill
[01/10/2015 23:47:58] /i pill
[01/10/2015 23:47:58] /i pill
[01/10/2015 23:47:58] /i pill
[01/10/2015 23:47:58] /i pill
[01/10/2015 23:47:58] /i pill
[01/10/2015 23:47:58] /i pill
[01/10/2015 23:47:58] /i pill
[01/10/2015 23:47:58] /i pill
[01/10/2015 23:47:58] /i pill
[01/10/2015 23:47:58] /i pill
[01/10/2015 23:47:58] /i pill
[01/10/2015 23:47:58] /i pill
[01/10/2015 23:47:58] /i pill
[01/10/2015 23:47:58] /i pill
[01/10/2015 23:47:58] /i pill
[01/10/2015 23:47:58] /i pill
[01/10/2015 23:47:58] /i pill
[01/10/2015 23:47:58] /i pill
[01/10/2015 23:47:58] /i pill
[01/10/2015 23:47:58] /i pill
[01/10/2015 23:47:58] /i pill
[01/10/2015 23:47:58] /i pill
[01/10/2015 23:47:58] /i pill
[01/10/2015 23:47:58] /i pill
[01/10/2015 23:47:58] /i pill
[01/10/2015 23:47:58] /i pill
[01/10/2015 23:47:59] /i pill
[01/10/2015 23:47:59] /i pill
[01/10/2015 23:47:59] /i pill
[01/10/2015 23:47:59] /i pill
[01/10/2015 23:47:59] /i pill
[01/10/2015 23:47:59] /i pill
[01/10/2015 23:47:59] /i pill
[01/10/2015 23:47:59] /i pill
[01/10/2015 23:47:59] /i pill
[01/10/2015 23:47:59] /i pill
[01/10/2015 23:47:59] /i pill
[01/10/2015 23:47:59] /i pill
[01/10/2015 23:47:59] /i pill
[01/10/2015 23:47:59] /i pill
[01/10/2015 23:47:59] /i pill
[01/10/2015 23:47:59] /i pill
[01/10/2015 23:47:59] /i pill
[01/10/2015 23:47:59] /i pill
[01/10/2015 23:47:59] /i pill
[01/10/2015 23:47:59] /i pill
[01/10/2015 23:47:59] /i pill
[01/10/2015 23:47:59] /i pill
[01/10/2015 23:47:59] /i pill
[01/10/2015 23:47:59] /i pill
[01/10/2015 23:47:59] /i pill
[01/10/2015 23:47:59] /i pill
[01/10/2015 23:47:59] /i pill
[01/10/2015 23:47:59] /i pill
[01/10/2015 23:48:00] /i pill
[01/10/2015 23:48:00] /i pill
[01/10/2015 23:48:00] /i pill
[01/10/2015 23:48:00] /i pill
[01/10/2015 23:48:00] /i pill
[01/10/2015 23:48:00] /i pill
[01/10/2015 23:48:00] /i pill
[01/10/2015 23:48:00] /i pill
[01/10/2015 23:48:00] /i pill
[01/10/2015 23:48:00] /i pill
[01/10/2015 23:48:00] /i pill
[01/10/2015 23:48:00] /i pill
[01/10/2015 23:48:00] /i pill
[01/10/2015 23:48:00] /i pill
[01/10/2015 23:48:00] /i pill
[01/10/2015 23:48:00] /i pill
[01/10/2015 23:48:00] /i pill
[01/10/2015 23:48:00] /i pill
[01/10/2015 23:48:00] /i pill
[01/10/2015 23:48:00] /i pill
[01/10/2015 23:48:00] /i pill
[01/10/2015 23:48:00] /i pill
[01/10/2015 23:48:00] /i pill
[01/10/2015 23:48:00] /i pill
[01/10/2015 23:48:00] /i pill
[01/10/2015 23:48:00] /i pill
[01/10/2015 23:48:00] /i pill
[01/10/2015 23:48:01] /i pill
[01/10/2015 23:48:01] /i pill
[01/10/2015 23:48:01] /i pill
[01/10/2015 23:48:01] /i pill
[01/10/2015 23:48:01] /i pill
[01/10/2015 23:48:01] /i pill
[01/10/2015 23:48:01] /i pill
[01/10/2015 23:48:01] /i pill
[01/10/2015 23:48:01] /i pill
[01/10/2015 23:48:01] /i pill
[01/10/2015 23:48:01] /i pill
[01/10/2015 23:48:01] /i pill
[01/10/2015 23:48:01] /i pill
[01/10/2015 23:48:01] /i pill
[01/10/2015 23:48:01] /i pill
[01/10/2015 23:48:01] /i pill
[01/10/2015 23:48:01] /i pill
[01/10/2015 23:48:01] /i pill
[01/10/2015 23:48:01] /i pill
[01/10/2015 23:48:01] /i pill
[01/10/2015 23:48:01] /i pill
[01/10/2015 23:48:01] /i pill
[01/10/2015 23:48:01] /i pill
[01/10/2015 23:48:01] /i pill
[01/10/2015 23:48:01] /i pill
[01/10/2015 23:48:01] /i pill
[01/10/2015 23:48:01] /i pill
[01/10/2015 23:48:01] /i pill
[01/10/2015 23:48:02] /i pill
[01/10/2015 23:48:02] /i pill
[01/10/2015 23:48:02] /i pill
[01/10/2015 23:48:02] /i pill
[01/10/2015 23:48:02] /i pill
[01/10/2015 23:48:02] /i pill
[01/10/2015 23:48:02] /i pill
[01/10/2015 23:48:02] /i pill
[01/10/2015 23:48:02] /i pill
[01/10/2015 23:48:02] /i pill
[01/10/2015 23:48:02] /i pill
[01/10/2015 23:48:02] /i pill
[01/10/2015 23:48:02] /i pill
[01/10/2015 23:48:02] /i pill
[01/10/2015 23:48:02] /i pill
[01/10/2015 23:48:02] /i pill
[01/10/2015 23:48:02] /i pill
[01/10/2015 23:48:02] /i pill
[01/10/2015 23:48:02] /i pill
[01/10/2015 23:48:02] /i pill
[01/10/2015 23:48:02] /i pill
[01/10/2015 23:48:02] /i pill
[01/10/2015 23:48:02] /i pill
[01/10/2015 23:48:02] /i pill
[01/10/2015 23:48:02] /i pill
[01/10/2015 23:48:02] /i pill
[01/10/2015 23:48:03] /i pill
[01/10/2015 23:48:06] /i tobi mask
[01/10/2015 23:48:16] /i tobi mask
[01/10/2015 23:48:30] /i geta shoes
[01/10/2015 23:48:33] /i geta shoes
[01/10/2015 23:48:38] /i jiraya shoes
[01/10/2015 23:48:43] /i jiraya shoes
[01/10/2015 23:48:49] /i jiraya boots
[01/10/2015 23:49:05] /i pet box
[01/10/2015 23:49:06] /i pet box
[01/10/2015 23:49:07] /i pet box
[01/10/2015 23:49:16] /i jiraya boots
[01/10/2015 23:49:18] /i pet box
[01/10/2015 23:49:19] /i pet box
[01/10/2015 23:49:20] /i pet box
[01/10/2015 23:49:21] /i pet box
[01/10/2015 23:49:33] /i akatsuki ring
[01/10/2015 23:49:36] /i akatsuki ring
[01/10/2015 23:49:45] /i akatsuki ring
[01/10/2015 23:49:46] /i akatsuki ring
[01/10/2015 23:49:46] /i akatsuki ring
[01/10/2015 23:49:46] /i akatsuki ring
[01/10/2015 23:49:46] /i akatsuki ring
[01/10/2015 23:49:46] /i akatsuki ring
[01/10/2015 23:49:46] /i akatsuki ring
[01/10/2015 23:49:46] /i akatsuki ring
[01/10/2015 23:49:46] /i akatsuki ring
[01/10/2015 23:49:46] /i akatsuki ring
[01/10/2015 23:49:46] /i akatsuki ring
[01/10/2015 23:49:46] /i akatsuki ring
[01/10/2015 23:49:46] /i akatsuki ring
[01/10/2015 23:49:46] /i akatsuki ring
[01/10/2015 23:49:46] /i akatsuki ring
[01/10/2015 23:49:46] /i akatsuki ring
[01/10/2015 23:49:46] /i akatsuki ring
[01/10/2015 23:49:46] /i akatsuki ring
[01/10/2015 23:49:47] /i akatsuki ring
[01/10/2015 23:49:47] /i akatsuki ring
[01/10/2015 23:49:47] /i akatsuki ring
[01/10/2015 23:49:47] /i akatsuki ring
[01/10/2015 23:49:47] /i akatsuki ring
[01/10/2015 23:49:47] /i akatsuki ring
[01/10/2015 23:49:47] /i akatsuki ring
[01/10/2015 23:49:47] /i akatsuki ring
[01/10/2015 23:49:47] /i akatsuki ring
[01/10/2015 23:49:47] /i akatsuki ring
[01/10/2015 23:49:47] /i akatsuki ring
[01/10/2015 23:49:47] /i akatsuki ring
[01/10/2015 23:49:47] /i akatsuki ring
[01/10/2015 23:49:47] /i akatsuki ring
[01/10/2015 23:49:47] /i akatsuki ring
[01/10/2015 23:49:47] /i akatsuki ring
[01/10/2015 23:49:47] /i akatsuki ring
[01/10/2015 23:49:47] /i akatsuki ring
[01/10/2015 23:49:47] /i akatsuki ring
[01/10/2015 23:49:47] /i akatsuki ring
[01/10/2015 23:49:47] /i akatsuki ring
[01/10/2015 23:49:47] /i akatsuki ring
[01/10/2015 23:49:47] /i akatsuki ring
[01/10/2015 23:49:47] /i akatsuki ring
[01/10/2015 23:49:47] /i akatsuki ring
[01/10/2015 23:49:47] /i akatsuki ring
[01/10/2015 23:49:47] /i akatsuki ring
[01/10/2015 23:49:47] /i akatsuki ring
[01/10/2015 23:49:47] /i akatsuki ring
[01/10/2015 23:49:47] /i akatsuki ring
[01/10/2015 23:49:47] /i akatsuki ring
[01/10/2015 23:49:47] /i akatsuki ring
[01/10/2015 23:49:47] /i akatsuki ring
[01/10/2015 23:49:48] /i akatsuki ring
[01/10/2015 23:49:48] /i akatsuki ring
[01/10/2015 23:49:48] /i akatsuki ring
[01/10/2015 23:49:48] /i akatsuki ring
[01/10/2015 23:49:48] /i akatsuki ring
[01/10/2015 23:49:48] /i akatsuki ring
[01/10/2015 23:49:48] /i akatsuki ring
[01/10/2015 23:49:48] /i akatsuki ring
[01/10/2015 23:49:48] /i akatsuki ring
[01/10/2015 23:49:48] /i akatsuki ring
[01/10/2015 23:49:48] /i akatsuki ring
[01/10/2015 23:49:48] /i akatsuki ring
[01/10/2015 23:49:48] /i akatsuki ring
[01/10/2015 23:49:48] /i akatsuki ring
[01/10/2015 23:49:48] /i akatsuki ring
[01/10/2015 23:49:48] /i akatsuki ring
[01/10/2015 23:49:48] /i akatsuki ring
[01/10/2015 23:49:48] /i akatsuki ring
[01/10/2015 23:49:48] /i akatsuki ring
[01/10/2015 23:49:48] /i akatsuki ring
[01/10/2015 23:49:48] /i akatsuki ring
[01/10/2015 23:49:48] /i akatsuki ring
[01/10/2015 23:49:48] /i akatsuki ring
[01/10/2015 23:49:48] /i akatsuki ring
[01/10/2015 23:49:49] /i akatsuki ring
[01/10/2015 23:49:49] /i akatsuki ring
[01/10/2015 23:49:49] /i akatsuki ring
[01/10/2015 23:49:49] /i akatsuki ring
[01/10/2015 23:49:49] /i akatsuki ring
[01/10/2015 23:49:49] /i akatsuki ring
[01/10/2015 23:49:49] /i akatsuki ring
[01/10/2015 23:49:49] /i akatsuki ring
[01/10/2015 23:49:49] /i akatsuki ring
[01/10/2015 23:49:49] /i akatsuki ring
[01/10/2015 23:49:49] /i akatsuki ring
[01/10/2015 23:49:49] /i akatsuki ring
[01/10/2015 23:49:49] /i akatsuki ring
[01/10/2015 23:49:49] /i akatsuki ring
[01/10/2015 23:49:49] /i akatsuki ring
[01/10/2015 23:49:49] /i akatsuki ring
[01/10/2015 23:49:49] /i akatsuki ring
[01/10/2015 23:49:49] /i akatsuki ring
[01/10/2015 23:49:49] /i akatsuki ring
[01/10/2015 23:49:49] /i akatsuki ring
[01/10/2015 23:49:49] /i akatsuki ring
[01/10/2015 23:49:49] /i akatsuki ring
[01/10/2015 23:49:49] /i akatsuki ring
[01/10/2015 23:49:49] /i akatsuki ring
[01/10/2015 23:49:49] /i akatsuki ring
[01/10/2015 23:49:49] /i akatsuki ring
[01/10/2015 23:49:49] /i akatsuki ring
[01/10/2015 23:49:49] /i akatsuki ring
[01/10/2015 23:49:49] /i akatsuki ring
[01/10/2015 23:49:49] /i akatsuki ring
[01/10/2015 23:49:49] /i akatsuki ring
[01/10/2015 23:49:50] /i akatsuki ring
[01/10/2015 23:49:50] /i akatsuki ring
[01/10/2015 23:49:50] /i akatsuki ring
[01/10/2015 23:49:50] /i akatsuki ring
[01/10/2015 23:49:50] /i akatsuki ring
[01/10/2015 23:49:50] /i akatsuki ring
[01/10/2015 23:49:50] /i akatsuki ring
[01/10/2015 23:49:50] /i akatsuki ring
[01/10/2015 23:49:50] /i akatsuki ring
[01/10/2015 23:49:50] /i akatsuki ring
[01/10/2015 23:49:50] /i akatsuki ring
[01/10/2015 23:49:50] /i akatsuki ring
[01/10/2015 23:49:50] /i akatsuki ring
[01/10/2015 23:49:50] /i akatsuki ring
[01/10/2015 23:49:50] /i akatsuki ring
[01/10/2015 23:49:50] /i akatsuki ring
[01/10/2015 23:49:50] /i akatsuki ring
[01/10/2015 23:49:50] /i akatsuki ring
[01/10/2015 23:49:50] /i akatsuki ring
[01/10/2015 23:49:50] /i akatsuki ring
[01/10/2015 23:49:50] /i akatsuki ring
[01/10/2015 23:49:50] /i akatsuki ring
[01/10/2015 23:49:50] /i akatsuki ring
[01/10/2015 23:49:50] /i akatsuki ring
[01/10/2015 23:49:50] /i akatsuki ring
[01/10/2015 23:49:50] /i akatsuki ring
[01/10/2015 23:49:50] /i akatsuki ring
[01/10/2015 23:49:50] /i akatsuki ring
[01/10/2015 23:49:51] /i akatsuki ring
[01/10/2015 23:49:51] /i akatsuki ring
[01/10/2015 23:49:51] /i akatsuki ring
[01/10/2015 23:49:51] /i akatsuki ring
[01/10/2015 23:49:51] /i akatsuki ring
[01/10/2015 23:49:51] /i akatsuki ring
[01/10/2015 23:49:51] /i akatsuki ring
[01/10/2015 23:49:51] /i akatsuki ring
[01/10/2015 23:49:51] /i akatsuki ring
[01/10/2015 23:49:51] /i akatsuki ring
[01/10/2015 23:49:51] /i akatsuki ring
[01/10/2015 23:49:51] /i akatsuki ring
[01/10/2015 23:49:51] /i akatsuki ring
[01/10/2015 23:49:51] /i akatsuki ring
[01/10/2015 23:49:51] /i akatsuki ring
[01/10/2015 23:49:51] /i akatsuki ring
[01/10/2015 23:49:51] /i akatsuki ring
[01/10/2015 23:49:51] /i akatsuki ring
[01/10/2015 23:49:51] /i akatsuki ring
[01/10/2015 23:49:51] /i akatsuki ring
[01/10/2015 23:49:51] /i akatsuki ring
[01/10/2015 23:49:51] /i akatsuki ring
[01/10/2015 23:49:51] /i akatsuki ring
[01/10/2015 23:49:52] /i akatsuki ring
[01/10/2015 23:49:52] /i akatsuki ring
[01/10/2015 23:49:52] /i akatsuki ring
[01/10/2015 23:49:52] /i akatsuki ring
[01/10/2015 23:49:52] /i akatsuki ring
[01/10/2015 23:49:52] /i akatsuki ring
[01/10/2015 23:49:52] /i akatsuki ring
[01/10/2015 23:49:52] /i akatsuki ring
[01/10/2015 23:49:52] /i akatsuki ring
[01/10/2015 23:49:52] /i akatsuki ring
[01/10/2015 23:49:52] /i akatsuki ring
[01/10/2015 23:49:52] /i akatsuki ring
[01/10/2015 23:49:52] /i akatsuki ring
[01/10/2015 23:49:52] /i akatsuki ring
[01/10/2015 23:49:53] /i akatsuki ring
[01/10/2015 23:49:53] /i akatsuki ring
[01/10/2015 23:49:53] /i akatsuki ring
[01/10/2015 23:49:53] /i akatsuki ring
[01/10/2015 23:49:53] /i akatsuki ring
[01/10/2015 23:49:53] /i akatsuki ring
[01/10/2015 23:49:53] /i akatsuki ring
[01/10/2015 23:49:53] /i akatsuki ring
[01/10/2015 23:49:53] /i akatsuki ring
[01/10/2015 23:49:53] /i akatsuki ring
[01/10/2015 23:49:53] /i akatsuki ring
[01/10/2015 23:49:53] /i akatsuki ring
[01/10/2015 23:49:53] /i akatsuki ring
[01/10/2015 23:49:53] /i akatsuki ring
[01/10/2015 23:49:53] /i akatsuki ring
[01/10/2015 23:49:53] /i akatsuki ring
[01/10/2015 23:49:53] /i akatsuki ring
[01/10/2015 23:49:53] /i akatsuki ring
[01/10/2015 23:49:53] /i akatsuki ring
[01/10/2015 23:49:53] /i akatsuki ring
[01/10/2015 23:49:53] /i akatsuki ring
[01/10/2015 23:49:53] /i akatsuki ring
[01/10/2015 23:49:53] /i akatsuki ring
[01/10/2015 23:49:53] /i akatsuki ring
[01/10/2015 23:49:53] /i akatsuki ring
[01/10/2015 23:49:53] /i akatsuki ring
[01/10/2015 23:49:53] /i akatsuki ring
[01/10/2015 23:49:53] /i akatsuki ring
[01/10/2015 23:49:54] /i akatsuki ring
[01/10/2015 23:49:54] /i akatsuki ring
[01/10/2015 23:49:54] /i akatsuki ring
[01/10/2015 23:49:54] /i akatsuki ring
[01/10/2015 23:49:54] /i akatsuki ring
[01/10/2015 23:49:54] /i akatsuki ring
[01/10/2015 23:49:54] /i akatsuki ring
[01/10/2015 23:49:54] /i akatsuki ring
[01/10/2015 23:49:54] /i akatsuki ring
[01/10/2015 23:49:54] /i akatsuki ring
[01/10/2015 23:49:54] /i akatsuki ring
[01/10/2015 23:49:54] /i akatsuki ring
[01/10/2015 23:49:54] /i akatsuki ring
[01/10/2015 23:49:54] /i akatsuki ring
[01/10/2015 23:49:54] /i akatsuki ring
[01/10/2015 23:49:54] /i akatsuki ring
[01/10/2015 23:49:54] /i akatsuki ring
[01/10/2015 23:49:54] /i akatsuki ring
[01/10/2015 23:49:54] /i akatsuki ring
[01/10/2015 23:49:54] /i akatsuki ring
[01/10/2015 23:49:54] /i akatsuki ring
[01/10/2015 23:49:54] /i akatsuki ring
[01/10/2015 23:49:54] /i akatsuki ring
[01/10/2015 23:49:54] /i akatsuki ring
[01/10/2015 23:49:54] /i akatsuki ring
[01/10/2015 23:49:54] /i akatsuki ring
[01/10/2015 23:49:54] /i akatsuki ring
[01/10/2015 23:49:55] /i akatsuki ring
[01/10/2015 23:49:55] /i akatsuki ring
[01/10/2015 23:49:55] /i akatsuki ring
[01/10/2015 23:49:55] /i akatsuki ring
[01/10/2015 23:49:55] /i akatsuki ring
[01/10/2015 23:49:55] /i akatsuki ring
[01/10/2015 23:49:55] /i akatsuki ring
[01/10/2015 23:49:55] /i akatsuki ring
[01/10/2015 23:49:55] /i akatsuki ring
[01/10/2015 23:49:55] /i akatsuki ring
[01/10/2015 23:49:55] /i akatsuki ring
[01/10/2015 23:49:55] /i akatsuki ring
[01/10/2015 23:49:55] /i akatsuki ring
[01/10/2015 23:49:55] /i akatsuki ring
[01/10/2015 23:49:55] /i akatsuki ring
[01/10/2015 23:49:55] /i akatsuki ring
[01/10/2015 23:49:55] /i akatsuki ring
[01/10/2015 23:49:55] /i akatsuki ring
[01/10/2015 23:49:55] /i akatsuki ring
[01/10/2015 23:49:55] /i akatsuki ring
[01/10/2015 23:49:55] /i akatsuki ring
[01/10/2015 23:49:55] /i akatsuki ring
[01/10/2015 23:49:55] /i akatsuki ring
[01/10/2015 23:49:55] /i akatsuki ring
[01/10/2015 23:49:55] /i akatsuki ring
[01/10/2015 23:49:55] /i akatsuki ring
[01/10/2015 23:49:55] /i akatsuki ring
[01/10/2015 23:49:56] /i akatsuki ring
[01/10/2015 23:49:56] /i akatsuki ring
[01/10/2015 23:49:56] /i akatsuki ring
[01/10/2015 23:49:56] /i akatsuki ring
[01/10/2015 23:49:56] /i akatsuki ring
[01/10/2015 23:49:56] /i akatsuki ring
[01/10/2015 23:49:56] /i akatsuki ring
[01/10/2015 23:49:56] /i akatsuki ring
[01/10/2015 23:49:56] /i akatsuki ring
[01/10/2015 23:49:56] /i akatsuki ring
[01/10/2015 23:49:56] /i akatsuki ring
[01/10/2015 23:49:56] /i akatsuki ring
[01/10/2015 23:49:56] /i akatsuki ring
[01/10/2015 23:49:56] /i akatsuki ring
[01/10/2015 23:49:56] /i akatsuki ring
[01/10/2015 23:49:56] /i akatsuki ring
[01/10/2015 23:49:56] /i akatsuki ring
[01/10/2015 23:49:56] /i akatsuki ring
[01/10/2015 23:49:56] /i akatsuki ring
[01/10/2015 23:49:56] /i akatsuki ring
[01/10/2015 23:49:56] /i akatsuki ring
[01/10/2015 23:49:56] /i akatsuki ring
[01/10/2015 23:49:56] /i akatsuki ring
[01/10/2015 23:49:56] /i akatsuki ring
[01/10/2015 23:49:56] /i akatsuki ring
[01/10/2015 23:49:56] /i akatsuki ring
[01/10/2015 23:49:56] /i akatsuki ring
[01/10/2015 23:49:56] /i akatsuki ring
[01/10/2015 23:49:57] /i akatsuki ring
[01/10/2015 23:49:57] /i akatsuki ring
[01/10/2015 23:49:57] /i akatsuki ring
[01/10/2015 23:49:57] /i akatsuki ring
[01/10/2015 23:49:57] /i akatsuki ring
[01/10/2015 23:49:57] /i akatsuki ring
[01/10/2015 23:49:57] /i akatsuki ring
[01/10/2015 23:49:57] /i akatsuki ring
[01/10/2015 23:49:57] /i akatsuki ring
[01/10/2015 23:49:57] /i akatsuki ring
[01/10/2015 23:49:57] /i akatsuki ring
[01/10/2015 23:49:57] /i akatsuki ring
[01/10/2015 23:49:57] /i akatsuki ring
[01/10/2015 23:49:57] /i akatsuki ring
[01/10/2015 23:49:57] /i akatsuki ring
[01/10/2015 23:49:57] /i akatsuki ring
[01/10/2015 23:49:57] /i akatsuki ring
[01/10/2015 23:49:57] /i akatsuki ring
[01/10/2015 23:49:57] /i akatsuki ring
[01/10/2015 23:49:57] /i akatsuki ring
[01/10/2015 23:49:57] /i akatsuki ring
[01/10/2015 23:49:57] /i akatsuki ring
[01/10/2015 23:49:57] /i akatsuki ring
[01/10/2015 23:49:57] /i akatsuki ring
[01/10/2015 23:49:57] /i akatsuki ring
[01/10/2015 23:49:57] /i akatsuki ring
[01/10/2015 23:49:58] /i akatsuki ring
[01/10/2015 23:49:58] /i akatsuki ring
[01/10/2015 23:49:58] /i akatsuki ring
[01/10/2015 23:49:58] /i akatsuki ring
[01/10/2015 23:49:58] /i akatsuki ring
[01/10/2015 23:49:58] /i akatsuki ring
[01/10/2015 23:49:58] /i akatsuki ring
[01/10/2015 23:49:58] /i akatsuki ring
[01/10/2015 23:49:58] /i akatsuki ring
[01/10/2015 23:49:58] /i akatsuki ring
[01/10/2015 23:49:58] /i akatsuki ring
[01/10/2015 23:49:58] /i akatsuki ring
[01/10/2015 23:49:58] /i akatsuki ring
[01/10/2015 23:49:59] /i akatsuki ring
[01/10/2015 23:49:59] /i akatsuki ring
[01/10/2015 23:49:59] /i akatsuki ring
[01/10/2015 23:49:59] /i akatsuki ring
[01/10/2015 23:49:59] /i akatsuki ring
[01/10/2015 23:49:59] /i akatsuki ring
[01/10/2015 23:49:59] /i akatsuki ring
[01/10/2015 23:49:59] /i akatsuki ring
[01/10/2015 23:49:59] /i akatsuki ring
[01/10/2015 23:49:59] /i akatsuki ring
[01/10/2015 23:49:59] /i akatsuki ring
[01/10/2015 23:49:59] /i akatsuki ring
[01/10/2015 23:49:59] /i akatsuki ring
[01/10/2015 23:49:59] /i akatsuki ring
[01/10/2015 23:49:59] /i akatsuki ring
[01/10/2015 23:49:59] /i akatsuki ring
[01/10/2015 23:49:59] /i akatsuki ring
[01/10/2015 23:49:59] /i akatsuki ring
[01/10/2015 23:49:59] /i akatsuki ring
[01/10/2015 23:49:59] /i akatsuki ring
[01/10/2015 23:49:59] /i akatsuki ring
[01/10/2015 23:49:59] /i akatsuki ring
[01/10/2015 23:49:59] /i akatsuki ring
[01/10/2015 23:49:59] /i akatsuki ring
[01/10/2015 23:49:59] /i akatsuki ring
[01/10/2015 23:49:59] /i akatsuki ring
[01/10/2015 23:50:00] /i akatsuki ring
[01/10/2015 23:50:00] /i akatsuki ring
[01/10/2015 23:50:00] /i akatsuki ring
[01/10/2015 23:50:00] /i akatsuki ring
[01/10/2015 23:50:00] /i akatsuki ring
[01/10/2015 23:50:00] /i akatsuki ring
[01/10/2015 23:50:00] /i akatsuki ring
[01/10/2015 23:50:00] /i akatsuki ring
[01/10/2015 23:50:00] /i akatsuki ring
[01/10/2015 23:50:00] /i akatsuki ring
[01/10/2015 23:50:00] /i akatsuki ring
[01/10/2015 23:50:00] /i akatsuki ring
[01/10/2015 23:50:00] /i akatsuki ring
[01/10/2015 23:50:00] /i akatsuki ring
[01/10/2015 23:50:00] /i akatsuki ring
[01/10/2015 23:50:00] /i akatsuki ring
[01/10/2015 23:50:00] /i akatsuki ring
[01/10/2015 23:50:00] /i akatsuki ring
[01/10/2015 23:50:00] /i akatsuki ring
[01/10/2015 23:50:00] /i akatsuki ring
[01/10/2015 23:50:00] /i akatsuki ring
[01/10/2015 23:50:00] /i akatsuki ring
[01/10/2015 23:50:00] /i akatsuki ring
[01/10/2015 23:50:00] /i akatsuki ring
[01/10/2015 23:50:00] /i akatsuki ring
[01/10/2015 23:50:00] /i akatsuki ring
[01/10/2015 23:50:00] /i akatsuki ring
[01/10/2015 23:50:00] /i akatsuki ring
[01/10/2015 23:50:00] /i akatsuki ring
[01/10/2015 23:50:00] /i akatsuki ring
[01/10/2015 23:50:00] /i akatsuki ring
[01/10/2015 23:50:00] /i akatsuki ring
[01/10/2015 23:50:00] /i akatsuki ring
[01/10/2015 23:50:01] /i akatsuki ring
[01/10/2015 23:50:01] /i akatsuki ring
[01/10/2015 23:50:01] /i akatsuki ring
[01/10/2015 23:50:01] /i akatsuki ring
[01/10/2015 23:50:01] /i akatsuki ring
[01/10/2015 23:50:01] /i akatsuki ring
[01/10/2015 23:50:01] /i akatsuki ring
[01/10/2015 23:50:01] /i akatsuki ring
[01/10/2015 23:50:01] /i akatsuki ring
[01/10/2015 23:50:01] /i akatsuki ring
[01/10/2015 23:50:01] /i akatsuki ring
[01/10/2015 23:50:01] /i akatsuki ring
[01/10/2015 23:50:01] /i akatsuki ring
[01/10/2015 23:50:01] /i akatsuki ring
[01/10/2015 23:50:01] /i akatsuki ring
[01/10/2015 23:50:01] /i akatsuki ring
[01/10/2015 23:50:01] /i akatsuki ring
[01/10/2015 23:50:02] /i akatsuki ring
[01/10/2015 23:50:02] /i akatsuki ring
[01/10/2015 23:50:02] /i akatsuki ring
[01/10/2015 23:50:02] /i akatsuki ring
[01/10/2015 23:50:02] /i akatsuki ring
[01/10/2015 23:50:02] /i akatsuki ring
[01/10/2015 23:50:02] /i akatsuki ring
[01/10/2015 23:50:02] /i akatsuki ring
[01/10/2015 23:50:02] /i akatsuki ring
[01/10/2015 23:50:02] /i akatsuki ring
[01/10/2015 23:50:02] /i akatsuki ring
[01/10/2015 23:50:02] /i akatsuki ring
[01/10/2015 23:50:02] /i akatsuki ring
[01/10/2015 23:50:02] /i akatsuki ring
[01/10/2015 23:50:02] /i akatsuki ring
[01/10/2015 23:50:02] /i akatsuki ring
[01/10/2015 23:50:02] /i akatsuki ring
[01/10/2015 23:50:02] /i akatsuki ring
[01/10/2015 23:50:03] /i akatsuki ring
[01/10/2015 23:50:03] /i akatsuki ring
[01/10/2015 23:50:03] /i akatsuki ring
[01/10/2015 23:50:03] /i akatsuki ring
[01/10/2015 23:50:03] /i akatsuki ring
[01/10/2015 23:50:03] /i akatsuki ring
[01/10/2015 23:50:03] /i akatsuki ring
[01/10/2015 23:50:03] /i akatsuki ring
[01/10/2015 23:50:03] /i akatsuki ring
[01/10/2015 23:50:03] /i akatsuki ring
[01/10/2015 23:50:03] /i akatsuki ring
[01/10/2015 23:50:03] /i akatsuki ring
[01/10/2015 23:50:03] /i akatsuki ring
[01/10/2015 23:50:03] /i akatsuki ring
[01/10/2015 23:50:03] /i akatsuki ring
[01/10/2015 23:50:03] /i akatsuki ring
[01/10/2015 23:50:03] /i akatsuki ring
[01/10/2015 23:50:03] /i akatsuki ring
[01/10/2015 23:50:03] /i akatsuki ring
[01/10/2015 23:50:03] /i akatsuki ring
[01/10/2015 23:50:03] /i akatsuki ring
[01/10/2015 23:50:03] /i akatsuki ring
[01/10/2015 23:50:03] /i akatsuki ring
[01/10/2015 23:50:03] /i akatsuki ring
[01/10/2015 23:50:03] /i akatsuki ring
[01/10/2015 23:50:03] /i akatsuki ring
[01/10/2015 23:50:04] /i akatsuki ring
[01/10/2015 23:50:04] /i akatsuki ring
[01/10/2015 23:50:04] /i akatsuki ring
[01/10/2015 23:50:04] /i akatsuki ring
[01/10/2015 23:50:04] /i akatsuki ring
[01/10/2015 23:50:04] /i akatsuki ring
[01/10/2015 23:50:04] /i akatsuki ring
[01/10/2015 23:50:04] /i akatsuki ring
[01/10/2015 23:50:04] /i akatsuki ring
[01/10/2015 23:50:04] /i akatsuki ring
[01/10/2015 23:50:04] /i akatsuki ring
[01/10/2015 23:50:04] /i akatsuki ring
[01/10/2015 23:50:04] /i akatsuki ring
[01/10/2015 23:50:04] /i akatsuki ring
[01/10/2015 23:50:04] /i akatsuki ring
[01/10/2015 23:50:04] /i akatsuki ring
[01/10/2015 23:50:04] /i akatsuki ring
[01/10/2015 23:50:04] /i akatsuki ring
[01/10/2015 23:50:04] /i akatsuki ring
[01/10/2015 23:50:04] /i akatsuki ring
[01/10/2015 23:50:04] /i akatsuki ring
[01/10/2015 23:50:04] /i akatsuki ring
[01/10/2015 23:50:04] /i akatsuki ring
[01/10/2015 23:50:04] /i akatsuki ring
[01/10/2015 23:50:04] /i akatsuki ring
[01/10/2015 23:50:04] /i akatsuki ring
[01/10/2015 23:50:04] /i akatsuki ring
[01/10/2015 23:50:04] /i akatsuki ring
[01/10/2015 23:50:04] /i akatsuki ring
[01/10/2015 23:50:04] /i akatsuki ring
[01/10/2015 23:50:04] /i akatsuki ring
[01/10/2015 23:50:05] /i akatsuki ring
[01/10/2015 23:50:20] /i healing scroll
[01/10/2015 23:50:31] /i tsunade shirt
[01/10/2015 23:50:35] /i tsunade shirt
[01/10/2015 23:50:58] /i jiraya shirt
[01/10/2015 23:51:05] /i jiraya shirt
[01/10/2015 23:51:20] /i orochimaro shirt
[01/10/2015 23:51:24] /i orochimaru shirt
[01/10/2015 23:51:25] /i orochimaru shirt
[01/10/2015 23:52:05] /m cursed skeleton
[01/10/2015 23:52:07] /m nervous wolf
[01/10/2015 23:52:08] /m nervous wolf
[01/10/2015 23:52:08] /m cursed skeleton
[01/10/2015 23:52:09] /m cursed skeleton
[01/10/2015 23:52:10] /m nervous wolf
[01/10/2015 23:52:12] /m cursed skeleton
[01/10/2015 23:52:15] /m cursed skeleton
[01/10/2015 23:52:15] /m cursed skeleton
[01/10/2015 23:52:16] /m nervous wolf
[01/10/2015 23:52:16] /m nervous wolf
[01/10/2015 23:52:16] /m cursed skeleton
[01/10/2015 23:52:17] /m cursed skeleton
[01/10/2015 23:52:18] /m cursed skeleton
[01/10/2015 23:52:21] /m samurai
[01/10/2015 23:52:25] /m cursed skeleton
[01/10/2015 23:52:26] /m cursed skeleton
[01/10/2015 23:52:26] /m nervous wolf
[01/10/2015 23:52:27] /m cursed skeleton
[01/10/2015 23:52:29] /m cursed skeleton
[01/10/2015 23:52:30] /m nervous wolf
[01/10/2015 23:52:30] /m cursed skeleton
[01/10/2015 23:52:30] /m nervous wolf
[01/10/2015 23:52:31] /m nervous wolf
[01/10/2015 23:52:31] /m cursed skeleton
[01/10/2015 23:52:33] /m cursed skeleton
[01/10/2015 23:52:34] /m cursed skeleton
[01/10/2015 23:52:34] /m nervous wolf
[01/10/2015 23:52:37] /m samurai
[01/10/2015 23:52:41] /i healing scroll
[01/10/2015 23:52:42] /m cursed skeleton
[01/10/2015 23:52:43] /m nervous wolf
[01/10/2015 23:52:43] /m cursed skeleton
[01/10/2015 23:52:43] /m nervous wolf
[01/10/2015 23:52:46] /m cursed skeleton
[01/10/2015 23:52:46] /m nervous wolf
[01/10/2015 23:52:47] /m cursed skeleton
[01/10/2015 23:52:47] /m nervous wolf
[01/10/2015 23:52:48] /m cursed skeleton
[01/10/2015 23:52:48] /m nervous wolf
[01/10/2015 23:52:53] /m vampire
[01/10/2015 23:52:54] /m vampire
[01/10/2015 23:52:57] /m vampire
[01/10/2015 23:52:58] /m vampire
[01/10/2015 23:52:59] /m vampire
[01/10/2015 23:52:59] /m vampire
[01/10/2015 23:53:04] /m vampire
[01/10/2015 23:53:05] /m vampire
[01/10/2015 23:53:08] /m vampire
[01/10/2015 23:53:15] /a
[01/10/2015 23:53:20] /m vampire
[01/10/2015 23:53:21] /m vampire
[01/10/2015 23:53:36] /i kyuubi
[01/10/2015 23:53:41] /i shukaku
[01/10/2015 23:54:13] /m kimimaru cursed
[01/10/2015 23:54:33] /m tayuya cursed
[01/10/2015 23:54:36] /m cursed skeleton
[01/10/2015 23:54:36] /m cursed skeleton
[01/10/2015 23:54:37] /m nervous wolf
[01/10/2015 23:54:38] /m cursed skeleton
[01/10/2015 23:54:38] /m nervous wolf
[01/10/2015 23:54:38] /m cursed skeleton
[01/10/2015 23:54:38] /m nervous wolf
[01/10/2015 23:54:39] /m cursed skeleton
[01/10/2015 23:54:39] /m nervous wolf
[01/10/2015 23:54:41] /m cursed skeleton
[01/10/2015 23:54:41] /m nervous wolf
[01/10/2015 23:54:41] /m nervous wolf
[01/10/2015 23:54:41] /m cursed skeleton
[01/10/2015 23:54:42] /m nervous wolf
[01/10/2015 23:54:42] /m cursed skeleton
[01/10/2015 23:54:44] /m cursed skeleton
[01/10/2015 23:54:45] /m cursed skeleton
[01/10/2015 23:54:46] /m nervous wolf
[01/10/2015 23:54:46] /m nervous wolf
[01/10/2015 23:54:47] /m cursed skeleton
[01/10/2015 23:54:47] /m nervous wolf
[01/10/2015 23:54:47] /m cursed skeleton
[01/10/2015 23:54:47] /m nervous wolf
[01/10/2015 23:54:48] /m cursed skeleton
[01/10/2015 23:54:49] /m nervous wolf
[01/10/2015 23:54:49] /m cursed skeleton
[01/10/2015 23:54:52] /m samurai
[01/10/2015 23:54:54] /m samurai
[01/10/2015 23:54:56] /m samurai
[01/10/2015 23:54:58] /m cursed skeleton
[01/10/2015 23:54:58] /m nervous wolf
[01/10/2015 23:54:58] /m cursed skeleton
[01/10/2015 23:54:59] /m vampire
[01/10/2015 23:55:01] /m vampire
[01/10/2015 23:55:02] /m vampire
[01/10/2015 23:55:05] /m cursed skeleton
[01/10/2015 23:55:05] /m nervous wolf
[01/10/2015 23:55:05] /m cursed skeleton
[01/10/2015 23:55:06] /m nervous wolf
[01/10/2015 23:55:06] /m nervous wolf
[01/10/2015 23:55:06] /m cursed skeleton
[01/10/2015 23:55:08] /m cursed skeleton
[01/10/2015 23:55:09] /m nervous wolf
[01/10/2015 23:55:09] /m cursed skeleton
[01/10/2015 23:55:09] /m nervous wolf
[01/10/2015 23:55:10] /m cursed skeleton
[01/10/2015 23:55:10] /m nervous wolf
[01/10/2015 23:55:13] /m vampire
[01/10/2015 23:55:14] /m vampire
[01/10/2015 23:55:14] /m vampire
[01/10/2015 23:55:17] /m cursed skeleton
[01/10/2015 23:55:17] /m nervous wolf
[01/10/2015 23:55:18] /m cursed skeleton
[01/10/2015 23:55:19] /m cursed skeleton
[01/10/2015 23:55:20] /m nervous wolf
[01/10/2015 23:55:22] /m cursed skeleton
[01/10/2015 23:55:22] /m nervous wolf
[01/10/2015 23:55:23] /m nervous wolf
[01/10/2015 23:55:23] /m cursed skeleton
[01/10/2015 23:55:23] /m cursed skeleton
[01/10/2015 23:55:24] /m nervous wolf
[01/10/2015 23:55:24] /m nervous wolf
[01/10/2015 23:55:24] /m cursed skeleton
[01/10/2015 23:55:27] /m nervous wolf
[01/10/2015 23:55:27] /m cursed skeleton
[01/10/2015 23:55:27] /m nervous wolf
[01/10/2015 23:55:27] /m cursed skeleton
[01/10/2015 23:55:28] /m nervous wolf
[01/10/2015 23:55:28] /m cursed skeleton
[01/10/2015 23:55:35] /m sasuke akatsuki
[01/10/2015 23:55:37] /m cursed skeleton
[01/10/2015 23:55:37] /m nervous wolf
[01/10/2015 23:55:38] /m cursed skeleton
[01/10/2015 23:55:38] /m nervous wolf
[01/10/2015 23:55:40] /m cursed skeleton
[01/10/2015 23:55:40] /m nervous wolf
[01/10/2015 23:56:23] /a 100
[01/10/2015 23:56:29] /m sasuke uchiha
[01/10/2015 23:56:40] /a 100
[01/10/2015 23:56:41] /m cursed skeleton
[01/10/2015 23:56:41] /m nervous wolf
[01/10/2015 23:56:42] /m cursed skeleton
[01/10/2015 23:56:42] /m nervous wolf
[01/10/2015 23:56:44] /m nervous wolf
[01/10/2015 23:56:44] /m cursed skeleton
[01/10/2015 23:56:44] /m nervous wolf
[01/10/2015 23:56:45] /m cursed skeleton
[01/10/2015 23:56:53] /m huge insect
[01/10/2015 23:56:58] /m huge insect
[01/10/2015 23:57:02] /m huge insect
[01/10/2015 23:57:04] /m huge insect
[01/10/2015 23:57:06] /m huge insect
[01/10/2015 23:57:08] /m huge insect
[01/10/2015 23:57:14] /m cursed skeleton
[01/10/2015 23:57:15] /m nervous wolf
[01/10/2015 23:57:16] /m nervous wolf
[01/10/2015 23:57:17] /m cursed skeleton
[01/10/2015 23:57:17] /m nervous wolf
[01/10/2015 23:57:18] /m cursed skeleton
[01/10/2015 23:57:18] /m nervous wolf
[01/10/2015 23:57:18] /m cursed skeleton
[01/10/2015 23:57:19] /m nervous wolf
[01/10/2015 23:57:19] /m cursed skeleton
[01/10/2015 23:57:19] /m nervous wolf
[01/10/2015 23:57:20] /m cursed skeleton
[01/10/2015 23:57:21] /m nervous wolf
[01/10/2015 23:57:21] /m cursed skeleton
[01/10/2015 23:57:21] /m nervous wolf
[01/10/2015 23:57:22] /m nervous wolf
[01/10/2015 23:57:22] /m cursed skeleton
[01/10/2015 23:57:28] /m juhi member
[01/10/2015 23:57:30] /m juhi member
[01/10/2015 23:57:34] /m juhi member
[01/10/2015 23:57:35] /m juhi member
[01/10/2015 23:57:36] /m juhi member
[01/10/2015 23:57:38] /m cursed skeleton
[01/10/2015 23:57:38] /m nervous wolf
[01/10/2015 23:57:42] /m vampire
[01/10/2015 23:57:43] /m vampire
[01/10/2015 23:57:44] /m vampire
[01/10/2015 23:57:45] /m vampire
[01/10/2015 23:57:46] /m vampire
[01/10/2015 23:57:46] /m vampire
[01/10/2015 23:57:47] /m cursed skeleton
[01/10/2015 23:57:48] /m nervous wolf
[01/10/2015 23:57:48] /m cursed skeleton
[01/10/2015 23:57:49] /m nervous wolf
[01/10/2015 23:57:49] /m cursed skeleton
[01/10/2015 23:57:49] /m nervous wolf
[01/10/2015 23:57:49] /m cursed skeleton
[01/10/2015 23:57:49] /m nervous wolf
[01/10/2015 23:57:50] /m cursed skeleton
[01/10/2015 23:57:50] /m cursed skeleton
[01/10/2015 23:57:50] /m nervous wolf
[01/10/2015 23:57:51] /m cursed skeleton
[01/10/2015 23:57:51] /m nervous wolf
[01/10/2015 23:57:52] /m cursed skeleton
[01/10/2015 23:57:52] /m nervous wolf
[01/10/2015 23:57:53] /m nervous wolf
[01/10/2015 23:57:53] /m cursed skeleton
[01/10/2015 23:57:54] /m nervous wolf
[01/10/2015 23:57:54] /m cursed skeleton
[01/10/2015 23:57:56] /m cursed skeleton
[01/10/2015 23:57:56] /m nervous wolf
[01/10/2015 23:57:56] /m nervous wolf
[01/10/2015 23:57:56] /m cursed skeleton
[01/10/2015 23:57:57] /m nervous wolf
[01/10/2015 23:57:57] /m cursed skeleton
[01/10/2015 23:57:57] /m nervous wolf
[01/10/2015 23:57:57] /m cursed skeleton
[01/10/2015 23:57:58] /m nervous wolf
[01/10/2015 23:57:58] /m cursed skeleton
[01/10/2015 23:57:59] /m nervous wolf
[01/10/2015 23:57:59] /m cursed skeleton
[01/10/2015 23:58:02] /m nervous wolf
[01/10/2015 23:58:02] /m cursed skeleton
[01/10/2015 23:58:02] /m nervous wolf
[01/10/2015 23:58:03] /m cursed skeleton
[01/10/2015 23:58:13] /m cursed skeleton
[01/10/2015 23:58:14] /m nervous wolf
[01/10/2015 23:58:15] /m nervous wolf
[01/10/2015 23:58:17] /m cursed skeleton
[01/10/2015 23:58:17] /m nervous wolf
[01/10/2015 23:58:19] /m vampire
[01/10/2015 23:58:20] /m vampire
[01/10/2015 23:58:20] /m vampire
[01/10/2015 23:58:21] /m vampire
[01/10/2015 23:58:21] /m vampire
[01/10/2015 23:58:22] /m vampire
[01/10/2015 23:58:22] /m vampire
[01/10/2015 23:58:22] /m vampire
[01/10/2015 23:58:23] /m nervous wolf
[01/10/2015 23:58:23] /m cursed skeleton
[01/10/2015 23:58:24] /m nervous wolf
[01/10/2015 23:58:24] /m cursed skeleton
[01/10/2015 23:58:24] /m cursed skeleton
[01/10/2015 23:58:24] /m nervous wolf
[01/10/2015 23:58:26] /m cursed skeleton
[01/10/2015 23:58:27] /m nervous wolf
[01/10/2015 23:59:27] /a
[01/10/2015 23:59:30] /up
[01/10/2015 23:59:42] /n kiba(professor)
[02/10/2015 00:10:08] /a 100
[02/10/2015 00:10:22] /r
[02/10/2015 00:25:17] /m samurai
[02/10/2015 00:25:18] /m samurai
[02/10/2015 00:25:18] /m samurai
[02/10/2015 00:25:18] /m samurai
[02/10/2015 00:25:19] /m samurai
[02/10/2015 00:25:19] /m samurai
[02/10/2015 00:25:20] /m samurai
[02/10/2015 00:25:20] /m samurai
[02/10/2015 00:25:20] /m samurai
[02/10/2015 00:25:20] /m samurai
[02/10/2015 00:25:21] /m samurai
[02/10/2015 00:25:21] /m samurai
[02/10/2015 00:25:21] /m samurai
[02/10/2015 00:25:21] /m samurai
[02/10/2015 00:25:21] /m samurai
[02/10/2015 00:25:22] /m samurai
[02/10/2015 00:25:22] /m samurai
[02/10/2015 00:25:22] /m samurai
[02/10/2015 00:25:22] /m samurai
[02/10/2015 00:25:22] /m samurai
[02/10/2015 00:25:23] /m samurai
[02/10/2015 00:25:23] /m samurai
[02/10/2015 00:25:23] /m samurai
[02/10/2015 00:25:23] /m samurai
[02/10/2015 00:25:23] /m samurai
[02/10/2015 00:25:24] /m samurai
[02/10/2015 00:25:24] /m samurai
[02/10/2015 00:25:24] /m samurai
[02/10/2015 00:25:24] /m samurai
[02/10/2015 00:25:24] /m samurai
[02/10/2015 00:25:25] /m samurai
[02/10/2015 00:25:26] /m samurai
[02/10/2015 00:25:26] /m samurai
[02/10/2015 00:25:26] /m samurai
[02/10/2015 00:25:27] /m samurai
[02/10/2015 00:25:27] /m monk
[02/10/2015 00:25:27] /m monk
[02/10/2015 00:25:28] /m samurai
[02/10/2015 00:25:28] /m monk
[02/10/2015 00:25:28] /m samurai
[02/10/2015 00:25:29] /m samurai
[02/10/2015 00:25:29] /m samurai
[02/10/2015 00:25:29] /m samurai
[02/10/2015 00:25:29] /m samurai
[02/10/2015 00:25:30] /m samurai
[02/10/2015 00:25:30] /m samurai
[02/10/2015 00:25:30] /m samurai
[02/10/2015 00:25:30] /m samurai
[02/10/2015 00:25:31] /m samurai
[02/10/2015 00:25:31] /m samurai
[02/10/2015 00:25:31] /m samurai
[02/10/2015 00:25:31] /m monk
[02/10/2015 00:25:34] /m samurai
[02/10/2015 00:25:34] /m samurai
[02/10/2015 00:25:34] /m samurai
[02/10/2015 00:25:34] /m samurai
[02/10/2015 00:25:35] /m samurai
[02/10/2015 00:25:35] /m monk
[02/10/2015 00:25:35] /m samurai
[02/10/2015 00:25:35] /m monk
[02/10/2015 00:25:35] /m samurai
[02/10/2015 00:25:36] /m samurai
[02/10/2015 00:25:36] /m samurai
[02/10/2015 00:25:36] /m samurai
[02/10/2015 00:25:36] /m samurai
[02/10/2015 00:25:36] /m samurai
[02/10/2015 00:25:39] /m samurai
[02/10/2015 00:25:40] /m samurai
[02/10/2015 00:25:40] /m samurai
[02/10/2015 00:25:40] /m samurai
[02/10/2015 00:25:40] /m samurai
[02/10/2015 00:25:41] /m samurai
[02/10/2015 00:25:41] /m samurai
[02/10/2015 00:25:42] /m monk
[02/10/2015 00:25:43] /m monk
[02/10/2015 00:25:43] /m monk
[02/10/2015 00:25:43] /m samurai
[02/10/2015 00:25:45] /m samurai
[02/10/2015 00:25:46] /m samurai
[02/10/2015 00:25:50] /m monk
[02/10/2015 00:25:51] /m samurai
[02/10/2015 00:25:51] /m samurai
[02/10/2015 00:25:52] /m samurai
[02/10/2015 00:25:52] /m samurai
[02/10/2015 00:25:53] /m samurai
[02/10/2015 00:25:53] /m samurai
[02/10/2015 00:25:55] /m samurai
[02/10/2015 00:25:55] /m samurai
[02/10/2015 00:25:56] /m samurai
[02/10/2015 00:25:57] /m monk
[02/10/2015 00:25:58] /m monk
[02/10/2015 00:25:58] /m monk
[02/10/2015 00:25:58] /m monk
[02/10/2015 00:25:59] /m samurai
[02/10/2015 00:25:59] /m samurai
[02/10/2015 00:25:59] /m samurai
[02/10/2015 00:26:00] /m samurai
[02/10/2015 00:26:01] /m samurai
[02/10/2015 00:26:01] /m samurai
[02/10/2015 00:26:02] /m samurai
[02/10/2015 00:26:03] /m monk
[02/10/2015 00:26:04] /m monk
[02/10/2015 00:26:04] /m samurai
[02/10/2015 00:26:04] /m monk
[02/10/2015 00:26:05] /m samurai
[02/10/2015 00:26:05] /m samurai
[02/10/2015 00:26:06] /m monk
[02/10/2015 00:26:06] /m samurai
[02/10/2015 00:26:06] /m monk
[02/10/2015 00:26:09] /m samurai
[02/10/2015 00:26:09] /m monk
[02/10/2015 00:26:09] /m samurai
[02/10/2015 00:26:09] /m monk
[02/10/2015 00:26:10] /m samurai
[02/10/2015 00:26:10] /m monk
[02/10/2015 00:26:11] /m samurai
[02/10/2015 00:26:13] /a
[02/10/2015 00:26:15] /m samurai
[02/10/2015 00:26:16] /m samurai
[02/10/2015 00:26:17] /m samurai
[02/10/2015 00:26:17] /m samurai
[02/10/2015 00:26:18] /m samurai
[02/10/2015 00:26:18] /m samurai
[02/10/2015 00:26:18] /m samurai
[02/10/2015 00:26:18] /m samurai
[02/10/2015 00:26:19] /m samurai
[02/10/2015 00:26:19] /m samurai
[02/10/2015 00:26:20] /m samurai
[02/10/2015 00:26:20] /m samurai
[02/10/2015 00:26:20] /m samurai
[02/10/2015 00:26:21] /m monk
[02/10/2015 00:26:21] /m monk
[02/10/2015 00:26:21] /m monk
[02/10/2015 00:26:22] /m samurai
[02/10/2015 00:26:22] /m samurai
[02/10/2015 00:26:22] /m samurai
[02/10/2015 00:26:22] /m monk
[02/10/2015 00:26:24] /m samurai
[02/10/2015 00:26:26] /m samurai
[02/10/2015 00:26:27] /m samurai
[02/10/2015 00:26:27] /m samurai
[02/10/2015 00:26:27] /m samurai
[02/10/2015 00:26:27] /m samurai
[02/10/2015 00:26:28] /m samurai
[02/10/2015 00:26:28] /m monk
[02/10/2015 00:26:29] /m samurai
[02/10/2015 00:26:30] /m samurai
[02/10/2015 00:26:30] /m samurai
[02/10/2015 00:26:30] /m samurai
[02/10/2015 00:26:31] /m samurai
[02/10/2015 00:26:31] /m samurai
[02/10/2015 00:26:37] /m samurai
[02/10/2015 00:26:38] /m samurai
[02/10/2015 00:26:39] /m monk
[02/10/2015 00:26:39] /m monk
[02/10/2015 00:26:39] /m samurai
[02/10/2015 00:26:40] /m monk
[02/10/2015 00:26:40] /m samurai
[02/10/2015 00:26:41] /m samurai
[02/10/2015 00:26:41] /m monk
[02/10/2015 00:26:41] /m samurai
[02/10/2015 00:26:41] /m monk
[02/10/2015 00:26:42] /m samurai
[02/10/2015 00:26:42] /m monk
[02/10/2015 00:26:43] /m monk
[02/10/2015 00:26:43] /m samurai
[02/10/2015 00:26:43] /m monk
[02/10/2015 00:26:43] /m samurai
[02/10/2015 00:26:44] /m monk
[02/10/2015 00:26:44] /m samurai
[02/10/2015 00:26:51] /c sasuke uchiha
[02/10/2015 00:26:54] /m samurai
[02/10/2015 00:26:54] /m monk
[02/10/2015 00:26:55] /m samurai
[02/10/2015 00:26:55] /m monk
[02/10/2015 00:26:57] /m samurai
[02/10/2015 00:26:57] /m monk
[02/10/2015 00:41:54] /m monk
[02/10/2015 00:41:58] /m samurai
[02/10/2015 00:41:59] /m monk
[02/10/2015 00:41:59] /m monk
[02/10/2015 00:42:00] /m monk
[02/10/2015 00:42:00] /m monk
[02/10/2015 00:42:00] /m monk
[02/10/2015 00:42:02] /m monk
[02/10/2015 00:42:02] /m monk
[02/10/2015 00:42:02] /m monk
[02/10/2015 00:42:04] /m monk
[02/10/2015 00:42:05] /m monk
[02/10/2015 00:42:05] /m monk
[02/10/2015 00:42:05] /m monk
[02/10/2015 00:42:06] /m monk
[02/10/2015 00:42:06] /m monk
[02/10/2015 00:42:07] /m monk
[02/10/2015 00:42:08] /m monk
[02/10/2015 00:42:08] /m monk
[02/10/2015 00:42:08] /m monk
[02/10/2015 00:42:08] /m monk
[02/10/2015 00:42:10] /m monk
[02/10/2015 00:42:10] /m monk
[02/10/2015 00:42:10] /m monk
[02/10/2015 00:42:10] /m monk
[02/10/2015 00:42:11] /m monk
[02/10/2015 00:42:11] /m monk
[02/10/2015 00:42:12] /m monk
[02/10/2015 00:42:12] /m monk
[02/10/2015 00:42:12] /m monk
[02/10/2015 00:42:12] /m monk
[02/10/2015 00:42:13] /m monk
[02/10/2015 00:42:13] /m monk
[02/10/2015 00:42:13] /m monk
[02/10/2015 00:42:14] /m monk
[02/10/2015 00:42:14] /m monk
[02/10/2015 00:42:14] /m monk
[02/10/2015 00:42:14] /m monk
[02/10/2015 00:42:15] /m monk
[02/10/2015 00:42:15] /m monk
[02/10/2015 00:42:16] /m monk
[02/10/2015 00:42:17] /m monk
[02/10/2015 00:42:17] /m monk
[02/10/2015 00:42:18] /m monk
[02/10/2015 00:42:20] /m monk
[02/10/2015 00:42:20] /m monk
[02/10/2015 00:42:20] /m monk
[02/10/2015 00:42:21] /m monk
[02/10/2015 00:42:21] /m monk
[02/10/2015 00:42:22] /m monk
[02/10/2015 00:42:23] /m monk
[02/10/2015 00:42:23] /m monk
[02/10/2015 00:42:24] /m monk
[02/10/2015 00:42:24] /m monk
[02/10/2015 00:42:24] /m monk
[02/10/2015 00:42:24] /m monk
[02/10/2015 00:42:26] /m monk
[02/10/2015 00:42:26] /m monk
[02/10/2015 00:42:27] /m monk
[02/10/2015 00:42:27] /m monk
[02/10/2015 00:42:27] /m monk
[02/10/2015 00:42:28] /m monk
[02/10/2015 00:42:28] /m monk
[02/10/2015 00:42:28] /m monk
[02/10/2015 00:42:28] /m monk
[02/10/2015 00:42:28] /m monk
[02/10/2015 00:42:30] /m monk
[02/10/2015 00:42:31] /m monk
[02/10/2015 00:42:31] /m monk
[02/10/2015 00:42:31] /m monk
[02/10/2015 00:42:32] /m monk
[02/10/2015 00:42:32] /m monk
[02/10/2015 00:42:33] /m monk
[02/10/2015 00:42:33] /m monk
[02/10/2015 00:42:33] /m monk
[02/10/2015 00:42:35] /m monk
[02/10/2015 00:42:36] /m monk
[02/10/2015 00:42:36] /m monk
[02/10/2015 00:42:36] /m monk
[02/10/2015 00:42:36] /m monk
[02/10/2015 00:42:37] /m monk
[02/10/2015 00:42:37] /m monk
[02/10/2015 00:42:38] /m monk
[02/10/2015 00:42:38] /m monk
[02/10/2015 00:42:38] /m monk
[02/10/2015 00:42:39] /m monk
[02/10/2015 00:42:39] /m monk
[02/10/2015 00:42:40] /m monk
[02/10/2015 00:42:40] /m monk
[02/10/2015 00:42:40] /m monk
[02/10/2015 00:42:41] /m monk
[02/10/2015 00:42:41] /m monk
[02/10/2015 00:42:41] /m monk
[02/10/2015 00:42:44] /a
[02/10/2015 00:42:45] /m monk
[02/10/2015 00:42:48] /m monk
[02/10/2015 00:42:48] /m monk
[02/10/2015 00:42:48] /m monk
[02/10/2015 00:42:48] /m monk
[02/10/2015 00:42:49] /m monk
[02/10/2015 00:42:49] /m monk
[02/10/2015 00:42:49] /m monk
[02/10/2015 00:42:50] /m monk
[02/10/2015 00:42:50] /m monk
[02/10/2015 00:42:50] /m monk
[02/10/2015 00:42:50] /m monk
[02/10/2015 00:42:51] /m monk
[02/10/2015 00:42:51] /m monk
[02/10/2015 00:42:54] /m monk
[02/10/2015 00:42:54] /m monk
[02/10/2015 00:42:54] /m monk
[02/10/2015 00:42:55] /m monk
[02/10/2015 00:42:55] /m monk
[02/10/2015 00:42:55] /m monk
[02/10/2015 00:42:55] /m monk
[02/10/2015 00:42:56] /m monk
[02/10/2015 00:42:56] /m monk
[02/10/2015 00:42:56] /m monk
[02/10/2015 00:42:57] /m monk
[02/10/2015 00:42:58] /m monk
[02/10/2015 00:42:58] /m monk
[02/10/2015 00:42:58] /m monk
[02/10/2015 00:42:59] /m monk
[02/10/2015 00:42:59] /m monk
[02/10/2015 00:43:01] /m monk
[02/10/2015 00:43:01] /m monk
[02/10/2015 00:43:02] /m monk
[02/10/2015 00:43:02] /m monk
[02/10/2015 00:43:02] /m monk
[02/10/2015 00:43:03] /m monk
[02/10/2015 00:43:04] /m monk
[02/10/2015 00:43:04] /m monk
[02/10/2015 00:43:04] /m monk
[02/10/2015 00:43:04] /m monk
[02/10/2015 00:43:05] /m monk
[02/10/2015 00:43:05] /m monk
[02/10/2015 00:43:05] /m monk
[02/10/2015 00:43:06] /m monk
[02/10/2015 00:43:06] /m monk
[02/10/2015 00:43:06] /m monk
[02/10/2015 00:43:06] /m monk
[02/10/2015 00:43:07] /m monk
[02/10/2015 00:43:08] /m monk
[02/10/2015 00:43:09] /m monk
[02/10/2015 00:43:09] /m monk
[02/10/2015 00:43:10] /m monk
[02/10/2015 00:43:11] /m monk
[02/10/2015 00:43:11] /m monk
[02/10/2015 00:43:13] /m monk
[02/10/2015 00:43:13] /m monk
[02/10/2015 00:43:13] /m monk
[02/10/2015 00:43:16] /m monk
[02/10/2015 00:58:09] /goto eternal
[02/10/2015 00:58:12] /goto eternal
[02/10/2015 00:58:29] /goto imortal
[02/10/2015 00:58:38] /i pill
[02/10/2015 00:58:38] /i pill
[02/10/2015 00:58:39] /i pill
[02/10/2015 00:58:40] /i pill
[02/10/2015 00:58:40] /i pill
[02/10/2015 00:58:40] /i pill
[02/10/2015 00:58:47] /i pill
[02/10/2015 00:58:47] /i pill
[02/10/2015 00:58:48] /i pill
[02/10/2015 00:58:48] /i pill
[02/10/2015 00:58:48] /i pill
[02/10/2015 00:58:48] /i pill
[02/10/2015 00:58:49] /i pill
[02/10/2015 00:58:49] /i pill
[02/10/2015 00:58:49] /i pill
[02/10/2015 00:58:49] /i pill
[02/10/2015 00:58:57] /i pill
[02/10/2015 00:58:58] /i pill
[02/10/2015 00:58:58] /i pill
[02/10/2015 00:58:58] /i pill
[02/10/2015 00:58:58] /i pill
[02/10/2015 00:58:58] /i pill
[02/10/2015 00:58:58] /i pill
[02/10/2015 00:58:58] /i pill
[02/10/2015 00:58:58] /i pill
[02/10/2015 00:58:58] /i pill
[02/10/2015 00:58:58] /i pill
[02/10/2015 00:58:58] /i pill
[02/10/2015 00:58:58] /i pill
[02/10/2015 00:58:58] /i pill
[02/10/2015 00:58:58] /i pill
[02/10/2015 00:58:58] /i pill
[02/10/2015 00:58:58] /i pill
[02/10/2015 00:58:58] /i pill
[02/10/2015 00:58:58] /i pill
[02/10/2015 00:58:58] /i pill
[02/10/2015 00:58:58] /i pill
[02/10/2015 00:58:58] /i pill
[02/10/2015 00:58:58] /i pill
[02/10/2015 00:58:58] /i pill
[02/10/2015 00:58:58] /i pill
[02/10/2015 00:58:58] /i pill
[02/10/2015 00:58:58] /i pill
[02/10/2015 00:58:58] /i pill
[02/10/2015 00:58:58] /i pill
[02/10/2015 00:58:59] /i pill
[02/10/2015 00:58:59] /i pill
[02/10/2015 00:58:59] /i pill
[02/10/2015 00:58:59] /i pill
[02/10/2015 00:58:59] /i pill
[02/10/2015 00:58:59] /i pill
[02/10/2015 00:58:59] /i pill
[02/10/2015 00:58:59] /i pill
[02/10/2015 00:58:59] /i pill
[02/10/2015 00:58:59] /i pill
[02/10/2015 00:58:59] /i pill
[02/10/2015 00:58:59] /i pill
[02/10/2015 00:58:59] /i pill
[02/10/2015 00:58:59] /i pill
[02/10/2015 00:58:59] /i pill
[02/10/2015 00:58:59] /i pill
[02/10/2015 00:58:59] /i pill
[02/10/2015 00:58:59] /i pill
[02/10/2015 00:58:59] /i pill
[02/10/2015 00:58:59] /i pill
[02/10/2015 00:58:59] /i pill
[02/10/2015 00:58:59] /i pill
[02/10/2015 00:58:59] /i pill
[02/10/2015 00:58:59] /i pill
[02/10/2015 00:58:59] /i pill
[02/10/2015 00:59:00] /i pill
[02/10/2015 00:59:00] /i pill
[02/10/2015 00:59:00] /i pill
[02/10/2015 00:59:00] /i pill
[02/10/2015 00:59:00] /i pill
[02/10/2015 00:59:00] /i pill
[02/10/2015 00:59:00] /i pill
[02/10/2015 00:59:00] /i pill
[02/10/2015 00:59:00] /i pill
[02/10/2015 00:59:00] /i pill
[02/10/2015 00:59:00] /i pill
[02/10/2015 00:59:00] /i pill
[02/10/2015 00:59:00] /i pill
[02/10/2015 00:59:00] /i pill
[02/10/2015 00:59:00] /i pill
[02/10/2015 00:59:00] /i pill
[02/10/2015 00:59:00] /i pill
[02/10/2015 00:59:00] /i pill
[02/10/2015 00:59:00] /i pill
[02/10/2015 00:59:00] /i pill
[02/10/2015 00:59:00] /i pill
[02/10/2015 00:59:00] /i pill
[02/10/2015 00:59:00] /i pill
[02/10/2015 00:59:00] /i pill
[02/10/2015 00:59:00] /i pill
[02/10/2015 00:59:00] /i pill
[02/10/2015 00:59:00] /i pill
[02/10/2015 00:59:00] /i pill
[02/10/2015 00:59:01] /i pill
[02/10/2015 00:59:01] /i pill
[02/10/2015 00:59:01] /i pill
[02/10/2015 00:59:01] /i pill
[02/10/2015 00:59:01] /i pill
[02/10/2015 00:59:01] /i pill
[02/10/2015 00:59:01] /i pill
[02/10/2015 00:59:01] /i pill
[02/10/2015 00:59:01] /i pill
[02/10/2015 00:59:01] /i pill
[02/10/2015 00:59:01] /i pill
[02/10/2015 00:59:01] /i pill
[02/10/2015 00:59:01] /i pill
[02/10/2015 00:59:01] /i pill
[02/10/2015 00:59:01] /i pill
[02/10/2015 00:59:01] /i pill
[02/10/2015 00:59:01] /i pill
[02/10/2015 00:59:01] /i pill
[02/10/2015 00:59:01] /i pill
[02/10/2015 00:59:01] /i pill
[02/10/2015 00:59:01] /i pill
[02/10/2015 00:59:01] /i pill
[02/10/2015 00:59:01] /i pill
[02/10/2015 00:59:01] /i pill
[02/10/2015 00:59:01] /i pill
[02/10/2015 00:59:01] /i pill
[02/10/2015 00:59:01] /i pill
[02/10/2015 00:59:01] /i pill
[02/10/2015 00:59:01] /i pill
[02/10/2015 00:59:02] /i pill
[02/10/2015 00:59:02] /i pill
[02/10/2015 00:59:02] /i pill
[02/10/2015 00:59:02] /i pill
[02/10/2015 00:59:02] /i pill
[02/10/2015 00:59:02] /i pill
[02/10/2015 00:59:02] /i pill
[02/10/2015 00:59:02] /i pill
[02/10/2015 00:59:02] /i pill
[02/10/2015 00:59:02] /i pill
[02/10/2015 00:59:02] /i pill
[02/10/2015 00:59:02] /i pill
[02/10/2015 00:59:02] /i pill
[02/10/2015 00:59:02] /i pill
[02/10/2015 00:59:02] /i pill
[02/10/2015 00:59:02] /i pill
[02/10/2015 00:59:02] /i pill
[02/10/2015 00:59:02] /i pill
[02/10/2015 00:59:02] /i pill
[02/10/2015 00:59:02] /i pill
[02/10/2015 00:59:02] /i pill
[02/10/2015 00:59:02] /i pill
[02/10/2015 00:59:02] /i pill
[02/10/2015 00:59:02] /i pill
[02/10/2015 00:59:02] /i pill
[02/10/2015 00:59:02] /i pill
[02/10/2015 00:59:02] /i pill
[02/10/2015 00:59:02] /i pill
[02/10/2015 00:59:03] /i pill
[02/10/2015 00:59:03] /i pill
[02/10/2015 00:59:03] /i pill
[02/10/2015 00:59:03] /i pill
[02/10/2015 00:59:03] /i pill
[02/10/2015 00:59:03] /i pill
[02/10/2015 00:59:03] /i pill
[02/10/2015 00:59:03] /i pill
[02/10/2015 00:59:03] /i pill
[02/10/2015 00:59:03] /i pill
[02/10/2015 00:59:03] /i pill
[02/10/2015 00:59:03] /i pill
[02/10/2015 00:59:03] /i pill
[02/10/2015 00:59:03] /i pill
[02/10/2015 00:59:03] /i pill
[02/10/2015 00:59:03] /i pill
[02/10/2015 00:59:03] /i pill
[02/10/2015 00:59:03] /i pill
[02/10/2015 00:59:03] /i pill
[02/10/2015 00:59:03] /i pill
[02/10/2015 00:59:03] /i pill
[02/10/2015 00:59:03] /i pill
[02/10/2015 00:59:03] /i pill
[02/10/2015 00:59:03] /i pill
[02/10/2015 00:59:03] /i pill
[02/10/2015 00:59:03] /i pill
[02/10/2015 00:59:03] /i pill
[02/10/2015 00:59:03] /i pill
[02/10/2015 00:59:04] /i pill
[02/10/2015 00:59:04] /i pill
[02/10/2015 00:59:04] /i pill
[02/10/2015 00:59:04] /i pill
[02/10/2015 00:59:04] /i pill
[02/10/2015 00:59:04] /i pill
[02/10/2015 00:59:04] /i pill
[02/10/2015 00:59:04] /i pill
[02/10/2015 00:59:04] /i pill
[02/10/2015 00:59:04] /i pill
[02/10/2015 00:59:04] /i pill
[02/10/2015 00:59:04] /i pill
[02/10/2015 00:59:04] /i pill
[02/10/2015 00:59:04] /i pill
[02/10/2015 00:59:04] /i pill
[02/10/2015 00:59:04] /i pill
[02/10/2015 00:59:04] /i pill
[02/10/2015 00:59:04] /i pill
[02/10/2015 00:59:04] /i pill
[02/10/2015 00:59:04] /i pill
[02/10/2015 00:59:04] /i pill
[02/10/2015 00:59:04] /i pill
[02/10/2015 00:59:04] /i pill
[02/10/2015 00:59:04] /i pill
[02/10/2015 00:59:04] /i pill
[02/10/2015 00:59:04] /i pill
[02/10/2015 00:59:04] /i pill
[02/10/2015 00:59:04] /i pill
[02/10/2015 00:59:05] /i pill
[02/10/2015 00:59:05] /i pill
[02/10/2015 00:59:05] /i pill
[02/10/2015 00:59:05] /i pill
[02/10/2015 00:59:05] /i pill
[02/10/2015 00:59:05] /i pill
[02/10/2015 00:59:05] /i pill
[02/10/2015 00:59:05] /i pill
[02/10/2015 00:59:05] /i pill
[02/10/2015 00:59:05] /i pill
[02/10/2015 00:59:05] /i pill
[02/10/2015 00:59:05] /i pill
[02/10/2015 00:59:05] /i pill
[02/10/2015 00:59:05] /i pill
[02/10/2015 00:59:05] /i pill
[02/10/2015 00:59:05] /i pill
[02/10/2015 00:59:05] /i pill
[02/10/2015 00:59:05] /i pill
[02/10/2015 00:59:05] /i pill
[02/10/2015 00:59:05] /i pill
[02/10/2015 00:59:05] /i pill
[02/10/2015 00:59:05] /i pill
[02/10/2015 00:59:05] /i pill
[02/10/2015 00:59:05] /i pill
[02/10/2015 00:59:05] /i pill
[02/10/2015 00:59:05] /i pill
[02/10/2015 00:59:05] /i pill
[02/10/2015 00:59:05] /i pill
[02/10/2015 00:59:06] /i pill
[02/10/2015 00:59:06] /i pill
[02/10/2015 00:59:06] /i pill
[02/10/2015 00:59:06] /i pill
[02/10/2015 00:59:06] /i pill
[02/10/2015 00:59:06] /i pill
[02/10/2015 00:59:06] /i pill
[02/10/2015 00:59:06] /i pill
[02/10/2015 00:59:06] /i pill
[02/10/2015 00:59:06] /i pill
[02/10/2015 00:59:06] /i pill
[02/10/2015 00:59:06] /i pill
[02/10/2015 00:59:06] /i pill
[02/10/2015 00:59:06] /i pill
[02/10/2015 00:59:06] /i pill
[02/10/2015 00:59:06] /i pill
[02/10/2015 00:59:06] /i pill
[02/10/2015 00:59:06] /i pill
[02/10/2015 00:59:06] /i pill
[02/10/2015 00:59:06] /i pill
[02/10/2015 00:59:06] /i pill
[02/10/2015 00:59:06] /i pill
[02/10/2015 00:59:06] /i pill
[02/10/2015 00:59:06] /i pill
[02/10/2015 00:59:06] /i pill
[02/10/2015 00:59:07] /i pill
[02/10/2015 00:59:07] /i pill
[02/10/2015 00:59:39] /m monk
[02/10/2015 00:59:39] /m monk
[02/10/2015 00:59:40] /m monk
[02/10/2015 00:59:40] /m monk
[02/10/2015 00:59:40] /m monk
[02/10/2015 00:59:40] /m monk
[02/10/2015 00:59:40] /m monk
[02/10/2015 00:59:40] /m monk
[02/10/2015 00:59:40] /m monk
[02/10/2015 00:59:40] /m monk
[02/10/2015 00:59:40] /m monk
[02/10/2015 00:59:40] /m monk
[02/10/2015 00:59:40] /m monk
[02/10/2015 00:59:40] /m monk
[02/10/2015 00:59:40] /m monk
[02/10/2015 00:59:40] /m monk
[02/10/2015 00:59:40] /m monk
[02/10/2015 00:59:43] /a
[02/10/2015 00:59:44] /m monk
[02/10/2015 00:59:44] /m monk
[02/10/2015 00:59:45] /m monk
[02/10/2015 00:59:46] /m samurai
[02/10/2015 00:59:47] /m samurai
[02/10/2015 00:59:47] /m samurai
[02/10/2015 00:59:47] /m samurai
[02/10/2015 00:59:47] /m samurai
[02/10/2015 00:59:48] /m samurai
[02/10/2015 00:59:48] /m samurai
[02/10/2015 00:59:48] /m samurai
[02/10/2015 00:59:49] /m samurai
[02/10/2015 00:59:50] /m samurai
[02/10/2015 00:59:50] /m samurai
[02/10/2015 00:59:50] /m samurai
[02/10/2015 00:59:51] /m samurai
[02/10/2015 00:59:51] /m samurai
[02/10/2015 00:59:52] /m samurai
[02/10/2015 00:59:53] /m samurai
[02/10/2015 00:59:53] /m samurai
[02/10/2015 00:59:54] /m samurai
[02/10/2015 00:59:55] /m samurai
[02/10/2015 00:59:55] /m samurai
[02/10/2015 00:59:55] /m samurai
[02/10/2015 00:59:56] /m samurai
[02/10/2015 00:59:58] /m samurai
[02/10/2015 00:59:59] /m monk
[02/10/2015 00:59:59] /m samurai
[02/10/2015 01:00:00] /m samurai
[02/10/2015 01:00:01] /m samurai
[02/10/2015 01:00:01] /m samurai
[02/10/2015 01:00:02] /m samurai
[02/10/2015 01:00:02] /m samurai
[02/10/2015 01:00:02] /m samurai
[02/10/2015 01:00:02] /m samurai
[02/10/2015 01:00:05] /m monk
[02/10/2015 01:00:05] /m monk
[02/10/2015 01:00:05] /m samurai
[02/10/2015 01:00:06] /m monk
[02/10/2015 01:00:06] /m samurai
[02/10/2015 01:00:06] /m monk
[02/10/2015 01:00:06] /m samurai
[02/10/2015 01:00:07] /m samurai
[02/10/2015 01:00:07] /m samurai
[02/10/2015 01:00:07] /m monk
[02/10/2015 01:00:07] /m samurai
[02/10/2015 01:00:07] /m monk
[02/10/2015 01:00:07] /m samurai
[02/10/2015 01:00:07] /m monk
[02/10/2015 01:00:08] /m samurai
[02/10/2015 01:00:08] /m monk
[02/10/2015 01:00:08] /m samurai
[02/10/2015 01:00:08] /m monk
[02/10/2015 01:00:08] /m samurai
[02/10/2015 01:00:08] /m monk
[02/10/2015 01:00:08] /m samurai
[02/10/2015 01:00:08] /m monk
[02/10/2015 01:00:09] /m samurai
[02/10/2015 01:00:09] /m monk
[02/10/2015 01:00:09] /m samurai
[02/10/2015 01:00:09] /m monk
[02/10/2015 01:00:09] /m samurai
[02/10/2015 01:00:09] /m monk
[02/10/2015 01:00:09] /m samurai
[02/10/2015 01:00:09] /m monk
[02/10/2015 01:00:10] /m samurai
[02/10/2015 01:00:10] /m monk
[02/10/2015 01:00:10] /m samurai
[02/10/2015 01:00:10] /m monk
[02/10/2015 01:00:10] /m samurai
[02/10/2015 01:00:10] /m monk
[02/10/2015 01:05:02] /m monk
[02/10/2015 01:05:02] /m monk
[02/10/2015 01:05:16] /ghost
[02/10/2015 01:05:20] /goto imortal
[02/10/2015 01:05:22] /m monk
[02/10/2015 01:05:26] /m samurai
[02/10/2015 01:05:26] /m samurai
[02/10/2015 01:05:26] /m samurai
[02/10/2015 01:05:26] /m samurai
[02/10/2015 01:05:26] /m samurai
[02/10/2015 01:05:27] /m samurai
[02/10/2015 01:05:37] /m samurai
[02/10/2015 01:05:39] /m samurai
[02/10/2015 01:05:40] /m samurai
[02/10/2015 01:05:40] /m samurai
[02/10/2015 01:05:41] /m samurai
[02/10/2015 01:05:41] /m samurai
[02/10/2015 01:05:41] /m samurai
[02/10/2015 01:05:42] /m samurai
[02/10/2015 01:05:42] /m samurai
[02/10/2015 01:05:42] /m samurai
[02/10/2015 01:05:43] /m samurai
[02/10/2015 01:05:43] /m samurai
[02/10/2015 01:05:43] /m samurai
[02/10/2015 01:05:44] /m samurai
[02/10/2015 01:05:44] /m samurai
[02/10/2015 01:05:44] /m samurai
[02/10/2015 01:05:44] /m samurai
[02/10/2015 01:05:44] /m samurai
[02/10/2015 01:05:44] /m samurai
[02/10/2015 01:05:44] /m samurai
[02/10/2015 01:05:44] /m samurai
[02/10/2015 01:05:44] /m samurai
[02/10/2015 01:05:44] /m samurai
[02/10/2015 01:05:44] /m samurai
[02/10/2015 01:05:44] /m samurai
[02/10/2015 01:05:44] /m samurai
[02/10/2015 01:05:44] /m samurai
[02/10/2015 01:05:44] /m samurai
[02/10/2015 01:05:44] /m samurai
[02/10/2015 01:05:44] /m samurai
[02/10/2015 01:05:44] /m samurai
[02/10/2015 01:05:44] /m samurai
[02/10/2015 01:05:44] /m samurai
[02/10/2015 01:05:44] /m samurai
[02/10/2015 01:05:45] /m samurai
[02/10/2015 01:05:45] /m samurai
[02/10/2015 01:05:45] /m samurai
[02/10/2015 01:05:55] /m samurai
[02/10/2015 01:06:35] /m samurai
[02/10/2015 01:06:36] /m samurai
[02/10/2015 01:06:36] /m samurai
[02/10/2015 01:06:36] /m samurai
[02/10/2015 01:06:36] /m samurai
[02/10/2015 01:06:36] /m samurai
[02/10/2015 01:06:36] /m samurai
[02/10/2015 01:06:36] /m samurai
[02/10/2015 01:06:36] /m samurai
[02/10/2015 01:06:36] /m samurai
[02/10/2015 01:06:36] /m samurai
[02/10/2015 01:06:36] /m samurai
[02/10/2015 01:06:36] /m samurai
[02/10/2015 01:06:40] /a
[02/10/2015 01:06:40] /m samurai
[02/10/2015 01:06:41] /m samurai
[02/10/2015 01:06:41] /m samurai
[02/10/2015 01:06:41] /m samurai
[02/10/2015 01:06:41] /m samurai
[02/10/2015 01:06:41] /m samurai
[02/10/2015 01:06:41] /m samurai
[02/10/2015 01:06:41] /m samurai
[02/10/2015 01:06:41] /m samurai
[02/10/2015 01:06:41] /m samurai
[02/10/2015 01:06:41] /m samurai
[02/10/2015 01:06:41] /m samurai
[02/10/2015 01:06:41] /m samurai
[02/10/2015 01:06:41] /m samurai
[02/10/2015 01:06:41] /m samurai
[02/10/2015 01:06:41] /m samurai
[02/10/2015 01:06:42] /m samurai
[02/10/2015 01:06:42] /m samurai
[02/10/2015 01:06:42] /m samurai
[02/10/2015 01:06:42] /m samurai
[02/10/2015 01:06:43] /a
[02/10/2015 01:06:43] /m samurai
[02/10/2015 01:06:44] /m samurai
[02/10/2015 01:06:44] /m samurai
[02/10/2015 01:06:44] /m samurai
[02/10/2015 01:06:44] /m samurai
[02/10/2015 01:06:44] /m samurai
[02/10/2015 01:06:44] /m samurai
[02/10/2015 01:06:44] /m samurai
[02/10/2015 01:06:44] /m samurai
[02/10/2015 01:06:44] /m samurai
[02/10/2015 01:06:44] /m samurai
[02/10/2015 01:06:44] /m samurai
[02/10/2015 01:06:44] /m samurai
[02/10/2015 01:06:45] /m samurai
[02/10/2015 01:06:45] /m samurai
[02/10/2015 01:06:45] /m samurai
[02/10/2015 01:06:45] /m samurai
[02/10/2015 01:06:45] /m samurai
[02/10/2015 01:06:45] /m samurai
[02/10/2015 01:06:45] /m samurai
[02/10/2015 01:06:45] /m samurai
[02/10/2015 01:06:45] /m samurai
[02/10/2015 01:06:45] /m samurai
[02/10/2015 01:06:45] /m samurai
[02/10/2015 01:06:45] /m samurai
[02/10/2015 01:06:46] /a
[02/10/2015 01:06:47] /m samurai
[02/10/2015 01:06:48] /m samurai
[02/10/2015 01:06:48] /m samurai
[02/10/2015 01:06:48] /m samurai
[02/10/2015 01:06:48] /m samurai
[02/10/2015 01:06:48] /m samurai
[02/10/2015 01:06:48] /m samurai
[02/10/2015 01:06:48] /m samurai
[02/10/2015 01:06:48] /m samurai
[02/10/2015 01:06:48] /m samurai
[02/10/2015 01:06:48] /m samurai
[02/10/2015 01:06:48] /m samurai
[02/10/2015 01:06:48] /m samurai
[02/10/2015 01:06:48] /m samurai
[02/10/2015 01:06:48] /m samurai
[02/10/2015 01:06:48] /m samurai
[02/10/2015 01:06:48] /m samurai
[02/10/2015 01:06:48] /m samurai
[02/10/2015 01:06:48] /m samurai
[02/10/2015 01:06:48] /m samurai
[02/10/2015 01:06:48] /m samurai
[02/10/2015 01:06:49] /m samurai
[02/10/2015 01:06:49] /m samurai
[02/10/2015 01:06:49] /m samurai
[02/10/2015 01:06:49] /m samurai
[02/10/2015 01:06:49] /m samurai
[02/10/2015 01:06:49] /m samurai
[02/10/2015 01:06:49] /m samurai
[02/10/2015 01:06:49] /m samurai
[02/10/2015 01:06:49] /m samurai
[02/10/2015 01:45:01] /ghost
[02/10/2015 01:45:05] /goto imortal
[02/10/2015 01:45:34] /m huge insect
[02/10/2015 01:45:35] /m huge insect
[02/10/2015 01:45:35] /m huge insect
[02/10/2015 01:45:36] /m huge insect
[02/10/2015 01:45:36] /m huge insect
[02/10/2015 01:45:36] /m huge insect
[02/10/2015 01:45:37] /m huge insect
[02/10/2015 01:45:37] /m huge insect
[02/10/2015 01:45:39] /m huge insect
[02/10/2015 01:45:39] /m huge insect
[02/10/2015 01:45:40] /m huge insect
[02/10/2015 01:45:40] /m huge insect
[02/10/2015 01:45:41] /m huge insect
[02/10/2015 01:45:46] /m samurai
[02/10/2015 01:45:46] /m samurai
[02/10/2015 01:45:47] /m samurai
[02/10/2015 01:45:48] /m samurai
[02/10/2015 01:45:48] /m samurai
[02/10/2015 01:45:49] /m samurai
[02/10/2015 01:45:49] /m samurai
[02/10/2015 01:45:50] /m samurai
[02/10/2015 01:45:50] /m samurai
[02/10/2015 01:45:51] /m samurai
[02/10/2015 01:45:58] /m juhi member
[02/10/2015 01:45:59] /m juhi member
[02/10/2015 01:45:59] /m juhi member
[02/10/2015 01:46:00] /m juhi member
[02/10/2015 01:46:00] /m juhi member
[02/10/2015 01:46:00] /m juhi member
[02/10/2015 01:46:01] /m juhi member
[02/10/2015 01:46:01] /m juhi member
[02/10/2015 01:46:02] /m juhi member
[02/10/2015 01:46:02] /m juhi member
[02/10/2015 01:46:02] /m juhi member
[02/10/2015 01:46:03] /m juhi member
[02/10/2015 01:46:03] /m juhi member
[02/10/2015 01:46:04] /m juhi member
[02/10/2015 01:46:04] /m juhi member
[02/10/2015 01:46:05] /m juhi member
[02/10/2015 01:46:05] /m juhi member
[02/10/2015 01:46:06] /m juhi member
[02/10/2015 01:46:06] /m juhi member
[02/10/2015 01:46:06] /m juhi member
[02/10/2015 01:46:08] /m juhi member
[02/10/2015 01:46:14] /m juhi member
[02/10/2015 01:46:15] /m juhi member
[02/10/2015 01:46:15] /m juhi member
[02/10/2015 01:46:21] /m commander
[02/10/2015 01:46:22] /m commander
[02/10/2015 01:46:23] /m commander
[02/10/2015 01:46:24] /m commander
[02/10/2015 01:46:25] /m commander
[02/10/2015 01:46:25] /m commander
[02/10/2015 01:46:26] /m commander
[02/10/2015 01:46:26] /m commander
[02/10/2015 01:46:27] /m commander
[02/10/2015 01:46:27] /m commander
[02/10/2015 01:46:28] /m commander
[02/10/2015 01:46:29] /m commander/m commander
[02/10/2015 01:46:29] /m commander
[02/10/2015 01:46:30] /m commander
[02/10/2015 01:46:30] /m commander
[02/10/2015 01:46:31] /m commander
[02/10/2015 01:46:34] /m commander
[02/10/2015 01:46:34] /m commander
[02/10/2015 01:46:38] /m monk
[02/10/2015 01:46:38] /m monk
[02/10/2015 01:46:39] /m monk
[02/10/2015 01:46:39] /m monk
[02/10/2015 01:46:39] /m monk
[02/10/2015 01:46:40] /m monk
[02/10/2015 01:46:40] /m monk
[02/10/2015 01:46:40] /m monk
[02/10/2015 01:46:41] /m monk
[02/10/2015 01:46:41] /m monk
[02/10/2015 01:46:42] /m monk
[02/10/2015 01:46:42] /m monk
[02/10/2015 01:46:42] /m monk
[02/10/2015 01:46:52] /r
[02/10/2015 01:46:54] /r
[02/10/2015 01:46:55] /r
[02/10/2015 01:46:56] /r
[02/10/2015 01:46:57] /r
[02/10/2015 01:46:59] /r
[02/10/2015 01:46:59] /r
[02/10/2015 01:47:00] /r
[02/10/2015 01:47:01] /r
[02/10/2015 01:47:02] /r
[02/10/2015 01:47:02] /r
[02/10/2015 01:47:05] /r
[02/10/2015 01:47:06] /r
[02/10/2015 01:47:07] /r
[02/10/2015 01:47:08] /r
[02/10/2015 01:47:30] /m sasuke uchiha
[02/10/2015 01:47:47] /m sasuke uchiha
[02/10/2015 01:48:07] /r
[02/10/2015 01:48:18] /r
[02/10/2015 01:48:18] /r
[02/10/2015 01:48:21] /r
[02/10/2015 01:48:23] /r
[02/10/2015 01:48:25] /r
[02/10/2015 01:49:32] /m monk
[02/10/2015 01:49:33] /m monk
[02/10/2015 01:49:33] /m monk
[02/10/2015 01:49:33] /m monk
[02/10/2015 01:49:34] /m monk
[02/10/2015 01:49:34] /m monk
[02/10/2015 01:49:34] /m monk
[02/10/2015 01:49:35] /m monk
[02/10/2015 01:49:35] /m monk
[02/10/2015 01:49:37] /m monk
[02/10/2015 01:49:43] /m monk
[02/10/2015 01:49:44] /m monk
[02/10/2015 01:49:44] /m monk
[02/10/2015 01:49:44] /m monk
[02/10/2015 01:49:45] /m monk
[02/10/2015 01:49:45] /m monk
[02/10/2015 01:49:46] /m monk
[02/10/2015 01:49:46] /m monk
[02/10/2015 01:49:46] /m monk
[02/10/2015 01:49:48] /m monk
[02/10/2015 01:49:49] /m monk
[02/10/2015 01:49:49] /m monk
[02/10/2015 01:49:50] /m monk
[02/10/2015 01:49:50] /m monk
[02/10/2015 01:49:51] /m monk
[02/10/2015 01:49:51] /m monk
[02/10/2015 01:49:52] /m monk
[02/10/2015 01:49:52] /m monk
[02/10/2015 01:49:53] /m monk
[02/10/2015 01:49:53] /m monk
[02/10/2015 01:49:54] /m monk
[02/10/2015 01:49:57] /m sasuke
[02/10/2015 01:50:04] /m sasuke
[02/10/2015 01:50:07] /m sasuke
[02/10/2015 01:50:09] /m sasuke
[02/10/2015 01:50:18] /m sasuke uchua
[02/10/2015 01:50:21] /m sasuke uchiha
[02/10/2015 01:50:21] /m sasuke uchiha
[02/10/2015 01:50:25] /m sasuke uchiha
[02/10/2015 01:50:57] /t
[02/10/2015 08:46:27] /t
[02/10/2015 08:46:39] /i hyper glove attack
[02/10/2015 08:46:54] /i hyper glove attack
