[28/12/2014 18:40:31] /m rat
[28/12/2014 18:40:34] /m rat
[02/01/2015 13:37:53] /m bunshin
[02/01/2015 13:37:55] /m bunshin
[02/01/2015 13:37:58] /m rat
[02/01/2015 13:38:06] /m clone
[02/01/2015 13:38:07] /m clon
[02/01/2015 13:38:23] /m kikai
[02/01/2015 13:38:24] /m kikai
[02/01/2015 13:38:26] /m kikai
[02/01/2015 13:38:27] /m kikai
[02/01/2015 13:49:05] /m kikai
[02/01/2015 13:49:06] /m kikai
[02/01/2015 13:49:07] /m kikai
[02/01/2015 13:49:08] /m kikai
[02/01/2015 13:49:09] /m kikai
[02/01/2015 13:49:10] /m kikai
[02/01/2015 13:49:11] /m kikai
[02/01/2015 13:49:12] /m kikai
[02/01/2015 13:49:13] /m kikai
[02/01/2015 13:49:16] /a
[02/01/2015 13:50:30] /a
[02/01/2015 13:50:31] /a
[02/01/2015 13:50:36] /a
[02/01/2015 13:50:39] /a
[02/01/2015 13:50:42] /a
[02/01/2015 13:50:44] /a
[02/01/2015 13:50:51] /a
[02/01/2015 13:52:55] /m 2478
[02/01/2015 13:53:40] /i 2478
[02/01/2015 13:53:44] /i 2478
[02/01/2015 13:54:08] /i 2173
[02/01/2015 13:54:36] /i 2525
[02/01/2015 14:09:06] /m kikai
[02/01/2015 14:09:06] /m kikai
[02/01/2015 14:10:54] /goto [ANBU]Pik Grossa
[02/01/2015 14:10:56] /goto [ANBU]Pik Grossa
[02/01/2015 14:10:56] /goto [ANBU]Pik Grossa
[02/01/2015 14:10:57] /goto [ANBU]Pik Grossa
[03/01/2015 12:40:09] /m troll
[03/01/2015 12:40:10] /m troll
[03/01/2015 12:40:10] /m troll
[03/01/2015 12:40:11] /m troll
[03/01/2015 12:40:11] /m troll
[03/01/2015 12:40:12] /m troll
[03/01/2015 12:41:03] /m tortoise
[03/01/2015 12:41:07] /m tortoise
[03/01/2015 12:41:07] /m tortoise
[03/01/2015 12:41:08] /m tortoise
[03/01/2015 12:41:08] /m tortoise
[03/01/2015 12:41:09] /m tortoise
[03/01/2015 12:41:11] /m tortoise
[03/01/2015 12:41:12] /m tortoise
[03/01/2015 12:41:12] /m tortoise
[03/01/2015 12:41:13] /m tortoise
[03/01/2015 12:41:13] /m tortoise
[03/01/2015 12:42:54] /m thornback tortoise
[03/01/2015 12:42:55] /m thornback tortoise
[03/01/2015 12:42:56] /m thornback tortoise
[03/01/2015 12:42:56] /m thornback tortoise
[03/01/2015 12:42:57] /m thornback tortoise
[03/01/2015 12:42:57] /m thornback tortoise
[03/01/2015 12:42:58] /m thornback tortoise
[03/01/2015 12:42:59] /m thornback tortoise
[03/01/2015 12:43:00] /m thornback tortoise
[03/01/2015 12:43:00] /m thornback tortoise
[03/01/2015 12:43:01] /m thornback tortoise
[03/01/2015 12:43:03] /m thornback tortoise
[03/01/2015 12:43:04] /m thornback tortoise
[03/01/2015 12:43:04] /m thornback tortoise
[03/01/2015 12:43:05] /m thornback tortoise
[03/01/2015 12:43:06] /m thornback tortoise
[03/01/2015 12:43:07] /m thornback tortoise
[03/01/2015 13:18:44] /i ham
[03/01/2015 22:39:17] /m thornback tortoise
[03/01/2015 22:39:18] /m thornback tortoise
[03/01/2015 22:39:19] /m thornback tortoise
[03/01/2015 22:39:19] /m thornback tortoise
[03/01/2015 22:39:20] /m thornback tortoise
[03/01/2015 22:39:20] /m thornback tortoise
[03/01/2015 22:39:21] /m thornback tortoise
[03/01/2015 22:39:21] /m thornback tortoise
[03/01/2015 22:57:00] /m thronback tortoise
[03/01/2015 22:57:02] /m thronback tortoise
[03/01/2015 22:57:12] /m thronback tortoise
[03/01/2015 22:57:28] /m thronback tortoise
[03/01/2015 22:57:33] /m throback tortoise
[03/01/2015 22:57:41] /m tortoise
[03/01/2015 22:57:41] /m tortoise
[03/01/2015 22:57:42] /m tortoise
[03/01/2015 22:57:42] /m tortoise
[03/01/2015 22:57:43] /m tortoise
[03/01/2015 22:57:44] /m tortoise
[03/01/2015 22:57:44] /m tortoise
[03/01/2015 22:58:45] /m thornback tortoise]
[03/01/2015 22:58:46] /m thornback tortoise
[03/01/2015 22:58:47] /m thornback tortoise
[03/01/2015 22:58:48] /m thornback tortoise
[03/01/2015 22:58:48] /m thornback tortoise
[03/01/2015 22:58:49] /m thornback tortoise
[04/01/2015 00:15:53] /m tortoise
[04/01/2015 00:15:54] /m tortoise
[04/01/2015 00:15:54] /m tortoise
[04/01/2015 00:15:55] /m tortoise
[04/01/2015 00:15:58] /m tortoise
[04/01/2015 00:15:58] /m tortoise
[04/01/2015 00:15:59] /m tortoise
[04/01/2015 00:15:59] /m tortoise
[04/01/2015 00:16:00] /m tortoise
[04/01/2015 00:16:01] /m tortoise
[04/01/2015 00:16:57] /m thornback tortoise
[04/01/2015 00:16:58] /m thornback tortoise
[04/01/2015 00:16:59] /m thornback tortoise
[04/01/2015 00:17:00] /m thornback tortoise
[04/01/2015 00:17:01] /m thornback tortoise
[04/01/2015 00:17:01] /m thornback tortoise
[04/01/2015 00:17:04] /m thornback tortoise
[04/01/2015 00:17:05] /m thornback tortoise
[04/01/2015 00:17:05] /m thornback tortoise
[04/01/2015 00:25:39] /m thornback tortoise
[04/01/2015 00:25:40] /m thornback tortoise
[04/01/2015 00:25:41] /m thornback tortoise
[04/01/2015 00:25:42] /m thornback tortoise
[04/01/2015 00:25:42] /m thornback tortoise
[04/01/2015 00:25:43] /m thornback tortoise
[04/01/2015 00:25:43] /m thornback tortoise
[04/01/2015 00:25:44] /m thornback tortoise
[04/01/2015 00:25:44] /m thornback tortoise
[04/01/2015 00:25:46] /m thornback tortoise
[04/01/2015 00:25:46] /m thornback tortoise
[04/01/2015 00:25:47] /m thornback tortoise
[04/01/2015 00:25:47] /m thornback tortoise
[04/01/2015 00:25:47] /m thornback tortoise
[04/01/2015 00:25:48] /m thornback tortoise
[04/01/2015 00:25:48] /m thornback tortoise
[04/01/2015 00:25:49] /m thornback tortoise
[04/01/2015 00:25:49] /m thornback tortoise
[04/01/2015 00:25:49] /m thornback tortoise
[04/01/2015 00:25:49] /m thornback tortoise
[04/01/2015 00:25:49] /m thornback tortoise
[04/01/2015 00:25:50] /m thornback tortoise
[04/01/2015 00:25:50] /m thornback tortoise
[04/01/2015 00:25:51] /m thornback tortoise
[04/01/2015 00:25:52] /m thornback tortoise
[04/01/2015 00:25:52] /m thornback tortoise
[04/01/2015 00:25:53] /m thornback tortoise
[04/01/2015 00:25:53] /m thornback tortoise
[04/01/2015 00:25:53] /m thornback tortoise
[04/01/2015 00:25:53] /m thornback tortoise
[04/01/2015 00:25:54] /m thornback tortoise
[04/01/2015 00:25:54] /m thornback tortoise
[04/01/2015 00:25:54] /m thornback tortoise
[04/01/2015 00:25:54] /m thornback tortoise
[04/01/2015 00:25:54] /m thornback tortoise
[04/01/2015 00:25:55] /m thornback tortoise
[04/01/2015 00:25:55] /m thornback tortoise
[04/01/2015 00:25:55] /m thornback tortoise
[04/01/2015 00:25:56] /m thornback tortoise
[04/01/2015 00:25:56] /m thornback tortoise
[04/01/2015 00:25:56] /m thornback tortoise
[04/01/2015 00:25:56] /m thornback tortoise
[04/01/2015 00:25:56] /m thornback tortoise
[04/01/2015 00:25:56] /m thornback tortoise
[04/01/2015 00:25:58] /m thornback tortoise
[04/01/2015 00:25:58] /m thornback tortoise
[04/01/2015 00:25:58] /m thornback tortoise
[04/01/2015 00:25:58] /m thornback tortoise
[04/01/2015 00:25:59] /m thornback tortoise
[04/01/2015 00:25:59] /m thornback tortoise
[04/01/2015 00:25:59] /m thornback tortoise
[04/01/2015 00:25:59] /m thornback tortoise
[04/01/2015 00:25:59] /m thornback tortoise
[04/01/2015 00:25:59] /m thornback tortoise
[04/01/2015 00:26:00] /m thornback tortoise
[04/01/2015 00:26:00] /m thornback tortoise
[04/01/2015 00:26:01] /m thornback tortoise
[04/01/2015 00:26:02] /m thornback tortoise
[04/01/2015 00:26:02] /m thornback tortoise
[04/01/2015 00:26:02] /m thornback tortoise
[04/01/2015 00:26:02] /m thornback tortoise
[04/01/2015 00:26:03] /m thornback tortoise
[04/01/2015 00:26:03] /m thornback tortoise
[04/01/2015 00:26:04] /m thornback tortoise
[04/01/2015 00:26:04] /m thornback tortoise
[04/01/2015 00:26:04] /m thornback tortoise
[04/01/2015 00:26:04] /m thornback tortoise
[04/01/2015 00:26:05] /m thornback tortoise
[04/01/2015 00:26:05] /m thornback tortoise
[04/01/2015 00:26:05] /m thornback tortoise
[04/01/2015 00:26:05] /m thornback tortoise
[04/01/2015 00:26:06] /m thornback tortoise
[04/01/2015 00:26:06] /m thornback tortoise
[04/01/2015 00:26:06] /m thornback tortoise
[04/01/2015 00:26:07] /m thornback tortoise
[04/01/2015 00:26:07] /m thornback tortoise
[04/01/2015 00:26:07] /m thornback tortoise
[04/01/2015 00:26:08] /m thornback tortoise
[04/01/2015 00:26:08] /m thornback tortoise
[04/01/2015 00:26:09] /m thornback tortoise
[04/01/2015 00:26:09] /m thornback tortoise
[04/01/2015 00:26:09] /m thornback tortoise
[04/01/2015 00:26:09] /m thornback tortoise
[04/01/2015 00:26:11] /m thornback tortoise
[04/01/2015 00:26:11] /m thornback tortoise
[04/01/2015 00:26:12] /m thornback tortoise
[04/01/2015 00:26:13] /m thornback tortoise
[04/01/2015 00:26:13] /m thornback tortoise
[04/01/2015 00:26:13] /m thornback tortoise
[04/01/2015 00:26:14] /m thornback tortoise
[04/01/2015 00:26:14] /m thornback tortoise
[04/01/2015 00:26:14] /m thornback tortoise
[04/01/2015 00:26:14] /m thornback tortoise
[04/01/2015 00:26:15] /m thornback tortoise
[04/01/2015 00:26:15] /m thornback tortoise
[04/01/2015 00:38:41] /m thornback tortoise
[04/01/2015 00:38:42] /m thornback tortoise
[04/01/2015 00:38:42] /m thornback tortoise
[04/01/2015 00:38:42] /m thornback tortoise
[04/01/2015 00:38:42] /m thornback tortoise
[04/01/2015 00:38:43] /m thornback tortoise
[04/01/2015 00:38:43] /m thornback tortoise
[04/01/2015 00:38:45] /m thornback tortoise
[04/01/2015 00:38:46] /m thornback tortoise
[04/01/2015 00:38:46] /m thornback tortoise
[04/01/2015 00:38:46] /m thornback tortoise
[04/01/2015 00:38:46] /m thornback tortoise
[04/01/2015 00:38:46] /m thornback tortoise
[04/01/2015 00:38:46] /m thornback tortoise
[04/01/2015 00:38:47] /m thornback tortoise
[04/01/2015 00:38:47] /m thornback tortoise
[04/01/2015 00:38:47] /m thornback tortoise
[04/01/2015 00:38:47] /m thornback tortoise
[04/01/2015 00:38:47] /m thornback tortoise
[04/01/2015 00:38:48] /m thornback tortoise
[04/01/2015 00:38:48] /m thornback tortoise
[04/01/2015 00:38:48] /m thornback tortoise
[04/01/2015 00:38:48] /m thornback tortoise
[04/01/2015 00:38:49] /m thornback tortoise
[04/01/2015 00:38:49] /m thornback tortoise
[04/01/2015 00:38:49] /m thornback tortoise
[04/01/2015 00:38:50] /m thornback tortoise
[04/01/2015 00:38:50] /m thornback tortoise
[04/01/2015 00:38:50] /m thornback tortoise
[04/01/2015 00:38:50] /m thornback tortoise
[04/01/2015 00:38:50] /m thornback tortoise
[04/01/2015 00:38:51] /m thornback tortoise
[04/01/2015 00:38:51] /m thornback tortoise
[04/01/2015 00:38:51] /m thornback tortoise
[04/01/2015 00:38:51] /m thornback tortoise
[04/01/2015 00:38:51] /m thornback tortoise
[04/01/2015 00:38:52] /m thornback tortoise
[04/01/2015 00:38:52] /m thornback tortoise
[04/01/2015 00:38:52] /m thornback tortoise
[04/01/2015 00:38:52] /m thornback tortoise
[04/01/2015 00:38:55] /m thornback tortoise
[04/01/2015 00:38:55] /m thornback tortoise
[04/01/2015 00:38:55] /m thornback tortoise
[04/01/2015 00:38:55] /m thornback tortoise
[04/01/2015 00:38:55] /m thornback tortoise
[04/01/2015 00:38:56] /m thornback tortoise
[04/01/2015 00:38:56] /m thornback tortoise
[04/01/2015 00:38:56] /m thornback tortoise
[04/01/2015 00:38:56] /m thornback tortoise
[04/01/2015 00:38:56] /m thornback tortoise
[04/01/2015 00:38:57] /m thornback tortoise
[04/01/2015 00:38:57] /m thornback tortoise
[04/01/2015 00:38:57] /m thornback tortoise
[04/01/2015 00:38:59] /m thornback tortoise
[04/01/2015 00:38:59] /m thornback tortoise
[04/01/2015 00:39:00] /m thornback tortoise
[04/01/2015 00:39:00] /m thornback tortoise
[04/01/2015 00:39:00] /m thornback tortoise
[04/01/2015 00:39:00] /m thornback tortoise
[04/01/2015 00:39:01] /m thornback tortoise
[04/01/2015 00:39:01] /m thornback tortoise
[04/01/2015 00:39:01] /m thornback tortoise
[04/01/2015 14:23:41] /m thornback tortoise
[04/01/2015 14:23:42] /m thornback tortoise
[04/01/2015 15:04:31] /m tortoise
[04/01/2015 15:05:09] /m tortoise
[04/01/2015 15:05:34] /m tortoise
[04/01/2015 15:06:40] /m tortoise
[04/01/2015 15:06:41] /m tortoise
[04/01/2015 15:07:36] /m tortoise
[04/01/2015 15:11:20] /m tortoise
[04/01/2015 15:11:46] /m tortoise
[04/01/2015 15:12:03] /m tortoise
[04/01/2015 15:12:22] /m tortoise
[04/01/2015 15:25:18] /m tortoise
[04/01/2015 15:25:36] /m tortoise
[04/01/2015 15:25:36] /m tortoise
[04/01/2015 15:25:37] /m tortoise
[04/01/2015 15:25:37] /m tortoise
[04/01/2015 16:44:54] /m tajuu bunshin
[04/01/2015 16:47:02] /m tajuu bunshin
[04/01/2015 16:47:38] /m tajuu bunshin
[04/01/2015 16:52:38] /m tajuu bunshin
[04/01/2015 16:57:36] /m thronback tortoise
[04/01/2015 16:57:43] /m thrornback tortoise
[04/01/2015 16:57:47] /m thornback tortoise
[04/01/2015 16:57:48] /m thornback tortoise
[04/01/2015 16:57:49] /m thornback tortoise
[04/01/2015 16:57:49] /m thornback tortoise
[04/01/2015 16:57:49] /m thornback tortoise
[04/01/2015 16:57:50] /m thornback tortoise
[04/01/2015 16:57:50] /m thornback tortoise
[04/01/2015 16:57:51] /m thornback tortoise
[04/01/2015 16:58:17] /i ham
[04/01/2015 16:58:25] /i intense healing rune
[04/01/2015 16:58:44] /i heath potion
[04/01/2015 16:58:51] /i heath potion
[04/01/2015 17:00:17] /m thornback tortoise
[04/01/2015 17:00:18] /m thornback tortoise
[04/01/2015 17:00:18] /m thornback tortoise
[04/01/2015 17:00:18] /m thornback tortoise
[04/01/2015 17:00:18] /m thornback tortoise
[04/01/2015 17:00:19] /m thornback tortoise
[04/01/2015 17:00:19] /m thornback tortoise
[04/01/2015 17:00:19] /m thornback tortoise
[04/01/2015 17:00:20] /m thornback tortoise
[04/01/2015 17:00:20] /m thornback tortoise
[04/01/2015 17:00:20] /m thornback tortoise
[04/01/2015 17:00:21] /m thornback tortoise
[04/01/2015 17:00:21] /m thornback tortoise
[04/01/2015 17:00:21] /m thornback tortoise
[04/01/2015 17:00:21] /m thornback tortoise
[04/01/2015 17:00:22] /m thornback tortoise
[04/01/2015 17:00:23] /m thornback tortoise
[04/01/2015 17:00:23] /m thornback tortoise
[04/01/2015 17:00:25] /m thornback tortoise
[04/01/2015 17:00:25] /m thornback tortoise
[04/01/2015 17:00:26] /m thornback tortoise
[04/01/2015 17:00:26] /m thornback tortoise
[04/01/2015 17:00:27] /m thornback tortoise
[04/01/2015 17:00:27] /m thornback tortoise
[04/01/2015 17:00:27] /m thornback tortoise
[04/01/2015 17:00:28] /m thornback tortoise
[04/01/2015 17:00:28] /m thornback tortoise
[04/01/2015 17:00:29] /m thornback tortoise
[04/01/2015 17:00:30] /m thornback tortoise
[04/01/2015 17:00:30] /m thornback tortoise
[04/01/2015 17:00:30] /m thornback tortoise
[04/01/2015 17:00:30] /m thornback tortoise
[04/01/2015 17:00:30] /m thornback tortoise
[04/01/2015 17:00:31] /m thornback tortoise
[04/01/2015 17:00:31] /m thornback tortoise
[04/01/2015 17:00:31] /m thornback tortoise
[04/01/2015 17:00:32] /m thornback tortoise
[04/01/2015 17:00:32] /m thornback tortoise
[04/01/2015 17:00:33] /m thornback tortoise
[04/01/2015 17:00:34] /m thornback tortoise
[04/01/2015 17:00:34] /m thornback tortoise
[04/01/2015 17:00:35] /m thornback tortoise
[04/01/2015 17:00:35] /m thornback tortoise
[04/01/2015 17:00:36] /m thornback tortoise
[04/01/2015 17:00:36] /m thornback tortoise
[04/01/2015 17:00:37] /m thornback tortoise
[04/01/2015 17:00:37] /m thornback tortoise
[04/01/2015 17:00:38] /m thornback tortoise
[04/01/2015 17:00:38] /m thornback tortoise
[04/01/2015 17:00:38] /m thornback tortoise
[04/01/2015 17:00:39] /m thornback tortoise
[04/01/2015 17:00:39] /m thornback tortoise
[04/01/2015 17:00:39] /m thornback tortoise
[04/01/2015 17:00:40] /m thornback tortoise
[04/01/2015 17:00:40] /m thornback tortoise
[04/01/2015 17:00:40] /m thornback tortoise
[04/01/2015 17:00:41] /m thornback tortoise
[04/01/2015 17:00:42] /m thornback tortoise
[04/01/2015 17:06:38] /m thornback tortoise
[04/01/2015 17:06:39] /m thornback tortoise
[04/01/2015 17:06:39] /m thornback tortoise
[04/01/2015 17:06:40] /m thornback tortoise
[04/01/2015 17:06:41] /m thornback tortoise
[04/01/2015 17:06:41] /m thornback tortoise
[04/01/2015 17:06:41] /m thornback tortoise
[04/01/2015 17:06:42] /m thornback tortoise
[04/01/2015 17:06:42] /m thornback tortoise
[04/01/2015 17:06:43] /m thornback tortoise
[04/01/2015 17:06:43] /m thornback tortoise
[04/01/2015 17:06:44] /m thornback tortoise
[04/01/2015 17:06:44] /m thornback tortoise
[04/01/2015 17:06:45] /m thornback tortoise
[04/01/2015 17:06:45] /m thornback tortoise
[04/01/2015 17:06:46] /m thornback tortoise
[04/01/2015 17:06:46] /m thornback tortoise
[04/01/2015 17:06:46] /m thornback tortoise
[04/01/2015 17:06:47] /m thornback tortoise
[04/01/2015 17:06:48] /m thornback tortoise
[04/01/2015 17:06:49] /m thornback tortoise
[04/01/2015 17:06:49] /m thornback tortoise
[04/01/2015 17:06:49] /m thornback tortoise
[04/01/2015 17:06:50] /m thornback tortoise
[04/01/2015 17:06:51] /m thornback tortoise
[04/01/2015 17:06:52] /m thornback tortoise
[04/01/2015 17:06:52] /m thornback tortoise
[04/01/2015 17:06:52] /m thornback tortoise
[04/01/2015 17:06:53] /m thornback tortoise
[04/01/2015 17:06:53] /m thornback tortoise
[04/01/2015 17:06:54] /m thornback tortoise
[04/01/2015 17:06:54] /m thornback tortoise
[04/01/2015 17:06:55] /m thornback tortoise
[04/01/2015 17:06:55] /m thornback tortoise
[04/01/2015 17:06:55] /m thornback tortoise
[04/01/2015 17:06:56] /m thornback tortoise
[04/01/2015 17:06:56] /m thornback tortoise
[04/01/2015 17:06:56] /m thornback tortoise
[04/01/2015 17:06:57] /m thornback tortoise
[04/01/2015 17:06:57] /m thornback tortoise
[04/01/2015 17:06:57] /m thornback tortoise
[04/01/2015 17:06:58] /m thornback tortoise
[04/01/2015 17:06:58] /m thornback tortoise
[04/01/2015 17:06:58] /m thornback tortoise
[04/01/2015 17:06:59] /m thornback tortoise
[04/01/2015 17:07:00] /m thornback tortoise
[04/01/2015 17:07:00] /m thornback tortoise
[04/01/2015 17:07:00] /m thornback tortoise
[04/01/2015 17:07:00] /m thornback tortoise
[04/01/2015 17:07:01] /m thornback tortoise
[04/01/2015 17:07:02] /m thornback tortoise
[04/01/2015 17:07:02] /m thornback tortoise
[04/01/2015 17:07:03] /m thornback tortoise
[04/01/2015 17:07:03] /m thornback tortoise
[04/01/2015 17:07:03] /m thornback tortoise
[04/01/2015 17:07:04] /m thornback tortoise
[04/01/2015 17:07:04] /m thornback tortoise
[04/01/2015 17:07:04] /m thornback tortoise
[04/01/2015 17:07:05] /m thornback tortoise
[04/01/2015 17:07:05] /m thornback tortoise
[04/01/2015 17:07:06] /m thornback tortoise
[04/01/2015 17:07:07] /m thornback tortoise
[04/01/2015 17:07:07] /m thornback tortoise
[04/01/2015 17:07:07] /m thornback tortoise
[04/01/2015 17:07:07] /m thornback tortoise
[04/01/2015 17:07:08] /m thornback tortoise
[04/01/2015 17:07:08] /m thornback tortoise
[04/01/2015 17:07:08] /m thornback tortoise
[04/01/2015 17:07:09] /m thornback tortoise
[04/01/2015 17:07:10] /m thornback tortoise
[04/01/2015 17:07:10] /m thornback tortoise
[04/01/2015 17:07:11] /m thornback tortoise
[04/01/2015 17:07:11] /m thornback tortoise
[04/01/2015 17:07:11] /m thornback tortoise
[04/01/2015 17:07:11] /m thornback tortoise
[04/01/2015 17:07:12] /m thornback tortoise
[04/01/2015 17:07:12] /m thornback tortoise
[04/01/2015 17:07:12] /m thornback tortoise
[04/01/2015 17:07:13] /m thornback tortoise
[04/01/2015 17:07:13] /m thornback tortoise
[04/01/2015 17:07:13] /m thornback tortoise
[04/01/2015 17:07:13] /m thornback tortoise
[04/01/2015 17:07:13] /m thornback tortoise
[04/01/2015 17:07:13] /m thornback tortoise
[04/01/2015 17:10:56] /m thornback tortoise
[04/01/2015 17:10:56] /m thornback tortoise
[04/01/2015 17:10:56] /m thornback tortoise
[04/01/2015 17:10:57] /m thornback tortoise
[04/01/2015 17:10:58] /m thornback tortoise
[04/01/2015 17:10:59] /m thornback tortoise
[04/01/2015 17:10:59] /m thornback tortoise
[04/01/2015 17:10:59] /m thornback tortoise
[04/01/2015 17:10:59] /m thornback tortoise
[04/01/2015 17:11:00] /m thornback tortoise
[04/01/2015 17:11:00] /m thornback tortoise
[04/01/2015 17:11:01] /m thornback tortoise
[04/01/2015 17:11:01] /m thornback tortoise
[04/01/2015 17:11:01] /m thornback tortoise
[04/01/2015 17:11:01] /m thornback tortoise
[04/01/2015 17:11:01] /m thornback tortoise
[04/01/2015 17:11:03] /m thornback tortoise
[04/01/2015 17:11:03] /m thornback tortoise
[04/01/2015 17:11:03] /m thornback tortoise
[04/01/2015 17:11:03] /m thornback tortoise
[04/01/2015 17:11:03] /m thornback tortoise
[04/01/2015 17:11:04] /m thornback tortoise
[04/01/2015 17:11:04] /m thornback tortoise
[04/01/2015 17:11:04] /m thornback tortoise
[04/01/2015 17:11:04] /m thornback tortoise
[04/01/2015 17:11:05] /m thornback tortoise
[04/01/2015 17:11:05] /m thornback tortoise
[04/01/2015 17:11:05] /m thornback tortoise
[04/01/2015 17:11:05] /m thornback tortoise
[04/01/2015 17:11:06] /m thornback tortoise
[04/01/2015 17:11:07] /m thornback tortoise
[04/01/2015 17:11:07] /m thornback tortoise
[04/01/2015 17:11:07] /m thornback tortoise
[04/01/2015 17:11:08] /m thornback tortoise
[04/01/2015 17:11:10] /m thornback tortoise
[04/01/2015 17:11:10] /m thornback tortoise
[04/01/2015 17:11:11] /m thornback tortoise
[04/01/2015 17:11:11] /m thornback tortoise
[04/01/2015 17:11:12] /m thornback tortoise
[04/01/2015 17:11:12] /m thornback tortoise
[04/01/2015 17:11:12] /m thornback tortoise
[04/01/2015 17:11:13] /m thornback tortoise
[04/01/2015 17:11:13] /m thornback tortoise
[04/01/2015 17:11:13] /m thornback tortoise
[04/01/2015 17:11:16] /m thornback tortoise
[04/01/2015 17:11:16] /m thornback tortoise
[04/01/2015 17:11:16] /m thornback tortoise
[04/01/2015 17:11:16] /m thornback tortoise
[04/01/2015 17:11:17] /m thornback tortoise
[04/01/2015 17:11:17] /m thornback tortoise
[04/01/2015 17:11:42] /t
[04/01/2015 17:11:44] /i ham
[04/01/2015 17:18:33] /m thornback tortoise
[04/01/2015 17:18:34] /m thornback tortoise
[04/01/2015 17:18:34] /m thornback tortoise
[04/01/2015 17:18:35] /m thornback tortoise
[04/01/2015 17:18:37] /m thornback tortoise
[04/01/2015 17:18:37] /m thornback tortoise
[04/01/2015 17:18:37] /m thornback tortoise
[04/01/2015 17:18:38] /m thornback tortoise
[04/01/2015 17:18:38] /m thornback tortoise
[04/01/2015 17:18:38] /m thornback tortoise
[04/01/2015 17:18:38] /m thornback tortoise
[04/01/2015 17:18:39] /m thornback tortoise
[04/01/2015 17:18:39] /m thornback tortoise
[04/01/2015 17:18:39] /m thornback tortoise
[04/01/2015 17:18:39] /m thornback tortoise
[04/01/2015 17:18:39] /m thornback tortoise
[04/01/2015 17:18:40] /m thornback tortoise
[04/01/2015 17:18:40] /m thornback tortoise
[04/01/2015 17:18:40] /m thornback tortoise
[04/01/2015 17:18:40] /m thornback tortoise
[04/01/2015 17:18:40] /m thornback tortoise
[04/01/2015 17:18:40] /m thornback tortoise
[04/01/2015 17:18:41] /m thornback tortoise
[04/01/2015 17:18:41] /m thornback tortoise
[04/01/2015 17:18:41] /m thornback tortoise
[04/01/2015 17:18:41] /m thornback tortoise
[04/01/2015 17:18:41] /m thornback tortoise
[04/01/2015 17:18:41] /m thornback tortoise
[04/01/2015 17:18:42] /m thornback tortoise
[04/01/2015 17:18:42] /m thornback tortoise
[04/01/2015 17:18:42] /m thornback tortoise
[04/01/2015 17:18:42] /m thornback tortoise
[04/01/2015 17:18:43] /m thornback tortoise
[04/01/2015 17:18:43] /m thornback tortoise
[04/01/2015 17:18:43] /m thornback tortoise
[04/01/2015 17:18:43] /m thornback tortoise
[04/01/2015 17:18:43] /m thornback tortoise
[04/01/2015 17:18:43] /m thornback tortoise
[04/01/2015 17:18:44] /m thornback tortoise
[04/01/2015 17:18:44] /m thornback tortoise
[04/01/2015 17:18:44] /m thornback tortoise
[04/01/2015 17:18:44] /m thornback tortoise
[04/01/2015 17:18:44] /m thornback tortoise
[04/01/2015 17:18:44] /m thornback tortoise
[04/01/2015 17:18:46] /m thornback tortoise
[04/01/2015 17:18:46] /m thornback tortoise
[04/01/2015 17:18:47] /m thornback tortoise
[04/01/2015 17:18:47] /m thornback tortoise
[04/01/2015 17:18:47] /m thornback tortoise
[04/01/2015 17:18:47] /m thornback tortoise
[04/01/2015 17:18:53] /m thornback tortoise
[04/01/2015 17:18:53] /m thornback tortoise
[04/01/2015 17:18:54] /m thornback tortoise
[04/01/2015 17:18:54] /m thornback tortoise
[04/01/2015 17:18:54] /m thornback tortoise
[04/01/2015 17:18:54] /m thornback tortoise
[04/01/2015 17:23:07] /t
[04/01/2015 17:23:09] /i ham
[04/01/2015 17:59:33] /n sakura
[04/01/2015 18:00:32] /n sakura
[04/01/2015 18:00:54] /n sakura
[04/01/2015 18:01:33] /n sakura
[04/01/2015 18:02:45] /n sakura
[04/01/2015 18:04:30] /n sakura
[05/01/2015 00:05:40] /n sakura
[05/01/2015 00:10:15] /n sakura
[05/01/2015 00:10:27] /r
[05/01/2015 00:10:47] /r
[05/01/2015 00:10:49] /n sakura
[05/01/2015 00:13:46] /n sakura
[05/01/2015 00:15:35] /n sakura
[05/01/2015 00:15:54] /n sakura
[05/01/2015 00:16:07] /n sakura
[05/01/2015 00:16:47] /n sakura
[05/01/2015 00:17:36] /n sakura
[05/01/2015 00:19:11] /n sakura
[05/01/2015 00:19:27] /n sakura
[05/01/2015 00:45:04] /n sakura
[05/01/2015 11:01:47] /m thornback tortoise
[05/01/2015 11:01:48] /m thornback tortoise
[05/01/2015 11:05:47] /m thornback tortoise
[05/01/2015 11:14:07] /m thornback tortoise
[05/01/2015 11:14:18] /m trainer
[06/01/2015 13:08:46] /m wolf
[06/01/2015 13:08:52] /m bandit
[06/01/2015 13:09:30] /i straw gloves
[06/01/2015 13:09:58] /i bandit shirt
[06/01/2015 13:10:00] /i bandit short
[06/01/2015 14:03:37] /m trainer
