[19/04/2010 00:40:32] /down
[19/04/2010 00:40:50] /r
[19/04/2010 00:41:31] /a 5
[19/04/2010 00:41:32] /a 5
[19/04/2010 00:41:33] /a 5
[19/04/2010 00:41:33] /a 5
[19/04/2010 00:41:34] /a 5
[19/04/2010 00:41:35] /a 5
[19/04/2010 00:41:37] /a 5
[19/04/2010 00:41:47] /a 5
[19/04/2010 00:49:19] /down
[19/04/2010 00:49:20] /down
[19/04/2010 00:49:23] /up
[19/04/2010 00:49:23] /up
[19/04/2010 00:49:43] /r
[19/04/2010 00:49:47] /r
[19/04/2010 00:49:52] /i 4409
[19/04/2010 00:49:54] /i 4409
[19/04/2010 00:49:55] /i 4409
[19/04/2010 00:49:56] /i 4409
[19/04/2010 00:49:57] /i 4409
[19/04/2010 00:49:58] /i 4409
[19/04/2010 00:49:59] /i 4409
[19/04/2010 00:49:59] /i 4409
[19/04/2010 00:50:00] /i 4409
[19/04/2010 00:50:01] /i 4409
[19/04/2010 00:50:02] /i 4409
[19/04/2010 00:50:07] /r
[19/04/2010 00:50:11] /r
[19/04/2010 00:50:13] /r
[19/04/2010 00:50:14] /r
[05/05/2010 19:14:02] /a 2
[05/05/2010 19:14:15] /a 2
[05/05/2010 19:15:17] /t
[05/05/2010 19:16:42] /t
[05/05/2010 19:16:59] /a 2
[05/05/2010 19:17:07] /a 2
[05/05/2010 19:20:59] /a 2
[05/05/2010 19:21:15] /t
[05/05/2010 19:44:18] /clean
[05/05/2010 19:44:25] /b noobs
[05/05/2010 19:46:42] /down
[05/05/2010 19:46:53] /up
[05/05/2010 19:46:56] /up
[05/05/2010 19:47:01] /down
[05/05/2010 19:47:02] /down
[05/05/2010 19:47:11] /a 2
[05/05/2010 19:49:06] /up
[05/05/2010 19:49:11] /up
[05/05/2010 19:50:37] /a 2
[05/05/2010 19:52:28] /a 2
[05/05/2010 19:52:42] /a 2
[05/05/2010 19:53:16] /a 2
[05/05/2010 19:53:19] /a 2
[05/05/2010 19:53:20] /a 2
[05/05/2010 19:53:21] /a 2
[05/05/2010 19:53:23] /a 2
[05/05/2010 19:54:53] /t
[05/05/2010 19:56:10] /a 2
[05/05/2010 19:56:19] /a 2
[05/05/2010 19:56:25] /a 3
[05/05/2010 19:56:32] /up
[05/05/2010 19:56:56] /up
[05/05/2010 19:57:02] /up
[05/05/2010 19:57:04] /up
[05/05/2010 19:57:12] /down
[05/05/2010 19:57:17] /down
[05/05/2010 19:57:20] /up
[05/05/2010 19:57:33] /up
[05/05/2010 19:57:38] /up
[05/05/2010 20:00:10] /up
[05/05/2010 20:00:18] /down
[06/05/2010 18:25:45] /t
[06/05/2010 18:27:41] /t
[06/05/2010 18:34:43] /down
[06/05/2010 18:35:35] /t
[06/05/2010 18:36:25] /a 2
[06/05/2010 18:37:29] /a 2
[06/05/2010 18:37:42] /a 2
[06/05/2010 18:38:04] /a 2
[06/05/2010 18:38:05] /a 2
[06/05/2010 18:38:06] /a 2
[06/05/2010 18:38:10] /a 2
[06/05/2010 18:39:12] /a 2
[06/05/2010 18:39:24] /a 2
[06/05/2010 19:18:16] /a 2
[06/05/2010 19:18:26] /a 2
[06/05/2010 19:18:35] /a 2
[06/05/2010 19:18:46] /a 2
[06/05/2010 21:58:09] /t
[06/05/2010 21:59:46] /up
[07/05/2010 11:19:12] /t
[07/05/2010 12:21:48] /a 2
[07/05/2010 12:21:59] /a 2
[07/05/2010 12:22:53] /t
[07/05/2010 13:05:58] /t
[07/05/2010 13:06:06] /up
[07/05/2010 17:27:29] /t
[07/05/2010 21:42:11] /a 2
[07/05/2010 21:43:02] /a 2
[07/05/2010 21:46:40] /t
[08/05/2010 10:37:19] /n especialista of soft
[08/05/2010 10:37:22] /n especialista of soft
[08/05/2010 10:37:24] /a 2
[08/05/2010 10:37:25] /a 2
[08/05/2010 10:37:40] /n Especialista of Soft
[08/05/2010 10:37:41] /n Especialista of Soft
[08/05/2010 10:37:42] /n Especialista of Soft
[08/05/2010 10:37:42] /n Especialista of Soft
[08/05/2010 10:38:45] /a 2
[08/05/2010 10:57:16] /a 2
[08/05/2010 10:57:37] /a 2
[08/05/2010 12:21:56] /i 6530
[08/05/2010 12:23:10] /i 6531
[08/05/2010 12:23:17] /i 6529
[08/05/2010 12:23:46] /i 9932
[08/05/2010 12:23:56] /i 9934
[08/05/2010 12:24:41] /i 9934
[08/05/2010 12:38:34] /t
[08/05/2010 22:03:23] /r
[09/05/2010 18:15:12] /t
[09/05/2010 18:15:19] /r
[09/05/2010 18:15:21] /r
[09/05/2010 18:15:23] /r
[09/05/2010 18:15:24] /r
[09/05/2010 18:15:29] /r
[09/05/2010 18:15:29] /r
[09/05/2010 18:15:31] /r
[09/05/2010 18:15:31] /r
[09/05/2010 18:15:33] /r
[09/05/2010 18:15:34] /r
[09/05/2010 20:32:11] /a 2
[09/05/2010 20:36:13] /r
[09/05/2010 20:42:22] /r
[09/05/2010 20:42:24] /r
[09/05/2010 20:42:24] /r
[09/05/2010 20:42:26] /r
[09/05/2010 20:42:29] /r
[09/05/2010 20:42:30] /r
[09/05/2010 20:42:31] /r
[09/05/2010 20:46:19] /r
[09/05/2010 20:46:20] /r
[09/05/2010 20:46:33] /i 9189
[10/05/2010 18:47:55] /a 2
[10/05/2010 18:48:05] /a 2
[10/05/2010 18:52:27] /i 2160
[10/05/2010 18:54:32] /i 6132
[10/05/2010 18:54:51] /i 2640
[10/05/2010 18:55:24] /i 9932
[10/05/2010 18:55:29] /i 9933
[10/05/2010 19:08:18] /a 2
[10/05/2010 19:08:27] /a 2
[10/05/2010 19:08:47] /r
[10/05/2010 19:11:07] /a 2
[10/05/2010 19:11:34] /a 2
[10/05/2010 19:12:29] /a 2
[10/05/2010 19:12:40] /down
[10/05/2010 19:12:48] /up
[10/05/2010 19:12:50] /down
[10/05/2010 19:12:55] /up
[10/05/2010 19:12:57] /down
[10/05/2010 19:13:00] /a 2
[10/05/2010 19:13:25] /i 2473
[10/05/2010 19:13:35] /a 2
[10/05/2010 19:14:43] /up
[10/05/2010 19:15:09] /r
[10/05/2010 19:15:48] /t
[10/05/2010 19:16:49] /a 2
[10/05/2010 19:17:40] /a 2
[10/05/2010 19:17:52] /a 2
[10/05/2010 19:18:04] /a 2
[10/05/2010 19:18:21] /a 3
[10/05/2010 19:18:22] /a 3
[10/05/2010 19:18:34] /a 3
[10/05/2010 19:18:36] /a 3
[10/05/2010 19:18:37] /a 3
[10/05/2010 19:18:38] /a 3
[10/05/2010 19:18:52] /a 2
[10/05/2010 19:19:12] /a 2
[10/05/2010 19:20:44] /i 7735
[10/05/2010 19:22:01] /a 2
[10/05/2010 19:22:10] /t
[10/05/2010 19:25:21] /t
[10/05/2010 19:26:26] /up
[10/05/2010 19:26:49] /down
[10/05/2010 19:26:51] /t
[10/05/2010 21:06:30] /up
[10/05/2010 21:06:35] /a 2
[10/05/2010 21:06:39] /a 5
[10/05/2010 21:06:42] /a 6
[10/05/2010 21:06:45] /a 7
[10/05/2010 21:06:52] /down
[10/05/2010 21:07:00] /up
[10/05/2010 21:10:55] /t
[11/05/2010 20:24:11] /i 10022
[11/05/2010 20:29:00] /a 2
[11/05/2010 20:29:03] /a 2
[11/05/2010 20:29:04] /a 2
[11/05/2010 20:29:05] /a 2
[11/05/2010 20:29:10] /a 2
[11/05/2010 20:29:19] /a 2
[11/05/2010 20:29:21] /a 2
[11/05/2010 20:29:25] /a 2
[11/05/2010 20:29:26] /a 2
[11/05/2010 20:34:30] /r
[11/05/2010 20:37:26] /t
[11/05/2010 20:39:18] /t
[12/05/2010 17:52:00] /t
[12/05/2010 17:53:28] /r
[12/05/2010 17:53:32] /r
[12/05/2010 17:53:37] /clean
[12/05/2010 17:54:14] /i 10021
[12/05/2010 18:22:42] /a 2
[12/05/2010 18:23:05] /a 2
[12/05/2010 19:30:52] /t
[12/05/2010 19:55:51] /i 2160
[12/05/2010 19:56:39] /a 2
[12/05/2010 19:57:27] /i 5857
[12/05/2010 19:57:41] /i 5957
[12/05/2010 19:57:46] /i 5957
[12/05/2010 19:57:50] /t
[12/05/2010 19:57:53] /i 5957
[12/05/2010 20:30:07] /t
[12/05/2010 20:30:37] /i 2160
[12/05/2010 20:33:49] /a 10
[12/05/2010 20:33:51] /a 10
[12/05/2010 20:34:03] /i 2160
[12/05/2010 21:33:12] /i 2160
[12/05/2010 21:33:13] /i 2160
[12/05/2010 21:33:14] /i 2160
[12/05/2010 21:33:25] /i 2160
[12/05/2010 21:33:27] /i 2160
[12/05/2010 21:33:28] /i 2160
[12/05/2010 21:33:29] /i 2160
[12/05/2010 21:33:29] /i 2160
[12/05/2010 21:33:30] /i 2160
[12/05/2010 21:33:31] /i 2160
[12/05/2010 21:34:14] /clean
[12/05/2010 21:35:32] /t
[12/05/2010 21:56:47] /r
[13/05/2010 17:59:26] /clean
[13/05/2010 18:03:44] /up
[13/05/2010 18:04:20] /down
[13/05/2010 18:05:51] /owner Castle of Snakes
[13/05/2010 18:06:01] /owner nobody
[13/05/2010 18:09:23] /m [adm] baiak
[13/05/2010 18:09:29] /m [adm] baiak
[13/05/2010 18:09:31] /m [adm] baiak
[13/05/2010 18:09:39] /r
[13/05/2010 18:09:40] /r
[13/05/2010 18:09:44] /r
[13/05/2010 18:09:51] /ghost
[13/05/2010 18:11:26] /m [adm] baiak
[13/05/2010 18:11:27] /m [adm] baiak
[13/05/2010 18:11:28] /m [adm] baiak
[13/05/2010 18:11:34] /ghost
[13/05/2010 18:12:12] /r
[13/05/2010 18:12:14] /r
[13/05/2010 18:12:15] /r
[13/05/2010 18:27:08] /m ferumbras
[13/05/2010 18:27:39] /m monk
[13/05/2010 18:28:54] /addskill [Hoster] Baiak, magic level
[13/05/2010 18:29:36] /addskill [Hoster] Baiak, magic level
[13/05/2010 18:29:37] /addskill [Hoster] Baiak, magic level
[13/05/2010 18:29:37] /addskill [Hoster] Baiak, magic level
[13/05/2010 18:29:37] /addskill [Hoster] Baiak, magic level
[13/05/2010 18:29:37] /addskill [Hoster] Baiak, magic level
[13/05/2010 18:29:37] /addskill [Hoster] Baiak, magic level
[13/05/2010 18:29:37] /addskill [Hoster] Baiak, magic level
[13/05/2010 18:29:37] /addskill [Hoster] Baiak, magic level
[13/05/2010 18:29:37] /addskill [Hoster] Baiak, magic level
[13/05/2010 18:29:37] /addskill [Hoster] Baiak, magic level
[13/05/2010 18:29:37] /addskill [Hoster] Baiak, magic level
[13/05/2010 18:29:37] /addskill [Hoster] Baiak, magic level
[13/05/2010 18:29:37] /addskill [Hoster] Baiak, magic level
[13/05/2010 18:29:37] /addskill [Hoster] Baiak, magic level
[13/05/2010 18:29:37] /addskill [Hoster] Baiak, magic level
[13/05/2010 18:29:37] /addskill [Hoster] Baiak, magic level
[13/05/2010 18:29:37] /addskill [Hoster] Baiak, magic level
[13/05/2010 18:29:37] /addskill [Hoster] Baiak, magic level
[13/05/2010 18:29:37] /addskill [Hoster] Baiak, magic level
[13/05/2010 18:29:37] /addskill [Hoster] Baiak, magic level
[13/05/2010 18:29:37] /addskill [Hoster] Baiak, magic level
[13/05/2010 18:29:37] /addskill [Hoster] Baiak, magic level
[13/05/2010 18:29:37] /addskill [Hoster] Baiak, magic level
[13/05/2010 18:29:37] /addskill [Hoster] Baiak, magic level
[13/05/2010 18:29:37] /addskill [Hoster] Baiak, magic level
[13/05/2010 18:29:37] /addskill [Hoster] Baiak, magic level
[13/05/2010 18:29:37] /addskill [Hoster] Baiak, magic level
[13/05/2010 18:29:37] /addskill [Hoster] Baiak, magic level
[13/05/2010 18:29:37] /addskill [Hoster] Baiak, magic level
[13/05/2010 18:29:37] /addskill [Hoster] Baiak, magic level
[13/05/2010 18:29:37] /addskill [Hoster] Baiak, magic level
[13/05/2010 18:29:38] /addskill [Hoster] Baiak, magic level
[13/05/2010 18:29:38] /addskill [Hoster] Baiak, magic level
[13/05/2010 18:29:38] /addskill [Hoster] Baiak, magic level
[13/05/2010 18:29:38] /addskill [Hoster] Baiak, magic level
[13/05/2010 18:29:38] /addskill [Hoster] Baiak, magic level
[13/05/2010 18:29:38] /addskill [Hoster] Baiak, magic level
[13/05/2010 18:29:38] /addskill [Hoster] Baiak, magic level
[13/05/2010 18:29:38] /addskill [Hoster] Baiak, magic level
[13/05/2010 18:29:38] /addskill [Hoster] Baiak, magic level
[13/05/2010 18:29:38] /addskill [Hoster] Baiak, magic level
[13/05/2010 18:29:38] /addskill [Hoster] Baiak, magic level
[13/05/2010 18:29:38] /addskill [Hoster] Baiak, magic level
[13/05/2010 18:29:38] /addskill [Hoster] Baiak, magic level
[13/05/2010 18:29:38] /addskill [Hoster] Baiak, magic level
[13/05/2010 18:29:38] /addskill [Hoster] Baiak, magic level
[13/05/2010 18:29:38] /addskill [Hoster] Baiak, magic level
[13/05/2010 18:29:38] /addskill [Hoster] Baiak, magic level
[13/05/2010 18:29:38] /addskill [Hoster] Baiak, magic level
[13/05/2010 18:29:38] /addskill [Hoster] Baiak, magic level
[13/05/2010 18:29:38] /addskill [Hoster] Baiak, magic level
[13/05/2010 18:29:38] /addskill [Hoster] Baiak, magic level
[13/05/2010 18:29:38] /addskill [Hoster] Baiak, magic level
[13/05/2010 18:29:38] /addskill [Hoster] Baiak, magic level
[13/05/2010 18:29:38] /addskill [Hoster] Baiak, magic level
[13/05/2010 18:29:38] /addskill [Hoster] Baiak, magic level
[13/05/2010 18:29:38] /addskill [Hoster] Baiak, magic level
[13/05/2010 18:29:38] /addskill [Hoster] Baiak, magic level
[13/05/2010 18:29:38] /addskill [Hoster] Baiak, magic level
[13/05/2010 18:29:38] /addskill [Hoster] Baiak, magic level
[13/05/2010 18:29:38] /addskill [Hoster] Baiak, magic level
[13/05/2010 18:29:38] /addskill [Hoster] Baiak, magic level
[13/05/2010 18:29:39] /addskill [Hoster] Baiak, magic level
[13/05/2010 18:29:39] /addskill [Hoster] Baiak, magic level
[13/05/2010 18:29:39] /addskill [Hoster] Baiak, magic level
[13/05/2010 18:29:39] /addskill [Hoster] Baiak, magic level
[13/05/2010 18:29:39] /addskill [Hoster] Baiak, magic level
[13/05/2010 18:29:39] /addskill [Hoster] Baiak, magic level
[13/05/2010 18:29:39] /addskill [Hoster] Baiak, magic level
[13/05/2010 18:29:40] /addskill [Hoster] Baiak, magic level
[13/05/2010 18:29:40] /addskill [Hoster] Baiak, magic level
[13/05/2010 18:29:40] /addskill [Hoster] Baiak, magic level
[13/05/2010 18:29:42] /addskill [Hoster] Baiak, magic level
[13/05/2010 18:29:43] /addskill [Hoster] Baiak, magic level
[13/05/2010 18:29:43] /addskill [Hoster] Baiak, magic level
[13/05/2010 18:29:43] /addskill [Hoster] Baiak, magic level
[13/05/2010 18:29:43] /addskill [Hoster] Baiak, magic level
[13/05/2010 18:29:44] /addskill [Hoster] Baiak, magic level
[13/05/2010 18:29:44] /addskill [Hoster] Baiak, magic level
[13/05/2010 18:29:44] /addskill [Hoster] Baiak, magic level
[13/05/2010 18:29:44] /addskill [Hoster] Baiak, magic level
[13/05/2010 18:29:49] /addskill [Hoster] Baiak, magic level
[13/05/2010 18:29:49] /addskill [Hoster] Baiak, magic level
[13/05/2010 18:29:49] /addskill [Hoster] Baiak, magic level
[13/05/2010 18:29:49] /addskill [Hoster] Baiak, magic level
[13/05/2010 18:29:50] /addskill [Hoster] Baiak, magic level
[13/05/2010 18:29:50] /addskill [Hoster] Baiak, magic level
[13/05/2010 18:29:50] /addskill [Hoster] Baiak, magic level
[13/05/2010 18:29:51] /addskill [Hoster] Baiak, magic level
[13/05/2010 18:29:51] /addskill [Hoster] Baiak, magic level
[13/05/2010 18:29:51] /addskill [Hoster] Baiak, magic level
[13/05/2010 18:30:25] /m ferumbras
[13/05/2010 18:30:26] /m ferumbras
[13/05/2010 18:30:27] /m ferumbras
[13/05/2010 18:30:27] /m ferumbras
[13/05/2010 18:30:28] /m ferumbras
[13/05/2010 18:30:29] /m ferumbras
[13/05/2010 18:30:30] /m ferumbras
[13/05/2010 18:30:31] /m ferumbras
[13/05/2010 19:30:43] /i 2160
[13/05/2010 19:32:43] /i 2160
[13/05/2010 19:33:35] /t
[13/05/2010 19:35:11] /i 2160
[13/05/2010 19:35:12] /i 2160
[13/05/2010 19:35:13] /i 2160
[13/05/2010 22:11:18] /t
[13/05/2010 22:11:43] /t
[13/05/2010 22:11:46] /t
[13/05/2010 22:11:48] /t
[13/05/2010 22:12:27] /r
[13/05/2010 22:13:15] /a 2
[13/05/2010 22:13:23] /t
[13/05/2010 22:13:34] /t
[13/05/2010 22:13:52] /a 2
[13/05/2010 22:14:00] /a 2
[13/05/2010 22:15:28] /down
[13/05/2010 22:15:37] /a 5
[13/05/2010 22:15:40] /a 5
[13/05/2010 22:15:41] /a 5
[13/05/2010 22:16:32] /a 2
[13/05/2010 22:16:46] /a 2
[14/05/2010 12:19:48] /t
[14/05/2010 19:01:41] /a 2
[14/05/2010 19:01:49] /a 10
[14/05/2010 19:01:51] /a 10
[14/05/2010 19:01:54] /a 10
[14/05/2010 19:01:56] /a 10
[14/05/2010 19:02:00] /a 2
[14/05/2010 19:02:12] /t
[14/05/2010 19:02:59] /a 2
[14/05/2010 19:03:05] /a 2
[14/05/2010 19:03:25] /a 2
[14/05/2010 19:03:51] /a 2
[14/05/2010 19:03:58] /a 2
[14/05/2010 19:04:23] /a 2
[14/05/2010 19:05:02] /r
[14/05/2010 19:05:05] /r
[14/05/2010 19:05:06] /r
[14/05/2010 19:05:07] /r
[14/05/2010 19:05:09] /r
[14/05/2010 19:21:58] /a 2
[14/05/2010 19:22:13] /attr skull 2
[14/05/2010 19:22:16] /attr skull 3
[14/05/2010 19:22:18] /attr skull 4
[14/05/2010 19:22:20] /attr skull 5
[14/05/2010 19:22:22] /attr skull 6
[14/05/2010 19:22:25] /attr skull 1
[14/05/2010 19:22:29] /attr skull 5
[14/05/2010 19:23:16] /a 2
[14/05/2010 19:24:39] /a 2
[14/05/2010 19:30:29] /a 2
[14/05/2010 21:51:02] /t
[14/05/2010 21:52:14] /t
[14/05/2010 21:52:53] /t
[14/05/2010 21:53:58] /t
[14/05/2010 22:20:00] /i 7440
[14/05/2010 22:20:02] /i 7440
[14/05/2010 22:20:25] /i 7443
[14/05/2010 22:20:45] /i 7443
[14/05/2010 22:20:46] /i 7443
[14/05/2010 22:20:46] /i 7443
[14/05/2010 22:20:47] /i 7443
[14/05/2010 22:20:48] /i 7443
[14/05/2010 22:20:49] /i 7443
[14/05/2010 22:20:51] /t
[15/05/2010 12:37:18] /t
[15/05/2010 12:37:39] /r
[15/05/2010 12:38:37] /r
[15/05/2010 12:55:37] /r
[15/05/2010 13:02:17] /t
[15/05/2010 13:02:34] /m bug
[15/05/2010 13:02:41] /attr skull 5
[15/05/2010 17:48:38] /a 2
[15/05/2010 17:48:41] /a 2
[15/05/2010 17:51:25] /a 2
[15/05/2010 17:51:45] /a 2
[15/05/2010 17:52:23] /a 2
[15/05/2010 17:52:28] /a 2
[15/05/2010 17:53:01] /a 2
[15/05/2010 17:53:55] /a 2
[15/05/2010 17:54:15] /a 2
[15/05/2010 17:56:20] /down
[15/05/2010 17:56:25] /a 2
[15/05/2010 17:56:35] /r
[15/05/2010 17:57:56] /a 2
[15/05/2010 17:58:17] /a 2
[15/05/2010 17:58:26] /a 2
[15/05/2010 17:58:28] /a 2
[15/05/2010 17:58:30] /a 2
[15/05/2010 18:00:51] /i 5955
[15/05/2010 18:01:01] /i 5955
[15/05/2010 18:01:05] /i 5955
[15/05/2010 18:01:22] /i 5953
[15/05/2010 18:04:52] /c Testtt
[15/05/2010 18:11:14] /r
[15/05/2010 19:35:36] /down
[15/05/2010 19:35:42] /a 2
[15/05/2010 19:36:32] /a 2
[15/05/2010 19:36:43] /a 2
[15/05/2010 19:36:51] /a 5
[15/05/2010 19:36:54] /a 5
[15/05/2010 19:36:56] /a 5
[15/05/2010 19:55:14] /i 2160
[15/05/2010 19:59:39] /t
[15/05/2010 20:22:36] /i 2184
[15/05/2010 20:26:20] /t
[15/05/2010 20:28:11] /a 2
[15/05/2010 20:55:32] /t
[15/05/2010 20:57:10] /i 7735
[15/05/2010 21:33:39] /a 2
[15/05/2010 21:34:04] /a 2
[15/05/2010 21:35:04] /a 2
[15/05/2010 21:35:46] /a 2
[15/05/2010 21:35:56] /a 2
[15/05/2010 21:36:09] /a 2
[15/05/2010 21:36:23] /a 5
[15/05/2010 21:36:26] /a 5
[15/05/2010 21:36:27] /a 5
[15/05/2010 21:36:55] /i 7450
[15/05/2010 21:37:36] /addskill [Hoster] Baiak, club
[15/05/2010 21:37:55] /addskill [Hoster] Baiak, club
[15/05/2010 21:37:55] /addskill [Hoster] Baiak, club
[15/05/2010 21:37:55] /addskill [Hoster] Baiak, club
[15/05/2010 21:37:55] /addskill [Hoster] Baiak, club
[15/05/2010 21:37:55] /addskill [Hoster] Baiak, club
[15/05/2010 21:37:55] /addskill [Hoster] Baiak, club
[15/05/2010 21:37:55] /addskill [Hoster] Baiak, club
[15/05/2010 21:37:55] /addskill [Hoster] Baiak, club
[15/05/2010 21:37:55] /addskill [Hoster] Baiak, club
[15/05/2010 21:37:55] /addskill [Hoster] Baiak, club
[15/05/2010 21:37:55] /addskill [Hoster] Baiak, club
[15/05/2010 21:37:55] /addskill [Hoster] Baiak, club
[15/05/2010 21:37:55] /addskill [Hoster] Baiak, club
[15/05/2010 21:37:55] /addskill [Hoster] Baiak, club
[15/05/2010 21:37:55] /addskill [Hoster] Baiak, club
[15/05/2010 21:37:56] /addskill [Hoster] Baiak, club
[15/05/2010 21:37:56] /addskill [Hoster] Baiak, club
[15/05/2010 21:37:56] /addskill [Hoster] Baiak, club
[15/05/2010 21:37:56] /addskill [Hoster] Baiak, club
[15/05/2010 21:37:56] /addskill [Hoster] Baiak, club
[15/05/2010 21:37:56] /addskill [Hoster] Baiak, club
[15/05/2010 21:37:56] /addskill [Hoster] Baiak, club
[15/05/2010 21:37:56] /addskill [Hoster] Baiak, club
[15/05/2010 21:37:56] /addskill [Hoster] Baiak, club
[15/05/2010 21:37:56] /addskill [Hoster] Baiak, club
[15/05/2010 21:37:56] /addskill [Hoster] Baiak, club
[15/05/2010 21:37:56] /addskill [Hoster] Baiak, club
[15/05/2010 21:37:56] /addskill [Hoster] Baiak, club
[15/05/2010 21:37:56] /addskill [Hoster] Baiak, club
[15/05/2010 21:37:56] /addskill [Hoster] Baiak, club
[15/05/2010 21:37:56] /addskill [Hoster] Baiak, club
[15/05/2010 21:37:56] /addskill [Hoster] Baiak, club
[15/05/2010 21:37:56] /addskill [Hoster] Baiak, club
[15/05/2010 21:37:56] /addskill [Hoster] Baiak, club
[15/05/2010 21:37:56] /addskill [Hoster] Baiak, club
[15/05/2010 21:37:56] /addskill [Hoster] Baiak, club
[15/05/2010 21:37:56] /addskill [Hoster] Baiak, club
[15/05/2010 21:37:56] /addskill [Hoster] Baiak, club
[15/05/2010 21:37:56] /addskill [Hoster] Baiak, club
[15/05/2010 21:37:56] /addskill [Hoster] Baiak, club
[15/05/2010 21:37:56] /addskill [Hoster] Baiak, club
[15/05/2010 21:37:56] /addskill [Hoster] Baiak, club
[15/05/2010 21:37:56] /addskill [Hoster] Baiak, club
[15/05/2010 21:37:56] /addskill [Hoster] Baiak, club
[15/05/2010 21:37:56] /addskill [Hoster] Baiak, club
[15/05/2010 21:37:56] /addskill [Hoster] Baiak, club
[15/05/2010 21:37:56] /addskill [Hoster] Baiak, club
[15/05/2010 21:37:57] /addskill [Hoster] Baiak, club
[15/05/2010 21:37:57] /addskill [Hoster] Baiak, club
[15/05/2010 21:37:57] /addskill [Hoster] Baiak, club
[15/05/2010 21:37:57] /addskill [Hoster] Baiak, club
[15/05/2010 21:37:57] /addskill [Hoster] Baiak, club
[15/05/2010 21:37:57] /addskill [Hoster] Baiak, club
[15/05/2010 21:37:57] /addskill [Hoster] Baiak, club
[15/05/2010 21:37:57] /addskill [Hoster] Baiak, club
[15/05/2010 21:37:57] /addskill [Hoster] Baiak, club
[15/05/2010 21:37:57] /addskill [Hoster] Baiak, club
[15/05/2010 21:37:57] /addskill [Hoster] Baiak, club
[15/05/2010 21:37:57] /addskill [Hoster] Baiak, club
[15/05/2010 21:37:57] /addskill [Hoster] Baiak, club
[15/05/2010 21:37:57] /addskill [Hoster] Baiak, club
[15/05/2010 21:37:57] /addskill [Hoster] Baiak, club
[15/05/2010 21:37:57] /addskill [Hoster] Baiak, club
[15/05/2010 21:37:57] /addskill [Hoster] Baiak, club
[15/05/2010 21:37:57] /addskill [Hoster] Baiak, club
[15/05/2010 21:37:57] /addskill [Hoster] Baiak, club
[15/05/2010 21:37:57] /addskill [Hoster] Baiak, club
[15/05/2010 21:37:57] /addskill [Hoster] Baiak, club
[15/05/2010 21:37:57] /addskill [Hoster] Baiak, club
[15/05/2010 21:38:00] /addskill [Hoster] Baiak, club
[15/05/2010 21:38:00] /addskill [Hoster] Baiak, club
[15/05/2010 21:38:00] /addskill [Hoster] Baiak, club
[15/05/2010 21:38:01] /addskill [Hoster] Baiak, club
[15/05/2010 21:38:01] /addskill [Hoster] Baiak, club
[15/05/2010 21:38:44] /addskill [Hoster] Baiak, club
[15/05/2010 21:38:45] /addskill [Hoster] Baiak, club
[15/05/2010 21:38:45] /addskill [Hoster] Baiak, club
[15/05/2010 21:38:45] /addskill [Hoster] Baiak, club
[15/05/2010 21:38:45] /addskill [Hoster] Baiak, club
[15/05/2010 21:38:45] /addskill [Hoster] Baiak, club
[15/05/2010 21:38:45] /addskill [Hoster] Baiak, club
[15/05/2010 21:38:45] /addskill [Hoster] Baiak, club
[15/05/2010 21:38:45] /addskill [Hoster] Baiak, club
[15/05/2010 21:38:45] /addskill [Hoster] Baiak, club
[15/05/2010 21:38:45] /addskill [Hoster] Baiak, club
[15/05/2010 21:38:45] /addskill [Hoster] Baiak, club
[15/05/2010 21:38:45] /addskill [Hoster] Baiak, club
[15/05/2010 21:38:45] /addskill [Hoster] Baiak, club
[15/05/2010 21:38:45] /addskill [Hoster] Baiak, club
[15/05/2010 21:38:45] /addskill [Hoster] Baiak, club
[15/05/2010 21:38:45] /addskill [Hoster] Baiak, club
[15/05/2010 21:38:45] /addskill [Hoster] Baiak, club
[15/05/2010 21:39:16] /addskill [Hoster] Baiak, club
[15/05/2010 21:39:29] /addskill [Hoster] Baiak, magic level
[15/05/2010 21:40:52] /m demon
[15/05/2010 21:41:12] /r
[15/05/2010 21:42:01] /c Testt
[15/05/2010 21:43:31] /i 7735
[15/05/2010 21:46:54] /m rat
[15/05/2010 21:46:55] /m rat
[15/05/2010 21:46:57] /m rat
[15/05/2010 21:46:57] /m rat
[15/05/2010 21:46:58] /m rat
[15/05/2010 21:46:58] /m rat
[15/05/2010 21:46:59] /m rat
[15/05/2010 21:47:00] /m rat
[15/05/2010 21:47:04] /a 1
[15/05/2010 21:47:15] /ghost
[15/05/2010 21:47:18] /a 1
[15/05/2010 21:47:22] /a 2
[15/05/2010 21:47:24] /a 2
[15/05/2010 21:48:05] /c Testt
[15/05/2010 21:48:27] /a 1
[15/05/2010 21:48:39] /r
[15/05/2010 21:48:42] /r
[15/05/2010 21:48:47] /a 2
[15/05/2010 21:48:58] /m treining mork
[15/05/2010 21:49:03] /m rat
[15/05/2010 21:49:45] /goto testt
[15/05/2010 21:49:54] /m Training Monk
[15/05/2010 21:52:51] /c Testtt
[15/05/2010 21:54:00] /m Training Monk
[15/05/2010 21:56:01] /c Testtt
[15/05/2010 21:56:30] /c Testtt
[15/05/2010 22:08:49] /c Testt
[15/05/2010 23:28:47] /i 2160
[16/05/2010 19:54:41] /r
[16/05/2010 19:54:43] /r
[16/05/2010 19:54:44] /r
[16/05/2010 19:54:45] /r
[16/05/2010 19:54:46] /r
[16/05/2010 20:06:49] /up
[16/05/2010 20:15:21] /ghost
[16/05/2010 20:17:29] /a 2
[16/05/2010 20:17:30] /a 2
[16/05/2010 20:17:35] /a 2
[16/05/2010 20:17:35] /a 2
[16/05/2010 20:19:33] /i 7366
[16/05/2010 20:24:15] /i 8931
[16/05/2010 20:24:45] /i 7958
[16/05/2010 20:28:13] /a 2
[16/05/2010 20:28:51] /a 2
[16/05/2010 20:29:05] /m Hellhound
[16/05/2010 20:29:07] /m Hellhound
[16/05/2010 20:29:07] /m Hellhound
[16/05/2010 20:29:08] /m Hellhound
[16/05/2010 20:29:09] /m Hellhound
[16/05/2010 20:29:09] /m Hellhound
[16/05/2010 20:29:10] /m Hellhound
[16/05/2010 20:29:11] /m Hellhound
[16/05/2010 20:29:47] /m Hellhound
[16/05/2010 20:29:47] /m Hellhound
[16/05/2010 20:29:48] /m Hellhound
[16/05/2010 20:29:48] /m Hellhound
[16/05/2010 20:29:49] /m Hellhound
[16/05/2010 20:29:49] /m Hellhound
[16/05/2010 20:29:50] /m Hellhound
[16/05/2010 20:29:51] /m Hellhound
[16/05/2010 20:30:28] /m warlock
[16/05/2010 20:30:32] /m warlock
[16/05/2010 20:30:33] /m warlock
[16/05/2010 20:30:34] /m warlock
[16/05/2010 20:30:34] /m warlock
[16/05/2010 20:30:35] /m warlock
[16/05/2010 20:30:36] /m warlock
[16/05/2010 20:30:37] /m warlock
[16/05/2010 20:30:37] /m warlock
[16/05/2010 20:31:05] /m warlock
[16/05/2010 20:31:05] /m warlock
[16/05/2010 20:31:06] /m warlock
[16/05/2010 20:31:06] /m warlock
[16/05/2010 20:31:07] /m warlock
[16/05/2010 20:31:07] /m warlock
[16/05/2010 20:31:08] /m warlock
[16/05/2010 20:31:09] /m warlock
[16/05/2010 20:31:09] /m warlock
[28/05/2010 06:56:13] /r
[21/05/2010 18:31:19] /m [adm] baiak
[21/05/2010 18:31:26] /m [adm] baiak
[21/05/2010 18:31:28] /m [adm] baiak
[21/05/2010 18:35:56] /a 2
[21/05/2010 18:36:08] /m lord paulistinha
[21/05/2010 18:36:11] /m lord paulistinha
[21/05/2010 21:59:58] /r
[21/05/2010 22:00:00] /t
[21/05/2010 22:00:39] /down
[21/05/2010 22:00:41] /down
[21/05/2010 22:00:45] /a 2
[21/05/2010 22:00:46] /a 2
[21/05/2010 22:01:19] /r
[21/05/2010 22:01:37] /t
[21/05/2010 22:07:10] /up
[21/05/2010 22:08:07] /a 2
[21/05/2010 22:08:32] /up
[21/05/2010 22:11:16] /a 10
[21/05/2010 22:17:48] /r
[21/05/2010 22:18:06] /r
[24/05/2010 19:09:28] /a 2
[24/05/2010 19:09:29] /a 2
[24/05/2010 19:11:03] /down
[24/05/2010 19:11:07] /up
[24/05/2010 19:11:11] /a 2
[24/05/2010 19:12:14] /a 2
[24/05/2010 19:12:23] /a 2
[24/05/2010 19:12:33] /a 2
[24/05/2010 19:12:34] /a 2
[24/05/2010 19:12:35] /a 2
[24/05/2010 19:15:15] /c Testt
[24/05/2010 19:20:56] /a 2
[24/05/2010 19:25:18] /i 7410
[24/05/2010 19:26:23] /a 2
[24/05/2010 19:26:42] /a 2
[24/05/2010 19:26:56] /a 2
[24/05/2010 19:27:01] /a 2
[24/05/2010 19:27:11] /a 2
[24/05/2010 19:27:16] /a 2
[24/05/2010 19:47:19] /i 2160
[24/05/2010 19:47:39] /addskill Goku, level
[24/05/2010 19:47:40] /addskill Goku, level
[24/05/2010 19:47:40] /addskill Goku, level
[24/05/2010 19:47:41] /addskill Goku, level
[24/05/2010 19:47:41] /addskill Goku, level
[24/05/2010 19:47:42] /addskill Goku, level
[24/05/2010 19:47:42] /addskill Goku, level
[24/05/2010 19:47:43] /addskill Goku, level
[24/05/2010 19:47:44] /addskill Goku, level
[24/05/2010 19:47:44] /addskill Goku, level
[24/05/2010 19:47:45] /addskill Goku, level
[24/05/2010 19:47:45] /addskill Goku, level
[24/05/2010 19:47:46] /addskill Goku, level
[24/05/2010 19:47:47] /addskill Goku, level
[24/05/2010 19:47:47] /addskill Goku, level
[24/05/2010 19:47:48] /addskill Goku, level
[24/05/2010 19:47:48] /addskill Goku, level
[24/05/2010 19:47:49] /addskill Goku, level
[24/05/2010 19:47:49] /addskill Goku, level
[24/05/2010 19:47:50] /addskill Goku, level
[24/05/2010 19:47:51] /addskill Goku, level
[24/05/2010 19:47:51] /addskill Goku, level
[24/05/2010 19:47:52] /addskill Goku, level
[24/05/2010 19:47:52] /addskill Goku, level
[24/05/2010 19:47:53] /addskill Goku, level
[24/05/2010 19:47:53] /addskill Goku, level
[24/05/2010 19:47:54] /addskill Goku, level
[24/05/2010 19:47:55] /addskill Goku, level
[24/05/2010 19:47:55] /addskill Goku, level
[24/05/2010 19:47:56] /addskill Goku, level
[24/05/2010 19:47:57] /addskill Goku, level
[24/05/2010 19:47:57] /addskill Goku, level
[24/05/2010 19:47:58] /addskill Goku, level
[24/05/2010 19:47:58] /addskill Goku, level
[24/05/2010 19:47:59] /addskill Goku, level
[24/05/2010 19:48:00] /addskill Goku, level
[24/05/2010 19:48:00] /addskill Goku, level
[24/05/2010 19:48:01] /addskill Goku, level
[24/05/2010 19:48:02] /addskill Goku, level
[24/05/2010 19:48:02] /addskill Goku, level
[24/05/2010 19:48:03] /addskill Goku, level
[24/05/2010 19:48:04] /addskill Goku, level
[24/05/2010 19:48:04] /addskill Goku, level
[24/05/2010 19:48:05] /addskill Goku, level
[24/05/2010 19:50:17] /addskill Burrico, level
[24/05/2010 19:50:18] /addskill Burrico, level
[24/05/2010 19:50:18] /addskill Burrico, level
[24/05/2010 19:50:19] /addskill Burrico, level
[24/05/2010 19:50:19] /addskill Burrico, level
[24/05/2010 19:50:19] /addskill Burrico, level
[24/05/2010 19:50:20] /addskill Burrico, level
[24/05/2010 19:50:20] /addskill Burrico, level
[24/05/2010 19:50:21] /addskill Burrico, level
[24/05/2010 19:50:21] /addskill Burrico, level
[24/05/2010 19:50:22] /addskill Burrico, level
[24/05/2010 19:50:22] /addskill Burrico, level
[24/05/2010 19:50:22] /addskill Burrico, level
[24/05/2010 19:50:23] /addskill Burrico, level
[24/05/2010 19:50:23] /addskill Burrico, level
[24/05/2010 19:50:30] /addskill Burrico, level
[24/05/2010 19:50:31] /addskill Burrico, level
[24/05/2010 19:50:31] /addskill Burrico, level
[24/05/2010 19:50:32] /addskill Burrico, level
[24/05/2010 19:50:32] /addskill Burrico, level
[24/05/2010 19:50:33] /addskill Burrico, level
[24/05/2010 19:50:33] /addskill Burrico, level
[24/05/2010 19:50:33] /addskill Burrico, level
[24/05/2010 19:50:34] /addskill Burrico, level
[24/05/2010 19:50:34] /addskill Burrico, level
[24/05/2010 19:50:35] /addskill Burrico, level
[24/05/2010 19:50:35] /addskill Burrico, level
[24/05/2010 19:50:36] /addskill Burrico, level
[24/05/2010 19:50:37] /addskill Burrico, level
[24/05/2010 19:50:38] /addskill Burrico, level
[24/05/2010 19:50:38] /addskill Burrico, level
[24/05/2010 19:50:39] /addskill Burrico, level
[24/05/2010 19:50:39] /addskill Burrico, level
[24/05/2010 19:50:41] /addskill Burrico, level
[24/05/2010 19:50:41] /addskill Burrico, level
[24/05/2010 19:50:42] /addskill Burrico, level
[24/05/2010 19:50:42] /addskill Burrico, level
[24/05/2010 19:50:43] /addskill Burrico, level
[24/05/2010 19:50:44] /addskill Burrico, level
[24/05/2010 19:50:44] /addskill Burrico, level
[24/05/2010 19:50:45] /addskill Burrico, level
[24/05/2010 19:50:46] /addskill Burrico, level
[24/05/2010 19:50:46] /addskill Burrico, level
[24/05/2010 19:50:47] /addskill Burrico, level
[24/05/2010 19:50:47] /addskill Burrico, level
[24/05/2010 19:50:48] /addskill Burrico, level
[24/05/2010 19:50:48] /addskill Burrico, level
[24/05/2010 19:50:49] /addskill Burrico, level
[24/05/2010 19:50:54] /i 2160
[24/05/2010 20:37:37] /i 2160
[24/05/2010 20:44:44] /addskill Chust ,level
[24/05/2010 20:44:45] /addskill Chust ,level
[24/05/2010 20:44:45] /addskill Chust ,level
[24/05/2010 20:44:46] /addskill Chust ,level
[24/05/2010 20:44:46] /addskill Chust ,level
[24/05/2010 20:44:47] /addskill Chust ,level
[24/05/2010 20:44:47] /addskill Chust ,level
[24/05/2010 20:44:48] /addskill Chust ,level
[24/05/2010 20:44:48] /addskill Chust ,level
[24/05/2010 20:44:49] /addskill Chust ,level
[24/05/2010 20:44:50] /addskill Chust ,level
[24/05/2010 20:44:50] /addskill Chust ,level
[24/05/2010 20:44:58] /i 2160
[24/05/2010 21:31:54] /i 2503
[24/05/2010 21:32:50] /i 8880
[26/05/2010 12:53:24] /a 2
[26/05/2010 12:54:50] /a 2
[27/05/2010 18:31:51] /m training monk
[27/05/2010 20:15:03] /a 2
[27/05/2010 20:16:07] /a 10
[27/05/2010 20:16:08] /a 10
[27/05/2010 20:16:12] /a 10
[27/05/2010 20:16:13] /a 10
[27/05/2010 20:16:17] /a 5
[27/05/2010 20:16:20] /a 5
[27/05/2010 20:16:42] /a 2
[27/05/2010 20:19:04] /r
[27/05/2010 20:19:04] /r
[27/05/2010 20:19:04] /r
[27/05/2010 20:19:04] /r
[27/05/2010 20:19:04] /r
[27/05/2010 20:19:04] /r
[27/05/2010 20:19:04] /r
[27/05/2010 20:19:04] /r
[27/05/2010 20:19:04] /r
[27/05/2010 20:19:04] /r
[27/05/2010 20:19:04] /r
[27/05/2010 20:19:04] /r
[27/05/2010 20:19:04] /r
[27/05/2010 20:19:04] /r
[27/05/2010 20:19:20] /m mutant angel
[27/05/2010 20:21:56] /a 5
[27/05/2010 20:22:12] /a 10
[27/05/2010 20:26:42] /t
[27/05/2010 20:27:00] /m mutant angel
[27/05/2010 20:27:07] /m Shadow Warrior
[27/05/2010 20:27:15] /r
[27/05/2010 20:27:17] /r
[27/05/2010 20:27:25] /m mutant angel
[27/05/2010 20:27:37] /r
[27/05/2010 20:27:40] /m Shadow Warrior
