[26/03/2026 14:06:42] /i hyper gloves
[26/03/2026 14:06:52] /i nature trousers
[26/03/2026 14:07:01] /m xp
[28/03/2026 12:57:39] /t
[28/03/2026 12:57:50] /i ramen
[28/03/2026 18:48:12] /m xp
[28/03/2026 18:48:21] /m xp
[28/03/2026 18:48:21] /m xp
[28/03/2026 18:48:22] /m xp
[28/03/2026 18:48:22] /m xp
[28/03/2026 18:48:22] /m xp
[28/03/2026 18:48:23] /m xp
[29/03/2026 15:27:29] /m xp
[29/03/2026 15:27:33] /m xp
[30/03/2026 20:27:20] /i hyper gloves
[30/03/2026 20:27:35] /m xp
[31/03/2026 14:41:17] /m wolf
[31/03/2026 14:41:17] /m wolf
[31/03/2026 14:41:17] /m wolf
[31/03/2026 14:41:18] /m wolf
[31/03/2026 14:41:18] /m wolf
[31/03/2026 14:41:18] /m wolf
[31/03/2026 14:41:19] /m wolf
[31/03/2026 14:41:19] /m wolf
[31/03/2026 14:41:19] /m wolf
[31/03/2026 14:41:20] /m wolf
[31/03/2026 16:52:19] /m bandit
[31/03/2026 16:52:25] /m bandit
[02/04/2026 10:51:25] /t
[02/04/2026 10:51:40] /i genin pill
[02/04/2026 10:51:47] /i genin pill
[04/04/2026 12:10:19] /a 1000
[04/04/2026 12:10:24] /a 100
[04/04/2026 12:10:29] /a 100
[04/04/2026 12:10:34] /a 50
[04/04/2026 12:10:54] /c Naruto Boludo
[04/04/2026 12:11:02] /i hyper gloves
[04/04/2026 12:11:12] /i samurai armor
[04/04/2026 12:11:15] /i naruto trousers
[04/04/2026 12:11:24] /i nature trousers
[04/04/2026 12:11:30] /i geta shoes
[04/04/2026 12:12:06] /m xp
[04/04/2026 12:12:11] /m xp
[04/04/2026 12:12:24] /m xp
[04/04/2026 12:12:25] /m xp
[04/04/2026 12:12:26] /m xp
[04/04/2026 14:41:37] /i 2889
[04/04/2026 14:52:45] /i 2890
[04/04/2026 14:53:51] /i 2891
[04/04/2026 14:55:09] /i 2892
[04/04/2026 14:55:50] /i 2893
[04/04/2026 15:27:45] /m Kuroi Warfan
[04/04/2026 15:31:59] /m kuroi warfan
[04/04/2026 15:36:17] /m kuroi warfan
[04/04/2026 15:52:28] /m kuroi warfan
[04/04/2026 15:55:03] /m kuroi warfan
[04/04/2026 16:00:25] /m kuroi warfan
[04/04/2026 16:02:21] /m kuroi warfan
[04/04/2026 16:23:27] /m kuroi warfan
[04/04/2026 16:25:16] /m kuroi warfan
[04/04/2026 16:27:54] /m kuroi warfan
[04/04/2026 16:29:30] /m kuroi warfan
[04/04/2026 16:35:08] /m kuroi warfan
[04/04/2026 16:37:18] /m kuroi warfan
[04/04/2026 16:37:25] /r
[04/04/2026 16:39:23] /r
[04/04/2026 16:39:29] /m kuroi warfan
[04/04/2026 16:40:05] /r
[04/04/2026 16:40:10] /m kuroi warfan
[04/04/2026 16:43:39] /m kuroi warfan
[04/04/2026 16:46:59] /r
[04/04/2026 16:47:02] /r
[04/04/2026 16:47:10] /m kuroi warfan
[04/04/2026 17:54:30] /m kuroi warlord
[04/04/2026 17:57:24] /m kuroi warlord
[04/04/2026 17:57:31] /m kuroi warlord
[04/04/2026 18:08:50] /m kuroi warlord
[04/04/2026 18:10:47] /m kuroi warlord
[04/04/2026 18:13:12] /m kuroi warlord
[04/04/2026 18:58:30] /m kuroi warlord
[04/04/2026 19:49:30] /m kuroi infiltrator
[04/04/2026 19:50:54] /r
[04/04/2026 19:50:56] /r
[04/04/2026 19:51:01] /m kuroi infiltrator
[04/04/2026 19:55:20] /m kuroi infiltrator
[04/04/2026 19:55:41] /m kuroi infiltrator
[04/04/2026 19:55:42] /m kuroi infiltrator
[04/04/2026 19:55:42] /m kuroi infiltrator
[04/04/2026 19:55:42] /m kuroi infiltrator
[04/04/2026 19:55:43] /m kuroi infiltrator
[04/04/2026 20:09:51] /m samurai
[04/04/2026 20:10:57] /m samurai
[04/04/2026 20:14:24] /m samurai
[04/04/2026 20:14:40] /r
[04/04/2026 20:15:55] /m samurai
[04/04/2026 20:17:39] /m samurai
[04/04/2026 20:17:44] /r
[04/04/2026 20:24:19] /m samurai
[04/04/2026 20:27:53] /m samurai
[04/04/2026 20:29:21] /m samurai
[04/04/2026 22:02:16] /m Kuroi Ascendant
[04/04/2026 22:03:44] /m kuroi ascendant
[04/04/2026 22:04:22] /r
[04/04/2026 22:04:28] /m kuroi ascendant
[04/04/2026 22:04:36] /m kuroi ascendant
[04/04/2026 22:06:16] /m kuroi ascendant
[04/04/2026 22:10:37] /r
[04/04/2026 22:10:44] /m kuroi ascendant
[04/04/2026 22:26:57] /m Kuroi Warlord
[04/04/2026 22:31:51] /r
[04/04/2026 22:40:51] /m Orochimaru
[04/04/2026 22:46:58] /m Kuroi Warlord
[04/04/2026 22:48:07] /m kiba
[04/04/2026 22:48:46] /r
[04/04/2026 22:48:49] /m kiba
[04/04/2026 22:48:59] /r
[04/04/2026 22:49:37] /r
[04/04/2026 22:51:35] /m orochimaru
[04/04/2026 22:53:33] /m orochimaru
[04/04/2026 22:56:38] /r
[04/04/2026 22:56:48] /m kuroi ascendant
[04/04/2026 22:57:29] /r
[04/04/2026 22:57:34] /m kuroi warlord
[04/04/2026 22:59:37] /m orochimaru
[04/04/2026 23:08:29] /m kuroi ascendent
[04/04/2026 23:08:51] /m kuroi ascendant
[04/04/2026 23:09:51] /r
[04/04/2026 23:09:56] /m kuroi ascendant
[04/04/2026 23:11:42] /m kuroi warlord
[04/04/2026 23:11:47] /r
[04/04/2026 23:17:12] /m kuroi warlord
[04/04/2026 23:17:59] /m Kuroi Ascendant
[04/04/2026 23:18:01] /r
[05/04/2026 06:03:30] /m kuroi ascendant
[05/04/2026 06:09:23] /m kuroi warfan
[05/04/2026 06:11:56] /m kuroi warlord
[05/04/2026 06:21:11] /m kuroi warlord
[05/04/2026 06:21:45] /m kuroi infiltrator
[05/04/2026 06:23:07] /m kuroi infiltrator
[05/04/2026 06:23:23] /m kuroi ascendant
[05/04/2026 06:23:39] /m kuroi scout
[05/04/2026 11:19:06] /m orochimaru
[09/04/2026 12:19:28] /a 100
[09/04/2026 12:20:34] /up
[09/04/2026 12:20:37] /a 50
[09/04/2026 12:21:13] /a 100
[09/04/2026 12:21:16] /a 50
[09/04/2026 12:48:17] /m jounin pill
[09/04/2026 12:48:24] /i jounin pill
[09/04/2026 12:48:33] /i jounin pill
[09/04/2026 12:48:33] /i jounin pill
[09/04/2026 12:48:34] /i jounin pill
[09/04/2026 12:48:34] /i jounin pill
[09/04/2026 12:48:34] /i jounin pill
[09/04/2026 13:47:17] /up
[09/04/2026 13:47:55] /m Taito [ANBU]
[09/04/2026 13:48:01] /n Taito [ANBU]
[09/04/2026 13:48:21] /c Taito [ANBU]
[09/04/2026 13:48:43] /c Taito [ANBU Leader]
[09/04/2026 15:11:18] /m Anbu [Defense]
[09/04/2026 15:11:24] /n Anbu [Defense]
[09/04/2026 15:13:34] /n Anbu [Defense]
[09/04/2026 15:17:30] /n Anbu [Defense]
[09/04/2026 15:18:22] /n anbu [defense]
[09/04/2026 15:21:31] /n anbu [defense]
[09/04/2026 15:24:55] /n anbu [defense]
[09/04/2026 15:46:30] /n toitoi [anbu guard]
[09/04/2026 15:47:38] /up
[09/04/2026 15:47:41] /a
[09/04/2026 15:47:42] /a
[09/04/2026 20:21:14] /m samurai
[09/04/2026 20:23:44] /m samurai
[09/04/2026 20:24:30] /m kurou infiltrator
[09/04/2026 20:24:37] /m kuroi scout
[09/04/2026 20:24:39] /m kuroi scout
[09/04/2026 20:24:59] /m kuroi scout
[09/04/2026 20:29:28] /m kuroi scout
[09/04/2026 20:29:34] /m kuroi scout
[09/04/2026 20:29:40] /m kuroi scout
[09/04/2026 20:29:43] /m kuroi scout
[09/04/2026 20:29:46] /m kuroi scout
[09/04/2026 20:29:53] /m kuroi scout
[09/04/2026 20:29:55] /m kuroi scout
[09/04/2026 20:29:56] /m kuroi scout
[09/04/2026 20:29:56] /m kuroi scout
[09/04/2026 20:29:57] /m kuroi scout
[09/04/2026 20:29:57] /m kuroi scout
[09/04/2026 20:29:59] /m kuroi scout
[09/04/2026 20:30:00] /m kuroi scout
[09/04/2026 20:30:00] /m kuroi scout
[09/04/2026 20:30:04] /m kuroi scout
[09/04/2026 20:30:06] /m kuroi scout
[09/04/2026 20:30:11] /m kuroi scout
[09/04/2026 20:46:51] /m kuroi
[09/04/2026 20:46:56] /m kuroi scout
[09/04/2026 20:46:57] /m kuroi scout
[09/04/2026 20:46:58] /m kuroi scout
[09/04/2026 20:46:59] /m kuroi scout
[09/04/2026 20:47:00] /m kuroi scout
[09/04/2026 20:47:01] /m kuroi scout
[09/04/2026 20:47:02] /m kuroi scout
[09/04/2026 20:47:03] /m kuroi scout
[09/04/2026 20:56:18] /m kuroi scout
[09/04/2026 20:56:19] /m kuroi scout
[09/04/2026 20:56:21] /m kuroi scout
[09/04/2026 20:56:22] /m kuroi scout
[09/04/2026 20:56:23] /m kuroi scout
[09/04/2026 20:56:24] /m kuroi scout
[09/04/2026 20:56:26] /m kuroi scout
[09/04/2026 20:56:28] /m kuroi scout
[09/04/2026 21:15:11] /m kuroi scout
[09/04/2026 21:15:12] /m kuroi scout
[09/04/2026 21:15:12] /m kuroi scout
[09/04/2026 21:15:14] /m kuroi scout
[09/04/2026 21:15:16] /m kuroi scout
[09/04/2026 21:15:20] /m kuroi scout
[09/04/2026 21:15:23] /m kuroi scout
[09/04/2026 21:15:25] /m kuroi scout
[09/04/2026 21:15:59] /m kuroi scout
[09/04/2026 21:18:29] /m kuroi scout
[09/04/2026 21:18:30] /m kuroi scout
[09/04/2026 21:18:32] /m kuroi scout
[09/04/2026 21:19:20] /m kuroi scout
[09/04/2026 21:19:34] /m kuroi scout
[09/04/2026 21:19:40] /m kuroi scout
[09/04/2026 21:19:40] /m kuroi scout
[09/04/2026 21:52:00] /m yens
[09/04/2026 21:52:07] /i iens
[09/04/2026 21:52:32] /i green note
[10/04/2026 10:06:18] /m kuroi scout
[10/04/2026 10:06:20] /m kuroi scout
[10/04/2026 10:06:27] /m kuroi scout
[10/04/2026 10:06:28] /m kuroi scout
[10/04/2026 10:06:31] /m kuroi scout
[10/04/2026 10:06:33] /m kuroi scout
[10/04/2026 10:06:36] /m kuroi scout
[10/04/2026 10:06:37] /m kuroi scout
[10/04/2026 10:06:41] /m kuroi scout
[10/04/2026 10:10:36] /m kuroi scout
[10/04/2026 10:10:38] /m kuroi scout
[10/04/2026 10:10:40] /m kuroi scout
[10/04/2026 10:10:41] /m kuroi scout
[10/04/2026 10:10:43] /m kuroi scout
[10/04/2026 10:10:43] /m kuroi scout
[10/04/2026 10:10:44] /m kuroi scout
[10/04/2026 10:10:44] /m kuroi scout
[10/04/2026 10:10:46] /m kuroi scout
[10/04/2026 10:10:48] /m kuroi scout
[10/04/2026 10:12:51] /m kuroi scout
[10/04/2026 10:12:52] /m kuroi scout
[10/04/2026 10:12:52] /m kuroi scout
[10/04/2026 10:12:54] /m kuroi scout
[10/04/2026 10:12:55] /m kuroi scout
[10/04/2026 10:12:56] /m kuroi scout
[10/04/2026 10:14:24] /m kuroi scout
[10/04/2026 10:14:24] /m kuroi scout
[10/04/2026 10:14:25] /m kuroi scout
[10/04/2026 10:14:26] /m kuroi scout
[10/04/2026 10:14:30] /m kuroi scout
[10/04/2026 10:14:50] /m kuroi scout
[10/04/2026 10:14:55] /m kuroi scout
[10/04/2026 10:14:58] /m kuroi scout
[10/04/2026 10:15:01] /m kuroi scout
[10/04/2026 10:17:42] /m kuroi scout
[10/04/2026 10:17:43] /m kuroi scout
[10/04/2026 10:17:44] /m kuroi scout
[10/04/2026 10:17:45] /m kuroi scout
[10/04/2026 10:17:48] /m kuroi scout
[10/04/2026 10:17:57] /m kuroi scout
[10/04/2026 10:18:03] /m kuroi scout
[10/04/2026 10:18:06] /m kuroi scout
[10/04/2026 10:18:09] /m kuroi scout
[10/04/2026 10:18:10] /m kuroi scout
[10/04/2026 10:18:12] /m kuroi scout
[10/04/2026 10:19:23] /m kuroi scout
[10/04/2026 10:19:26] /m kuroi scout
[10/04/2026 10:19:27] /m kuroi scout
[10/04/2026 10:19:28] /m kuroi scout
[10/04/2026 10:19:29] /m kuroi scout
[10/04/2026 10:19:40] /m kuroi scout
[10/04/2026 10:19:53] /m kuroi scout
[10/04/2026 10:19:55] /m kuroi scout
[10/04/2026 10:19:56] /m kuroi scout
[10/04/2026 10:19:57] /m kuroi scout
[10/04/2026 10:20:08] /m kuroi scout
[10/04/2026 10:20:09] /m kuroi scout
[10/04/2026 10:20:10] /m kuroi scout
[10/04/2026 10:20:11] /m kuroi scout
[10/04/2026 10:20:12] /m kuroi scout
[10/04/2026 10:20:14] /m kuroi scout
[10/04/2026 10:20:15] /m kuroi scout
[10/04/2026 12:18:18] /m samurai
[11/04/2026 10:46:42] /t
[11/04/2026 10:47:06] /a 10
[11/04/2026 12:09:30] /t
[11/04/2026 12:10:24] /a 10
[11/04/2026 12:10:28] /a 10
[11/04/2026 12:10:30] /a 100
[11/04/2026 12:10:40] /a 20
[12/04/2026 15:32:49] /i green tissue
[12/04/2026 15:33:55] /i nature trousers
[12/04/2026 15:34:06] /i nature gloves
