[02/03/2026 13:12:52] /i kunai
[02/03/2026 13:13:36] /i 24592459
[02/03/2026 13:13:38] /i 24592459
[02/03/2026 13:13:41] /i 2459
[02/03/2026 16:24:58] /i pill
[02/03/2026 16:25:10] /i genin pill
[03/03/2026 10:35:09] /i meat
[03/03/2026 12:16:26] /m xp
[03/03/2026 12:16:27] /m xp
[03/03/2026 12:16:34] /i hyper gloves
[03/03/2026 12:17:01] /i gamakichi pet
[03/03/2026 12:17:37] /i gamakichi pet
[03/03/2026 12:20:11] /i gamakichi pet
[03/03/2026 12:20:39] /i katsuyo pet
[03/03/2026 12:22:41] /i gamakichi pet
[03/03/2026 12:24:59] /i gamakichi pet
[03/03/2026 12:30:06] /i gamakichi pet
[03/03/2026 12:32:18] /i 2126
[03/03/2026 12:32:29] /i gamakichi pet
[03/03/2026 12:36:31] /i pet box
[03/03/2026 12:36:54] /i gamakichi pet
[03/03/2026 12:38:22] /i genin pill
[03/03/2026 12:38:22] /i genin pill
[03/03/2026 12:38:23] /i genin pill
[03/03/2026 12:38:26] /i bag
[03/03/2026 12:38:31] /i genin pill
[03/03/2026 12:38:31] /i genin pill
[03/03/2026 12:38:32] /i genin pill
[03/03/2026 12:38:32] /i genin pill
[03/03/2026 12:38:32] /i genin pill
[03/03/2026 14:12:38] /i chunin pill
[03/03/2026 14:12:45] /i jounin pill
[03/03/2026 14:15:27] /i speed shoes
[03/03/2026 14:20:08] /i katsuyo pet
[03/03/2026 22:48:37] /i 1001
[04/03/2026 15:16:57] /goto samurai
[04/03/2026 16:19:15] /t
[04/03/2026 16:21:29] /m samurai
[04/03/2026 16:28:45] /r
[06/03/2026 10:20:45] /m monster
[06/03/2026 10:20:50] /m xp
[06/03/2026 10:20:54] /m xp
[06/03/2026 10:20:55] /m xp
[06/03/2026 10:20:55] /m xp
[06/03/2026 10:20:56] /m xp
[06/03/2026 10:20:58] /m xp
[06/03/2026 10:21:45] /m xp
[06/03/2026 10:22:13] /m xp
[06/03/2026 10:22:15] /m xp
[06/03/2026 10:22:15] /m xp
[06/03/2026 10:22:16] /m xp
[06/03/2026 10:22:16] /m xp
[06/03/2026 10:22:16] /m xp
[06/03/2026 10:22:16] /m xp
[06/03/2026 10:22:16] /m xp
[06/03/2026 10:22:16] /m xp
[06/03/2026 10:22:16] /m xp
[06/03/2026 10:22:17] /m xp
[06/03/2026 10:22:17] /m xp
[06/03/2026 10:22:17] /m xp
[06/03/2026 10:22:17] /m xp
[06/03/2026 10:22:17] /m xp
[06/03/2026 10:22:17] /m xp
[06/03/2026 10:22:18] /m xp
[06/03/2026 10:22:18] /m xp
[06/03/2026 10:22:18] /m xp
[06/03/2026 10:22:18] /m xp
[06/03/2026 10:22:18] /m xp
[06/03/2026 10:22:19] /m xp
[06/03/2026 10:22:19] /m xp
[06/03/2026 10:22:20] /m xp
[06/03/2026 10:22:20] /m xp
[06/03/2026 10:22:20] /m xp
[06/03/2026 10:22:20] /m xp
[06/03/2026 10:22:20] /m xp
[06/03/2026 10:22:21] /m xp
[06/03/2026 10:22:21] /m xp
[06/03/2026 10:22:21] /m xp
[06/03/2026 10:22:21] /m xp
[06/03/2026 10:22:21] /m xp
[06/03/2026 10:22:21] /m xp
[06/03/2026 10:22:21] /m xp
[06/03/2026 10:22:22] /m xp
[06/03/2026 10:22:22] /m xp
[06/03/2026 10:22:22] /m xp
[06/03/2026 10:22:22] /m xp
[06/03/2026 10:22:22] /m xp
[06/03/2026 10:22:22] /m xp
[06/03/2026 10:22:23] /m xp
[06/03/2026 10:22:23] /m xp
[06/03/2026 10:22:23] /m xp
[06/03/2026 10:22:23] /m xp
[06/03/2026 10:22:23] /m xp
[06/03/2026 10:22:23] /m xp
[06/03/2026 10:22:24] /m xp
[06/03/2026 10:30:08] /m xp
[06/03/2026 10:30:09] /m xp
[06/03/2026 10:30:23] /m xp
[06/03/2026 10:30:24] /m xp
[14/03/2026 11:17:15] /m xp
[14/03/2026 11:17:16] /m xp
[14/03/2026 11:17:17] /m xp
[14/03/2026 11:17:17] /m xp
[14/03/2026 11:17:17] /m xp
[14/03/2026 11:17:18] /m xp
[14/03/2026 11:17:18] /m xp
[14/03/2026 11:17:37] /m xp
[14/03/2026 11:17:38] /m xp
[14/03/2026 11:17:38] /m xp
[14/03/2026 11:17:39] /m xp
[14/03/2026 11:17:39] /m xp
[14/03/2026 11:17:39] /m xp
[14/03/2026 11:17:40] /m xp
[14/03/2026 11:17:41] /m xp
[14/03/2026 11:25:32] /m xp
[14/03/2026 11:25:32] /m xp
[14/03/2026 11:25:33] /m xp
[14/03/2026 11:25:33] /m xp
[14/03/2026 11:25:33] /m xp
[14/03/2026 11:25:34] /m xp
[14/03/2026 11:25:34] /m xp
[14/03/2026 20:15:42] /i nature trousers
[15/03/2026 18:38:15] /i comander sword
[15/03/2026 18:38:21] /i commander sword
[15/03/2026 18:38:41] /m xp
[15/03/2026 18:38:41] /m xp
[15/03/2026 18:38:41] /m xp
[15/03/2026 18:38:42] /m xp
[15/03/2026 18:38:42] /m xp
[16/03/2026 12:34:44] /i nature trousers
[16/03/2026 12:34:50] /i bah
[16/03/2026 12:34:52] /i bag
[16/03/2026 12:35:01] /i genin pill
[16/03/2026 12:35:02] /i genin pill
[16/03/2026 12:35:03] /i genin pill
[16/03/2026 12:35:03] /i genin pill
[16/03/2026 12:35:04] /i genin pill
[16/03/2026 12:35:04] /i genin pill
[16/03/2026 12:35:05] /i genin pill
[16/03/2026 12:35:05] /i genin pill
[16/03/2026 12:35:09] /i genin pill
[18/03/2026 17:32:12] /m xp
[18/03/2026 17:32:13] /m xp
[18/03/2026 17:36:48] /m xp
[18/03/2026 17:36:51] /m xp
[18/03/2026 17:39:52] /m xp
[18/03/2026 17:39:53] /m xp
[18/03/2026 17:42:46] /i hyper gloves
[18/03/2026 17:42:52] /i nature trousers
[18/03/2026 17:52:50] /i hyper gloves
[18/03/2026 17:52:52] /i nature trousers
[18/03/2026 17:53:35] /m xp
[18/03/2026 17:53:37] /m xp
[18/03/2026 17:53:38] /m xp
[18/03/2026 17:53:38] /m xp
[18/03/2026 17:53:38] /m xp
[18/03/2026 17:57:02] /m xp
[18/03/2026 18:33:36] /m xp
[18/03/2026 18:34:06] /m xp
[18/03/2026 18:34:07] /m xp
[18/03/2026 18:34:08] /m xp
[18/03/2026 18:34:08] /m xp
[18/03/2026 18:34:10] /m xp
[18/03/2026 18:35:44] /m xp
[18/03/2026 18:36:39] /m xp
[18/03/2026 18:37:55] /m xp
[18/03/2026 18:37:55] /m xp
[18/03/2026 18:42:57] /m xp
[18/03/2026 18:42:58] /m xp
[18/03/2026 18:47:01] /m xp
[18/03/2026 18:53:34] /m xp
[18/03/2026 18:53:35] /m xp
[18/03/2026 18:53:35] /m xp
[18/03/2026 18:53:36] /m xp
[18/03/2026 18:53:36] /m xpw
[18/03/2026 18:53:38] /m xp
[18/03/2026 18:53:38] /m xp
[18/03/2026 18:56:19] /m xp
[18/03/2026 18:56:19] /m xp
[18/03/2026 18:57:48] /m xp
[18/03/2026 18:57:49] /m xp
[18/03/2026 18:58:21] /m wolf
[18/03/2026 19:04:28] /m wolf
[18/03/2026 19:04:29] /m wolf
[18/03/2026 19:29:21] /m wolf
[18/03/2026 19:29:23] /m xp
[18/03/2026 20:09:56] /m xp
[18/03/2026 20:09:56] /m xp
[18/03/2026 20:10:29] /m xp
[18/03/2026 20:10:30] /m xp
[18/03/2026 20:13:04] /m xp
[18/03/2026 20:13:05] /m xp
[18/03/2026 20:13:06] /m xpw
[19/03/2026 12:33:12] /i comander sword
[19/03/2026 12:33:19] /i commander sword
[19/03/2026 12:33:25] /i nature trousers
[19/03/2026 12:33:29] /m xp
[19/03/2026 12:33:30] /m xp
[20/03/2026 10:16:21] /i hyper gloves
[20/03/2026 10:16:26] /i nature trousers
[20/03/2026 10:16:38] /m xp
[20/03/2026 10:16:39] /m xp
[20/03/2026 10:16:39] /m xp
[20/03/2026 10:16:40] /m xp
[20/03/2026 10:16:40] /m xp
[20/03/2026 10:16:41] /m xp
[20/03/2026 10:16:43] /m xp
[20/03/2026 10:16:43] /m xp
[20/03/2026 10:16:43] /m xp
[20/03/2026 10:16:44] /m xp
[20/03/2026 10:16:44] /m xp
[20/03/2026 10:16:46] /m xp
[20/03/2026 10:16:47] /m xp
[20/03/2026 10:16:47] /m xp
[20/03/2026 10:16:47] /m xp
[20/03/2026 10:16:48] /m xp
[20/03/2026 10:20:05] /m xp
[20/03/2026 10:21:49] /m xp
[20/03/2026 10:21:50] /m xp
[20/03/2026 10:21:50] /m xp
[20/03/2026 10:21:51] /m xp
[20/03/2026 10:21:52] /m xp
[20/03/2026 10:21:57] /i commander sword
[20/03/2026 10:25:30] /m xp
[20/03/2026 10:25:32] /m xp
[20/03/2026 10:25:32] /m xp
[20/03/2026 10:25:33] /m xp
[20/03/2026 10:25:33] /m xp
[20/03/2026 10:25:34] /m xp
[20/03/2026 10:28:14] /i hyper gloves
[20/03/2026 10:28:24] /m xp
[20/03/2026 10:28:25] /m xp
[20/03/2026 10:28:25] /m xp
[20/03/2026 10:28:26] /m xp
[20/03/2026 10:28:27] /m xp
[20/03/2026 10:30:44] /m xp
[20/03/2026 10:30:44] /m xp
[20/03/2026 10:30:45] /m xp
[20/03/2026 10:30:45] /m xp
[20/03/2026 10:30:46] /m xp
[20/03/2026 10:30:47] /m xp
[20/03/2026 10:30:47] /m xp
[20/03/2026 10:30:48] /m xp
[20/03/2026 11:53:26] /m samurai
[20/03/2026 12:02:12] /m samurai
[20/03/2026 12:02:13] /m samurai
[20/03/2026 12:06:56] /m samurai
[20/03/2026 12:06:56] /m samurai
[20/03/2026 12:06:57] /m samuraiW
[20/03/2026 12:37:39] /m samurai
[20/03/2026 12:37:40] /m samurai
[20/03/2026 12:37:45] /i ramem
[20/03/2026 12:37:47] /i ramen
[20/03/2026 12:39:36] /i ramen
[20/03/2026 12:39:46] /r
[20/03/2026 12:39:57] /r
[20/03/2026 17:47:53] /m samurai
[20/03/2026 17:47:53] /m samurai
[21/03/2026 11:07:22] /i genin pill
[21/03/2026 11:07:23] /i genin pill
[21/03/2026 11:07:24] /i genin pill
[21/03/2026 11:07:31] /m samurai
[21/03/2026 11:29:31] /m samurai
[21/03/2026 11:29:33] /m samurai
[21/03/2026 12:13:50] /i scroll of healing
[21/03/2026 12:15:03] /i scroll of chakra
[21/03/2026 16:54:51] /i commander sword
[21/03/2026 16:54:57] /i nature trousers
[21/03/2026 16:55:06] /r
[21/03/2026 16:55:12] /r
[21/03/2026 16:55:26] /goto samurai
[21/03/2026 16:55:28] /t
[21/03/2026 16:55:36] /m xp
[21/03/2026 16:55:36] /m xp
[21/03/2026 16:55:37] /m xp
[21/03/2026 16:55:38] /m xp
[21/03/2026 16:55:38] /m xp
[21/03/2026 16:55:39] /m xp
[21/03/2026 16:55:47] /i genin pill
[21/03/2026 16:55:48] /i genin pill
[21/03/2026 19:16:40] /m xp
[21/03/2026 19:16:41] /m xp
[21/03/2026 19:16:42] /m xp
[21/03/2026 19:16:42] /m xp
[21/03/2026 19:16:43] /m xp
[21/03/2026 20:14:20] /i hyper gloves
