[22/01/2026 14:12:44] /m wolf
[22/01/2026 14:12:45] /m wolf
[22/01/2026 14:12:45] /m wolf
[22/01/2026 14:32:19] /m wolf
[22/01/2026 14:35:23] /m wolf
[22/01/2026 14:50:46] /i hyper gloves
[22/01/2026 14:50:53] /m wolf
[22/01/2026 14:50:54] /m wolf
[22/01/2026 14:51:00] /i samurai armor
[22/01/2026 14:51:09] /i ramen
[22/01/2026 15:07:18] /m wolf
[22/01/2026 15:07:42] /m wolf
[22/01/2026 15:09:34] /m wolf
[22/01/2026 18:33:43] /m bandit
[22/01/2026 18:34:05] /m bandit
[23/01/2026 18:48:21] /m bandit
[23/01/2026 18:52:12] /m bandit
[23/01/2026 18:59:21] /s
[23/01/2026 18:59:23] /m bandit
[23/01/2026 19:03:24] /m bandit
[25/01/2026 12:57:21] /c akama go
[25/01/2026 12:57:25] /c Akama Go
[25/01/2026 12:57:44] /i geta shoes
[25/01/2026 12:57:50] /i samurai armor
[25/01/2026 12:58:10] /i nature shoes
[25/01/2026 12:58:14] /i nature trousers
[25/01/2026 12:58:21] /i hyper gloves
[25/01/2026 12:58:29] /i genin pill
[25/01/2026 12:58:31] /i genin pill
[25/01/2026 14:46:51] /m xp
[25/01/2026 16:01:41] /i konohamaru shirt
[25/01/2026 19:33:39] /m bandir
[25/01/2026 19:33:42] /m bandit
[25/01/2026 19:33:43] /m bandit
[25/01/2026 19:33:46] /m bandit
[25/01/2026 19:33:47] /m bandit
[25/01/2026 19:33:49] /m bandit
[25/01/2026 19:35:43] /m bandit
[25/01/2026 19:35:44] /m bandit
[02/02/2026 15:50:02] /m savager
[02/02/2026 15:50:04] /m savager
[02/02/2026 16:12:58] /t
[19/02/2026 22:07:34] /i spike gloves
[19/02/2026 22:07:49] /i spiked gloves
[19/02/2026 22:07:59] /i konoha trousers
[19/02/2026 22:08:09] /i sandals
[19/02/2026 22:08:33] /i konoha shirt
[20/02/2026 12:40:29] /i ramen
[20/02/2026 18:02:45] /m xp
[20/02/2026 19:18:44] /i genin pill
[20/02/2026 19:18:46] /i genin pill
[20/02/2026 19:18:54] /m savager
[20/02/2026 19:19:01] /i samurai ramor
[20/02/2026 19:19:04] /i samurai armor
[21/02/2026 10:04:21] /m xp
[21/02/2026 10:24:48] /i muddy floor
[21/02/2026 10:25:05] /i tiled floor
[21/02/2026 10:25:11] /i stone tile
[21/02/2026 11:10:14] /i 413
[21/02/2026 11:11:21] /i 415
[21/02/2026 12:02:31] /i 415
[21/02/2026 12:02:42] /i 415
[21/02/2026 12:03:37] /i 415
[21/02/2026 12:04:30] /i 415
[21/02/2026 12:10:54] /i stone stairway
[21/02/2026 12:15:15] /i 415
[21/02/2026 12:17:52] /i 3221
[21/02/2026 12:19:26] /i 415
[22/02/2026 11:54:44] /i 415
[22/02/2026 11:54:46] /t
[22/02/2026 11:54:48] /i 415
[22/02/2026 12:02:32] /i 415
[22/02/2026 12:04:29] /r
[22/02/2026 12:07:09] /i 415
[22/02/2026 12:09:45] /i 415
[22/02/2026 12:09:54] /r
[22/02/2026 12:09:56] /r
[22/02/2026 12:09:58] /r
[22/02/2026 12:10:01] /r
[22/02/2026 12:12:32] /i 415
[22/02/2026 12:14:34] /i 415
[22/02/2026 12:14:47] /r
[22/02/2026 12:14:49] /r
[22/02/2026 12:14:51] /r 
[22/02/2026 12:20:27] /i 487
[22/02/2026 12:20:39] /i 724
[22/02/2026 12:21:06] /i 474
[22/02/2026 12:21:26] /i 448
[22/02/2026 12:21:37] /i 434
[22/02/2026 12:21:43] /i 446
[22/02/2026 12:22:13] /i 487
[22/02/2026 12:22:18] /i 489
[22/02/2026 12:24:57] /i 610
[22/02/2026 12:25:00] /i 610
[22/02/2026 12:37:13] /i samurai armor
[22/02/2026 12:37:16] /i geta shoes
[22/02/2026 12:37:34] /i nature trousers
