[24/05/2010 19:31:57] /addskill Char, sword
[24/05/2010 19:31:58] /addskill Char, sword
[24/05/2010 19:31:58] /addskill Char, sword
[24/05/2010 19:31:59] /addskill Char, sword
[24/05/2010 19:31:59] /addskill Char, sword
[24/05/2010 19:32:00] /addskill Char, sword
[24/05/2010 19:32:00] /addskill Char, sword
[24/05/2010 19:32:01] /addskill Char, sword
[24/05/2010 19:32:01] /addskill Char, sword
[24/05/2010 19:32:02] /addskill Char, sword
[24/05/2010 19:32:03] /addskill Char, sword
[24/05/2010 19:32:03] /addskill Char, sword
[24/05/2010 19:32:04] /addskill Char, sword
[24/05/2010 19:32:04] /addskill Char, sword
[24/05/2010 19:32:05] /addskill Char, sword
[24/05/2010 19:32:05] /addskill Char, sword
[24/05/2010 19:32:06] /addskill Char, sword
[24/05/2010 19:32:06] /addskill Char, sword
[24/05/2010 19:32:07] /addskill Char, sword
[24/05/2010 19:32:07] /addskill Char, sword
[24/05/2010 19:32:08] /addskill Char, sword
[24/05/2010 19:32:09] /addskill Char, sword
[24/05/2010 19:32:09] /addskill Char, sword
[24/05/2010 19:32:10] /addskill Char, sword
[24/05/2010 19:32:10] /addskill Char, sword
[24/05/2010 19:32:11] /addskill Char, sword
[24/05/2010 19:32:11] /addskill Char, sword
[24/05/2010 19:32:12] /addskill Char, sword
[24/05/2010 19:32:12] /addskill Char, sword
[24/05/2010 19:32:13] /addskill Char, sword
[24/05/2010 19:32:14] /addskill Char, sword
[24/05/2010 19:32:14] /addskill Char, sword
[24/05/2010 19:32:15] /addskill Char, sword
[24/05/2010 19:32:15] /addskill Char, sword
[24/05/2010 19:32:16] /addskill Char, sword
[24/05/2010 19:32:17] /addskill Char, sword
[24/05/2010 19:32:17] /addskill Char, sword
[24/05/2010 19:32:18] /addskill Char, sword
[24/05/2010 19:32:19] /addskill Char, sword
[24/05/2010 19:32:19] /addskill Char, sword
[24/05/2010 19:32:20] /addskill Char, sword
[24/05/2010 19:32:20] /addskill Char, sword
[24/05/2010 19:32:21] /addskill Char, sword
[24/05/2010 19:32:22] /addskill Char, sword
[24/05/2010 19:32:22] /addskill Char, sword
[24/05/2010 19:32:23] /addskill Char, sword
[24/05/2010 19:32:24] /addskill Char, sword
[24/05/2010 19:32:24] /addskill Char, sword
[24/05/2010 19:32:25] /addskill Char, sword
[24/05/2010 19:32:25] /addskill Char, sword
[24/05/2010 19:32:26] /addskill Char, sword
[24/05/2010 19:32:27] /addskill Char, sword
[24/05/2010 19:32:27] /addskill Char, sword
[24/05/2010 19:32:28] /addskill Char, sword
[24/05/2010 19:32:28] /addskill Char, sword
[24/05/2010 19:32:29] /addskill Char, sword
[24/05/2010 19:32:30] /addskill Char, sword
[24/05/2010 19:32:30] /addskill Char, sword
[24/05/2010 19:32:31] /addskill Char, sword
[24/05/2010 19:32:32] /addskill Char, sword
[24/05/2010 19:32:32] /addskill Char, sword
[24/05/2010 19:32:33] /addskill Char, sword
[24/05/2010 19:32:34] /addskill Char, sword
[24/05/2010 19:32:34] /addskill Char, sword
[24/05/2010 19:32:35] /addskill Char, sword
[24/05/2010 19:32:35] /addskill Char, sword
[25/05/2010 21:53:13] /a 2
[25/05/2010 21:53:24] /a 10
[25/05/2010 21:53:28] /a 10
[25/05/2010 21:54:12] /down
[25/05/2010 21:54:14] /a 10
[25/05/2010 21:54:15] /a 10
[25/05/2010 21:54:18] /a 10
[25/05/2010 21:54:20] /a 10
[25/05/2010 21:54:23] /a 10
[25/05/2010 21:54:32] /a 10
[25/05/2010 21:54:33] /a 10
[25/05/2010 21:54:36] /a 10
[25/05/2010 21:54:39] /a 10
[25/05/2010 21:54:53] /a 6
[25/05/2010 21:55:03] /a 6
[25/05/2010 21:57:00] /i 2505
[25/05/2010 21:59:55] /c Testt
[26/05/2010 19:25:36] /i 2182
[26/05/2010 19:25:53] /i 2281
[26/05/2010 20:22:40] /t
