[15/04/2026 13:02:12] /a 100
[15/04/2026 13:02:16] /a 100
[15/04/2026 13:02:50] /m sound beast
[15/04/2026 13:03:16] /m otogakure shinobi
[15/04/2026 13:04:08] /m Otogakure Shinobi
[15/04/2026 13:16:59] /r
[15/04/2026 13:17:01] /r
[15/04/2026 13:26:29] /m Sound Beast
[15/04/2026 13:26:33] /m Sound Beast
[15/04/2026 14:54:43] /r
[15/04/2026 15:01:21] /m oto-nin specialist
[15/04/2026 15:01:40] /a 50
[15/04/2026 15:01:49] /i jounin pill
[15/04/2026 15:01:50] /i jounin pill
[15/04/2026 15:01:50] /i jounin pill
[15/04/2026 15:01:50] /i jounin pill
[15/04/2026 15:04:38] /a 50
[15/04/2026 15:04:41] /a 10
[15/04/2026 16:07:30] /up
[15/04/2026 16:07:55] /n shikaku
[15/04/2026 16:08:06] /n isac
[15/04/2026 16:08:21] /n utaka
[15/04/2026 19:43:13] /t
[15/04/2026 19:43:15] /a 100
[15/04/2026 19:43:17] /a 100
[15/04/2026 19:43:20] /a 30
[15/04/2026 21:18:53] /i jounin pill
[15/04/2026 21:19:06] /i jounin pill
[15/04/2026 21:19:07] /i jounin pill
[15/04/2026 21:19:07] /i jounin pill
[15/04/2026 21:19:07] /i jounin pill
[15/04/2026 21:19:08] /i jounin pill
[15/04/2026 21:19:08] /i jounin pill
[16/04/2026 13:39:36] /a 100
[16/04/2026 13:39:38] /a 100
[16/04/2026 13:39:40] /a 100
[16/04/2026 13:39:42] /a 100
[16/04/2026 13:39:44] /a 100
[16/04/2026 13:39:48] /a 100
[16/04/2026 13:39:52] /a 10
[16/04/2026 13:40:20] /m xp
[16/04/2026 13:40:20] /m xp
[16/04/2026 13:40:21] /m xp
[16/04/2026 13:40:21] /m xp
[16/04/2026 13:40:21] /m xp
[16/04/2026 13:40:21] /m xp
[16/04/2026 13:40:36] /m xp
[16/04/2026 13:40:36] /m xp
[16/04/2026 13:40:37] /m xp
[16/04/2026 13:40:37] /m xp
[16/04/2026 13:40:38] /m xp
[16/04/2026 13:40:39] /m xp
[16/04/2026 13:40:39] /m xp
[16/04/2026 13:40:40] /m xp
[16/04/2026 13:40:41] /m xp
[16/04/2026 13:40:41] /m xp
[16/04/2026 13:40:41] /m xp
[16/04/2026 13:40:42] /m xp
[16/04/2026 13:40:42] /m xp
[16/04/2026 13:40:44] /m xp
[16/04/2026 13:40:45] /m xp
[16/04/2026 13:40:45] /m xp
[16/04/2026 13:40:45] /m xp
[16/04/2026 13:40:46] /m xp
[16/04/2026 13:40:46] /m xp
[16/04/2026 13:40:46] /m xp
[16/04/2026 13:40:47] /m xp
[16/04/2026 13:44:16] /a 100
[16/04/2026 13:44:18] /a 100
[16/04/2026 13:44:21] /a 30
[16/04/2026 13:51:03] /i 2789
[16/04/2026 14:01:31] /a 10
[16/04/2026 16:24:20] /a 100
[16/04/2026 16:24:45] /m xp
[16/04/2026 16:24:46] /m xp
[16/04/2026 16:24:49] /m xp
[16/04/2026 16:24:53] /m xp
[16/04/2026 16:24:57] /m xp
[16/04/2026 16:24:58] /m xp
[16/04/2026 16:24:59] /m xp
[16/04/2026 16:25:00] /m xp
[16/04/2026 16:25:01] /m xp/m xp
[16/04/2026 16:25:02] /m xp
[16/04/2026 16:25:03] /m xp/m xp
[16/04/2026 16:25:04] /m xp
[16/04/2026 16:25:04] /m xp
[16/04/2026 16:25:06] /m xp
[16/04/2026 16:25:06] /m xp
[16/04/2026 16:25:07] /m xp
[16/04/2026 16:25:09] /m xp
[16/04/2026 16:25:09] /m xp
[16/04/2026 16:25:10] /m xp
[16/04/2026 16:25:11] /m xp
[16/04/2026 16:25:12] /m xp
[16/04/2026 16:25:12] /m xp
[16/04/2026 16:25:13] /m xp
[16/04/2026 16:25:14] /m xp
[16/04/2026 16:25:15] /m xp
[16/04/2026 16:25:15] /m xp
[16/04/2026 16:25:16] /m xp
[16/04/2026 16:25:16] /m xp
[16/04/2026 16:25:17] /m xp
[16/04/2026 16:25:17] /m xp
[16/04/2026 16:25:19] /m xp/m xp/m xp
[16/04/2026 16:25:19] /m xp
[16/04/2026 17:43:41] /i jounin pill
[16/04/2026 17:43:53] /i jounin pill
[16/04/2026 17:43:54] /i jounin pill
[16/04/2026 17:43:54] /i jounin pill
[16/04/2026 17:43:54] /i jounin pill
[16/04/2026 17:43:55] /i jounin pill
[16/04/2026 17:43:55] /i jounin pill
[17/04/2026 21:56:46] /i spellbook
[17/04/2026 21:56:54] /i konoha backpack
[17/04/2026 22:10:22] /i scroll of chakra
[17/04/2026 22:11:22] /i pair of soft boots
[17/04/2026 22:13:07] /i 2640
[17/04/2026 22:14:14] /i 2640
[17/04/2026 22:32:17] /a 100
[17/04/2026 22:32:21] /a 100
[17/04/2026 22:32:24] /a 100
[17/04/2026 22:32:27] /a 10
[17/04/2026 22:36:56] /i 6132
[17/04/2026 22:36:59] /i 6132
[17/04/2026 22:52:26] /i cristal ring
[17/04/2026 22:52:29] /i crystal ring
[17/04/2026 22:52:32] /i crystal ring
[17/04/2026 22:52:55] /i 6093
[17/04/2026 22:56:04] /i 2123
[17/04/2026 22:56:16] /i 2123
[17/04/2026 23:05:22] /m wolf
[17/04/2026 23:05:22] /m wolf
[17/04/2026 23:05:22] /m wolf
[17/04/2026 23:05:22] /m wolf
[17/04/2026 23:05:23] /m wolf
[17/04/2026 23:05:23] /m wolf
[17/04/2026 23:05:23] /m wolf
[17/04/2026 23:05:23] /m wolf
[17/04/2026 23:06:44] /m wolf
[17/04/2026 23:06:44] /m wolf
[17/04/2026 23:06:44] /m wolf
[17/04/2026 23:06:44] /m wolf
[17/04/2026 23:06:45] /m wolf
[17/04/2026 23:06:45] /m wolf/m wolf
[17/04/2026 23:06:46] /m wolf
[17/04/2026 23:06:46] /m wolf
[17/04/2026 23:06:46] /m wolf
[17/04/2026 23:06:46] /m wolf
[17/04/2026 23:09:56] /i stonecutter axe
[18/04/2026 10:13:37] /m trainer
[18/04/2026 10:14:02] /i isac's evory tanto
[18/04/2026 10:14:21] /i 2431
[18/04/2026 10:15:52] /m trainer
[18/04/2026 10:23:28] /m trainer
[18/04/2026 10:25:23] /m trainer
[18/04/2026 10:34:08] /m trainer
[18/04/2026 10:40:28] /m samurai
[18/04/2026 10:45:25] /m samurai
[18/04/2026 11:00:10] /i Isac's Worn Bandana
[18/04/2026 11:00:15] /i Isac's Worn Bandana
[18/04/2026 11:01:54] /m samurai
[18/04/2026 11:15:12] /n shikaku
[18/04/2026 11:21:31] /n shikaku
[18/04/2026 11:27:16] /n shikaku
[18/04/2026 11:29:01] /n shikaku
[18/04/2026 11:53:04] /n shikaku
[18/04/2026 12:06:00] /n shikaku
[18/04/2026 12:11:09] /a 1000
[18/04/2026 12:11:11] /a 100
[18/04/2026 12:11:13] /a 40
[18/04/2026 12:11:30] /i jounin pill
[18/04/2026 12:11:40] /i jounin pill
[18/04/2026 12:11:54] /n isac
[18/04/2026 12:18:33] /down
[18/04/2026 12:18:39] /n isac
[18/04/2026 12:21:01] /n isac
[18/04/2026 12:27:08] /n isac
[18/04/2026 12:30:54] /n isac
[18/04/2026 12:33:22] /n isac
[18/04/2026 12:36:55] /n isac
[18/04/2026 12:39:02] /n isac
[18/04/2026 12:40:32] /n isac
[18/04/2026 12:58:29] /n isac
[18/04/2026 13:03:22] /i isac
[18/04/2026 13:03:25] /n isac
[18/04/2026 13:05:54] /n isac
[18/04/2026 13:42:54] /n isac
[18/04/2026 13:43:58] /n shikaku
[18/04/2026 13:51:07] /up
[18/04/2026 13:51:11] /n iasc
[18/04/2026 13:51:13] /n isac
[18/04/2026 14:04:24] /i red notes
[18/04/2026 14:04:28] /i red note
[18/04/2026 14:53:44] /i sebon
[18/04/2026 15:19:24] /i sebon
[18/04/2026 15:19:43] /t
[18/04/2026 15:19:51] /i sebon
[18/04/2026 16:14:00] /i kunai
[18/04/2026 17:38:26] /i explosive kunai
[18/04/2026 18:16:23] /i shuriken
[18/04/2026 20:12:43] /goto isac
[18/04/2026 20:12:49] /m yomogi
[18/04/2026 20:12:53] /n yomogi
[18/04/2026 20:16:36] /n yomogi
[19/04/2026 14:50:56] /m failedbunshin
[19/04/2026 14:52:04] /m failedbunshin
[19/04/2026 14:53:57] /m failed bunshin
[19/04/2026 14:58:46] /m failed bunshin
[19/04/2026 14:59:08] /r
[19/04/2026 15:02:42] /m failed bunshin
[19/04/2026 20:12:43] /t
[19/04/2026 20:12:50] /m mizuki
[19/04/2026 21:57:41] /i geta shoes
[20/04/2026 10:10:15] /i 2893
[20/04/2026 10:10:34] /i 2894
[20/04/2026 10:11:03] /i amphora
[20/04/2026 10:17:03] /i photo camera
[20/04/2026 10:21:30] /i photo camera
[20/04/2026 10:23:41] /i photo camerar
[20/04/2026 10:23:47] /i photo camera
[20/04/2026 14:13:11] /i 2510
[20/04/2026 14:13:55] /i 2513
[20/04/2026 14:14:10] /i 2514
[20/04/2026 14:14:32] /i 2515
[20/04/2026 14:14:38] /i 2516
[20/04/2026 14:14:44] /i backpack
[20/04/2026 14:15:02] /i 2517
[20/04/2026 14:15:09] /i 2518
[20/04/2026 14:15:22] /i 2519
[20/04/2026 14:15:27] /i 2520
[20/04/2026 14:15:32] /i 2521
[20/04/2026 14:15:36] /i 2522
[20/04/2026 14:16:19] /i 2523
[20/04/2026 14:17:00] /i 2525
[20/04/2026 14:17:10] /i 2526
[20/04/2026 14:17:14] /i 2527
[20/04/2026 14:21:25] /i ginzo
[20/04/2026 15:42:16] /a 100
[20/04/2026 20:59:47] /n Hiruzen Sarutobi [Hokage]
[21/04/2026 09:50:22] /n Hiruzen Sarutobi [Hokage]
[21/04/2026 09:58:14] /n hiruzen sarutobi [hokage]
[21/04/2026 10:04:43] /n hiruzen sarutoi [hokage]
[21/04/2026 10:05:17] /n Hiruzen Sarutobi [Hokage]
[21/04/2026 10:11:00] /n Hiruzen Sarutobi [Hokage]
[21/04/2026 10:15:05] /n Hiruzen Sarutobi [Hokage]
[21/04/2026 12:25:19] /i Hiruzen Sarutobi [Hokage]
[21/04/2026 12:25:22] /n Hiruzen Sarutobi [Hokage]
[21/04/2026 12:29:08] /m gozu
[21/04/2026 12:30:20] /m gozu
[21/04/2026 16:34:39] /goto zabuza
[21/04/2026 16:34:44] /m ebisu
[21/04/2026 16:38:43] /m ebisu
[21/04/2026 16:40:17] /m ebisu
[21/04/2026 19:33:09] /n Hiruzen Sarutobi [Hokage]
[21/04/2026 19:42:05] /n Hiruzen Sarutobi [Hokage]
[21/04/2026 19:44:03] /n Hiruzen Sarutobi [Hokage]
[21/04/2026 20:24:12] /a 30
[21/04/2026 20:24:14] /a 10
[21/04/2026 20:24:16] /a 
[21/04/2026 20:25:30] /a 40
[22/04/2026 07:25:18] /m ebisu
[22/04/2026 07:26:12] /m ebisu
[22/04/2026 07:27:41] /m ebisu
[22/04/2026 07:32:19] /m ebisu
[22/04/2026 10:45:28] /a 40
[22/04/2026 11:09:41] /a 50
[22/04/2026 11:09:44] /a 10
[22/04/2026 11:09:54] /m hiruzen sarutobi [hokage]
[22/04/2026 11:10:10] /n Hiruzen Sarutobi [Hokage]
[22/04/2026 13:22:08] /t
[22/04/2026 13:22:11] /a 100
[22/04/2026 13:22:15] /a 50
[22/04/2026 13:22:17] /a 50
[22/04/2026 13:22:20] /a 3-
[22/04/2026 13:22:24] /a 30
[22/04/2026 13:22:29] /up
[22/04/2026 13:53:11] /down
[22/04/2026 17:05:23] /goto tazuna
[23/04/2026 11:48:08] /i dead hku
[23/04/2026 11:48:14] /i dead haku
[23/04/2026 16:36:38] /a 100
[23/04/2026 16:36:39] /a 100
[23/04/2026 16:36:41] /a 100
[23/04/2026 16:36:43] /a 100
[23/04/2026 16:36:44] /a 100
[23/04/2026 16:36:44] /a 100
[23/04/2026 16:36:46] /a 100
[23/04/2026 16:36:50] /a 50
[24/04/2026 11:40:16] /i green note
[24/04/2026 16:15:35] /t
[25/04/2026 12:14:40] /i orichalcum pearl
[25/04/2026 12:16:49] /i large pearl flower
[25/04/2026 12:19:57] /i dragon claw
[25/04/2026 12:44:23] /i mushroom
[25/04/2026 12:44:34] /i brown mushroom
[25/04/2026 14:30:32] /a 100
[25/04/2026 14:30:38] /a 30
[25/04/2026 14:30:44] /m samurai
[25/04/2026 14:30:44] /m samurai
[25/04/2026 14:30:45] /m samurai
[25/04/2026 14:30:45] /m samurai
[25/04/2026 14:30:45] /m samurai
[25/04/2026 14:30:46] /m samurai
[25/04/2026 14:30:46] /m samurai
[25/04/2026 14:30:46] /m samurai
[25/04/2026 14:30:46] /m samurai
[25/04/2026 16:13:19] /goto isac quase kreca
[25/04/2026 16:13:55] /addskill Isac Quase Kreca, sword, 60
[25/04/2026 16:14:54] /addskill Kiba Kreca, fist, 60
[25/04/2026 16:15:23] /addskill Isac Quase Kreca, shielding, 60
[25/04/2026 16:15:47] /addskill Kiba Kreca, sword, 60
[25/04/2026 16:16:09] /addskill Kiba Kreca, shielding, 60
[25/04/2026 16:16:32] /i bag
[25/04/2026 16:16:34] /i bag
[25/04/2026 16:16:41] /i genin pill
[25/04/2026 16:16:41] /i genin pill
[25/04/2026 16:16:41] /i genin pill
[25/04/2026 16:16:41] /i genin pill
[25/04/2026 16:16:42] /i genin pill
[25/04/2026 16:16:42] /i genin pill
[25/04/2026 16:16:42] /i genin pill
[25/04/2026 16:16:42] /i genin pill
[25/04/2026 16:16:43] /i genin pill
[25/04/2026 16:16:45] /i genin pill
[25/04/2026 16:16:46] /i genin pill
[25/04/2026 16:16:46] /i genin pill
[25/04/2026 16:16:59] /i genin pill
[25/04/2026 16:16:59] /i genin pill
[25/04/2026 16:16:59] /i genin pill
[25/04/2026 16:17:00] /i genin pill
[25/04/2026 16:17:17] /i bag
[25/04/2026 16:17:23] /i genin pill
[25/04/2026 16:17:24] /i genin pill
[25/04/2026 16:17:24] /i genin pill
[25/04/2026 16:17:24] /i genin pill
[25/04/2026 16:17:24] /i genin pill
[25/04/2026 16:17:25] /i genin pill
[25/04/2026 16:17:25] /i genin pill
[25/04/2026 16:17:32] /i genin pill
[25/04/2026 16:24:18] /addskill Askuas, shielding, 60
[25/04/2026 16:45:55] /goto ebisu
[25/04/2026 16:46:41] /goto isac quase kreca
[25/04/2026 16:46:49] /r
[25/04/2026 16:46:51] /r
[25/04/2026 16:52:15] /n Hiruzen Sarutobi [Hokage]
[25/04/2026 16:52:30] /r
[25/04/2026 16:53:19] /n Konohamaru
[25/04/2026 17:03:27] /m ninja
[25/04/2026 17:03:38] /m ninja
[25/04/2026 17:03:46] /m ninja
[25/04/2026 17:04:23] /m ninja
[25/04/2026 17:04:24] /m ninja
[25/04/2026 17:04:24] /m ninja
[25/04/2026 17:04:29] /m ninja
[25/04/2026 17:04:47] /m ninja
[25/04/2026 17:04:48] /m ninja
[25/04/2026 17:04:49] /m ninja
[25/04/2026 17:08:01] /i kunai
[25/04/2026 17:08:02] /i kunai
[25/04/2026 17:35:25] /r
[25/04/2026 18:59:46] /i 2666
[25/04/2026 19:00:09] /i 2253
[25/04/2026 19:00:27] /i 2148
[25/04/2026 19:05:26] /m snake
[25/04/2026 19:08:26] /i 2148
[25/04/2026 19:27:07] /m Heavy Brawler
[25/04/2026 19:28:53] /m Road Outlaw
[26/04/2026 11:40:38] /a
[26/04/2026 11:41:13] /m Road Outlaw
[26/04/2026 12:01:05] /m wolf
[26/04/2026 13:03:36] /m wolf
[26/04/2026 13:34:00] /m wolf
[26/04/2026 13:34:02] /m wolf
[26/04/2026 13:35:30] /m wolf
[26/04/2026 13:35:31] /m wolf
[26/04/2026 13:35:32] /m wolf
[26/04/2026 13:39:21] /i nature gloves
[26/04/2026 13:39:44] /m wolf
[26/04/2026 13:39:45] /m wolf
[26/04/2026 13:39:45] /m wolf
[26/04/2026 13:39:45] /m wolf
[26/04/2026 13:39:46] /m wolf
[26/04/2026 13:39:46] /m wolf
[26/04/2026 16:17:40] /m bandit
[26/04/2026 16:17:41] /m bandit
[26/04/2026 16:17:42] /m bandit
[26/04/2026 16:17:43] /m bandit
[26/04/2026 16:17:43] /m bandit
[26/04/2026 16:17:43] /m bandit
[26/04/2026 16:17:43] /m bandit
[26/04/2026 16:17:44] /m bandit
[26/04/2026 16:17:44] /m bandit
[26/04/2026 16:17:44] /m bandit
[26/04/2026 16:17:46] /a 
[26/04/2026 16:17:48] /m bandit
[26/04/2026 16:17:49] /m bandit
[26/04/2026 16:17:49] /m bandit
[26/04/2026 16:17:50] /m bandit
[26/04/2026 16:17:51] /m bandit
[26/04/2026 16:17:51] /m bandit
[26/04/2026 16:17:52] /m bandit
[26/04/2026 16:17:54] /m bandit
[26/04/2026 16:17:54] /m bandit
[26/04/2026 16:17:54] /m bandit
[26/04/2026 16:17:56] /m bandit
[26/04/2026 16:17:57] /m bandit
[26/04/2026 16:17:57] /m bandit
[26/04/2026 16:17:58] /m bandit
[26/04/2026 16:17:59] /m bandit
[26/04/2026 16:17:59] /m bandit
[26/04/2026 16:17:59] /m bandit
[26/04/2026 16:18:00] /m bandit
[26/04/2026 16:18:01] /m bandit
[26/04/2026 16:34:41] /m bandit
[26/04/2026 16:34:42] /m bandit
[26/04/2026 16:34:42] /m bandit
[26/04/2026 16:34:42] /m bandit
[26/04/2026 16:34:44] /m bandit
[26/04/2026 16:34:45] /m bandit
[26/04/2026 16:34:46] /m bandit
[26/04/2026 16:34:46] /m bandit
[26/04/2026 16:34:47] /m bandit/m bandit
[26/04/2026 16:34:47] /m bandit
[26/04/2026 16:34:48] /m bandit
[26/04/2026 16:34:48] /m bandit
[26/04/2026 16:34:49] /m bandits/m bandit
[26/04/2026 16:34:50] /m bandit
[26/04/2026 16:34:50] /m bandit
[26/04/2026 16:34:51] /m bandit
[26/04/2026 16:34:51] /m bandit
[26/04/2026 16:34:51] /m bandit
[26/04/2026 16:34:51] /m bandit
[26/04/2026 16:34:52] /m bandit
[26/04/2026 16:53:06] /m bandit
[26/04/2026 16:53:06] /m bandit
[26/04/2026 16:53:07] /m bandit
[26/04/2026 16:53:07] /m bandit
[26/04/2026 16:53:07] /m bandit
[26/04/2026 16:53:10] /m bandit
[26/04/2026 16:53:10] /m bandit
[26/04/2026 16:53:10] /m bandit
[26/04/2026 16:53:11] /m bandit
[26/04/2026 16:55:24] /m bandit
[26/04/2026 16:55:24] /m bandit
[26/04/2026 16:55:24] /m bandit
[26/04/2026 16:55:24] /m bandit
[26/04/2026 16:55:25] /m bandit
[26/04/2026 16:55:25] /m bandit
[26/04/2026 16:55:25] /m bandit
[26/04/2026 16:55:25] /m bandit
[27/04/2026 11:25:58] /t
[27/04/2026 11:26:10] /i spiked gloves
[27/04/2026 11:44:38] /m samurai
[27/04/2026 11:53:24] /m samurai
[27/04/2026 11:58:02] /m samurai
[27/04/2026 11:59:52] /i bag
[27/04/2026 11:59:59] /i genin pill
[27/04/2026 12:11:43] /m samurai
[27/04/2026 12:15:10] /m samurai
[27/04/2026 12:15:55] /m samurai
[27/04/2026 12:46:19] /m bandit
[27/04/2026 12:46:20] /m bandit
[27/04/2026 12:46:20] /m bandit
[27/04/2026 12:46:22] /m bandit
[27/04/2026 12:46:22] /m bandit
[27/04/2026 12:46:22] /m bandit
[27/04/2026 12:46:24] /m bandit
[27/04/2026 12:46:24] /m bandit
[27/04/2026 12:46:24] /m bandit
[27/04/2026 12:46:25] /m bandit
[27/04/2026 12:46:25] /m bandit
[27/04/2026 12:46:26] /m bandit
[27/04/2026 12:46:26] /m bandit
[27/04/2026 12:46:46] /i nature gloves
[27/04/2026 12:46:54] /i samurai armor
[27/04/2026 12:49:20] /m bandit
[27/04/2026 12:49:21] /m bandit
[27/04/2026 12:49:21] /m bandit
[27/04/2026 12:49:21] /m bandit
[27/04/2026 12:49:21] /m bandit
[27/04/2026 12:49:22] /m bandit
[27/04/2026 12:49:22] /m bandit
[27/04/2026 12:49:23] /m bandit
[27/04/2026 12:49:56] /m bandit
[27/04/2026 12:49:57] /m bandit
[27/04/2026 12:49:57] /m bandit
[27/04/2026 12:49:57] /m bandit
[27/04/2026 12:49:57] /m bandit
[27/04/2026 12:49:58] /m bandit
[27/04/2026 12:50:00] /m bandit
[27/04/2026 12:50:00] /m bandit
[27/04/2026 12:50:01] /m bandit
[27/04/2026 12:50:01] /m bandit
[27/04/2026 12:50:01] /m bandit
[27/04/2026 12:50:02] /m bandit
[27/04/2026 12:50:04] /m bandit
[27/04/2026 12:50:04] /m bandit
[27/04/2026 12:50:05] /m bandit
[27/04/2026 12:50:06] /m bandit
[27/04/2026 12:50:06] /m bandit
[27/04/2026 12:50:43] /m bandit
[27/04/2026 12:50:44] /m bandit
[27/04/2026 12:50:44] /m bandit
[27/04/2026 12:50:44] /m bandit
[27/04/2026 12:50:48] /m bandit
[27/04/2026 12:50:48] /m bandit
[27/04/2026 12:50:49] /m bandit
[27/04/2026 12:50:49] /m bandit
[27/04/2026 12:50:52] /m bandit
[27/04/2026 12:50:52] /m bandit
[27/04/2026 12:50:52] /m bandit
[27/04/2026 12:50:52] /m bandit
[27/04/2026 12:50:53] /m bandit
[28/04/2026 14:04:35] /i shuriken
[28/04/2026 14:04:38] /i kunai
[28/04/2026 17:10:47] /i genin pill
[28/04/2026 17:10:54] /i genin pill
[28/04/2026 17:10:58] /i genin pill
[28/04/2026 17:22:51] /i 7636
[28/04/2026 17:23:11] /i 7618
[28/04/2026 17:23:12] /i 7618
[28/04/2026 17:23:12] /i 7618
[28/04/2026 17:23:12] /i 7618
[28/04/2026 17:23:12] /i 7618
[28/04/2026 17:23:24] /i konoha backpack
[28/04/2026 17:23:30] /i 7618
[28/04/2026 17:23:30] /i 7618
[28/04/2026 17:23:31] /i 7618
[28/04/2026 17:23:31] /i 7618
[28/04/2026 17:23:31] /i 7618
[28/04/2026 17:23:31] /i 7618
[28/04/2026 17:23:32] /i 7618
[28/04/2026 17:23:32] /i 7618
[28/04/2026 17:23:32] /i 7618
[28/04/2026 17:23:38] /i 7618
[28/04/2026 17:23:38] /i 7618
[28/04/2026 17:23:38] /i 7618
[28/04/2026 17:23:38] /i 7618
[28/04/2026 17:23:39] /i 7618
[28/04/2026 17:23:39] /i 7618
[28/04/2026 21:05:22] /i konoha backpack
[28/04/2026 21:05:47] /i 2382
[28/04/2026 21:05:54] /i backpack
[28/04/2026 21:06:11] /i furnious gloves
[28/04/2026 21:06:27] /i destruction gloves
[28/04/2026 21:06:42] /i 2417
[28/04/2026 21:06:53] /i hyper gloves
[28/04/2026 21:07:01] /i 2422
[28/04/2026 21:07:06] /i iron gloves
[28/04/2026 21:07:19] /i metal gloves
[28/04/2026 21:07:33] /i 2434
[28/04/2026 21:07:47] /i 2439
[28/04/2026 21:07:56] /i titan gloves
[28/04/2026 21:08:02] /i spiked gloves
[28/04/2026 21:08:27] /i 2448
[28/04/2026 21:08:33] /i vampire gloves
[28/04/2026 21:09:03] /i white gloves
[28/04/2026 21:09:24] /i yellow gloves
[28/04/2026 21:09:39] /i sasuke gloves
[28/04/2026 21:09:58] /i ninja gloves
[28/04/2026 21:10:09] /i red gloves
[28/04/2026 21:10:27] /i backpack
[28/04/2026 21:10:51] /i 2376
[28/04/2026 21:11:10] /i 2379
[28/04/2026 21:11:21] /i spike sword
[28/04/2026 21:11:31] /i 2384
[28/04/2026 21:11:39] /i 2385
[28/04/2026 21:11:53] /i suna range
[28/04/2026 21:12:06] /i commander sword
[28/04/2026 21:12:15] /i raiga swords
[28/04/2026 21:12:33] /i giant sword
[28/04/2026 21:12:46] /i ultra katana
[28/04/2026 21:12:53] /i skeleton sword
[28/04/2026 21:12:59] /i katanas
[28/04/2026 21:13:11] /i shark sword
[28/04/2026 21:13:19] /i silver dagger
[28/04/2026 21:13:33] /i samurai sword
[28/04/2026 21:13:40] /i bone sword
[28/04/2026 21:13:50] /i suna sword
[28/04/2026 21:15:25] /i zabuza sword
[28/04/2026 21:16:02] /i 2408
[28/04/2026 21:16:09] /i raiga sword
[28/04/2026 21:16:18] /i shinobazu sword
[28/04/2026 21:16:24] /i katana
[28/04/2026 21:16:34] /i mystic sword
[28/04/2026 21:16:54] /i Demoniac Sword
[28/04/2026 21:17:14] /i 2446
[28/04/2026 21:17:57] /i 2450
[28/04/2026 21:18:54] /i 7382
[28/04/2026 21:19:04] /i 7383
[28/04/2026 21:19:12] /i 7384
[28/04/2026 21:19:38] /i berserker
[28/04/2026 21:20:12] /i 7744
[28/04/2026 21:20:42] /i 7858
[28/04/2026 21:22:39] /i 2381
[28/04/2026 21:22:56] /i 2387
[28/04/2026 21:23:02] /i 2388
[28/04/2026 21:23:31] /i 7456
[28/04/2026 21:23:59] /i backpack
[28/04/2026 21:24:44] /i backpack
[28/04/2026 21:24:58] /i 2467
[28/04/2026 21:25:10] /i 2463
[28/04/2026 21:25:21] /i 2483
[28/04/2026 21:25:27] /i 2485
[28/04/2026 21:25:35] /i 2486[
[28/04/2026 21:25:42] /i 2486
[28/04/2026 21:25:56] /i hoshi armor
[28/04/2026 21:26:02] /i 2489
[28/04/2026 21:26:12] /i 2500
[29/04/2026 13:14:56] /m road outlow
[29/04/2026 13:15:09] /m road outlaw
[29/04/2026 11:56:55] /i genin pill
[29/04/2026 12:29:03] /i 2389
[29/04/2026 15:02:57] /i kunai
[29/04/2026 16:00:54] /i genin pill
[01/05/2026 09:49:20] /a 100
[01/05/2026 09:49:27] /i konohamaru shirt
[01/05/2026 09:49:38] /i konohamaru shhirt
[01/05/2026 09:49:45] /i konohamaru shhirt
[01/05/2026 09:49:49] /i konohamaru shirt
[01/05/2026 10:24:06] /i 2395
[01/05/2026 10:24:37] /i 2417
[01/05/2026 10:25:20] /i 2382
[01/05/2026 12:00:40] /i iron gloves
[01/05/2026 21:02:58] /m assassin
[01/05/2026 21:05:29] /i 2493
[01/05/2026 21:05:40] /i 2472
[01/05/2026 21:05:52] /i 2395
[01/05/2026 21:14:43] /m shinobazu
[01/05/2026 21:18:52] /m shinobazu
[01/05/2026 21:18:59] /i genin pill
[01/05/2026 21:22:05] /m shinobazu
[01/05/2026 21:23:51] /m shinobazu
[01/05/2026 21:27:49] /m shinobazu
[02/05/2026 08:20:41] /i orochimaru shirt
[02/05/2026 08:23:50] /i jhon lee shirt
[02/05/2026 08:24:33] /i harem trousers
[02/05/2026 08:30:55] /i 2647
[02/05/2026 08:32:25] /i 2650
[02/05/2026 08:37:08] /i sakura shirt
[02/05/2026 08:37:23] /i classic sakura shirt
[02/05/2026 08:43:42] /i uchiha jacket
[02/05/2026 22:26:49] /i meat
[07/05/2026 11:04:25] /m assassin
[07/05/2026 11:04:29] /m assassin
[07/05/2026 12:26:33] /m assassin
[07/05/2026 12:26:37] /m assassin
[07/05/2026 16:59:12] /i ametista
[07/05/2026 16:59:20] /i ametysta
[07/05/2026 17:00:23] /i small amethyst
[09/05/2026 14:07:08] /m samurai
[09/05/2026 19:27:28] /a 100
[09/05/2026 19:27:32] /a 10
[09/05/2026 19:30:03] /a a
[09/05/2026 20:05:36] /i genin pill
[10/05/2026 12:13:48] /i 2168
[10/05/2026 12:14:00] /i genin pill
[10/05/2026 12:14:36] /i ramen
[10/05/2026 12:14:40] /i shuriken
