[17/05/2010 20:12:27] /t
[17/05/2010 20:14:50] /a 2
[17/05/2010 20:16:39] /a 2
[17/05/2010 20:16:46] /a 2
[17/05/2010 20:17:31] /a 2
[17/05/2010 20:17:33] /a 2
[17/05/2010 20:17:34] /a 2
[17/05/2010 20:20:34] /a 2
[17/05/2010 20:20:36] /a 2
[17/05/2010 20:21:34] /a 2
[17/05/2010 20:21:40] /a 1
[17/05/2010 20:21:43] /r
[17/05/2010 20:21:50] /r
[17/05/2010 20:21:58] /a 1
[17/05/2010 20:22:00] /a 1
[17/05/2010 20:22:01] /a 1
[17/05/2010 20:22:02] /a 1
[17/05/2010 20:22:03] /a 1
[17/05/2010 20:22:05] /a 1
[17/05/2010 20:25:34] /i 2546
[17/05/2010 20:26:00] /r
[17/05/2010 20:26:04] /r
[17/05/2010 20:26:05] /r
[17/05/2010 20:30:19] /i 2160
[24/05/2010 20:33:52] /i 2160
[24/05/2010 21:40:41] /addskill Goku, level
[24/05/2010 21:40:41] /addskill Goku, level
[24/05/2010 21:40:42] /addskill Goku, level
[24/05/2010 21:40:42] /addskill Goku, level
[24/05/2010 21:40:43] /addskill Goku, level
[24/05/2010 21:40:43] /addskill Goku, level
[24/05/2010 21:40:44] /addskill Goku, level
[24/05/2010 21:40:45] /addskill Goku, level
[24/05/2010 21:40:46] /addskill Goku, level
[24/05/2010 21:40:47] /addskill Goku, level
[24/05/2010 21:40:48] /addskill Goku, level
[24/05/2010 21:40:48] /addskill Goku, level
[24/05/2010 21:40:49] /addskill Goku, level
[24/05/2010 21:40:49] /addskill Goku, level
[24/05/2010 21:40:50] /addskill Goku, level
[24/05/2010 21:40:50] /addskill Goku, level
[24/05/2010 21:40:51] /addskill Goku, level
[24/05/2010 21:40:51] /addskill Goku, level
[24/05/2010 21:40:52] /addskill Goku, level
[24/05/2010 21:40:53] /addskill Goku, level
[24/05/2010 21:40:53] /addskill Goku, level
[24/05/2010 21:40:54] /addskill Goku, level
[24/05/2010 21:40:54] /addskill Goku, level
[24/05/2010 21:40:55] /addskill Goku, level
[24/05/2010 21:40:55] /addskill Goku, level
[24/05/2010 21:40:56] /addskill Goku, level
[24/05/2010 21:40:57] /addskill Goku, level
[24/05/2010 21:40:57] /addskill Goku, level
[24/05/2010 21:40:58] /addskill Goku, level
[24/05/2010 21:40:58] /addskill Goku, level
[24/05/2010 21:40:59] /addskill Goku, level
[24/05/2010 21:40:59] /addskill Goku, level
[24/05/2010 21:41:00] /addskill Goku, level
[24/05/2010 21:41:00] /addskill Goku, level
[24/05/2010 21:41:01] /addskill Goku, level
[24/05/2010 21:41:02] /addskill Goku, level
[24/05/2010 21:41:02] /addskill Goku, level
[24/05/2010 21:41:03] /addskill Goku, level
[24/05/2010 21:41:03] /addskill Goku, level
[24/05/2010 21:41:04] /addskill Goku, level
[24/05/2010 21:41:04] /addskill Goku, level
[24/05/2010 21:41:05] /addskill Goku, level
[24/05/2010 21:41:07] /addskill Goku, level
[24/05/2010 21:41:08] /addskill Goku, level
[24/05/2010 21:41:08] /addskill Goku, level
[24/05/2010 21:41:09] /addskill Goku, level
[24/05/2010 21:41:10] /addskill Goku, level
[24/05/2010 21:41:10] /addskill Goku, level
[24/05/2010 21:41:11] /addskill Goku, level
[24/05/2010 21:41:11] /addskill Goku, level
[24/05/2010 21:41:12] /addskill Goku, level
[24/05/2010 21:41:13] /addskill Goku, level
[24/05/2010 21:41:13] /addskill Goku, level
[24/05/2010 21:41:14] /addskill Goku, level
[24/05/2010 21:41:14] /addskill Goku, level
[24/05/2010 21:41:20] /addskill Goku, level
[24/05/2010 21:41:21] /addskill Goku, level
[24/05/2010 21:41:22] /addskill Goku, level
[24/05/2010 21:41:22] /addskill Goku, level
[24/05/2010 21:41:23] /addskill Goku, level
[24/05/2010 21:41:24] /addskill Goku, level
[24/05/2010 21:41:25] /addskill Goku, level
[24/05/2010 21:41:35] /addskill Goku, level
[24/05/2010 21:41:36] /addskill Goku, level
[24/05/2010 21:41:37] /addskill Goku, level
[24/05/2010 21:41:38] /addskill Goku, level
[24/05/2010 21:41:39] /addskill Goku, level
[24/05/2010 21:41:40] /addskill Goku, level
[24/05/2010 21:41:57] /addskill Goku, magic
[24/05/2010 21:41:58] /addskill Goku, magic
[24/05/2010 21:41:59] /addskill Goku, magic
[24/05/2010 21:42:00] /addskill Goku, magic
[24/05/2010 21:42:00] /addskill Goku, magic
[24/05/2010 21:42:01] /addskill Goku, magic
[24/05/2010 21:42:01] /addskill Goku, magic
[24/05/2010 21:42:02] /addskill Goku, magic
[24/05/2010 21:42:02] /addskill Goku, magic
[24/05/2010 21:42:03] /addskill Goku, magic
[24/05/2010 21:42:03] /addskill Goku, magic
[24/05/2010 21:42:04] /addskill Goku, magic
[24/05/2010 21:42:04] /addskill Goku, magic
[24/05/2010 21:42:05] /addskill Goku, magic
[24/05/2010 21:42:05] /addskill Goku, magic
[24/05/2010 21:42:06] /addskill Goku, magic
[24/05/2010 21:42:06] /addskill Goku, magic
[24/05/2010 21:42:07] /addskill Goku, magic
[24/05/2010 21:42:08] /addskill Goku, magic
[24/05/2010 21:42:08] /addskill Goku, magic
[24/05/2010 21:42:09] /addskill Goku, magic
[24/05/2010 21:42:10] /addskill Goku, magic
[24/05/2010 21:42:10] /addskill Goku, magic
[24/05/2010 21:42:11] /addskill Goku, magic
[24/05/2010 21:42:12] /addskill Goku, magic
[24/05/2010 21:42:13] /addskill Goku, magic
[24/05/2010 21:42:13] /addskill Goku, magic
[24/05/2010 21:42:14] /addskill Goku, magic
[24/05/2010 21:42:15] /addskill Goku, magic
[24/05/2010 21:42:15] /addskill Goku, magic
[24/05/2010 21:42:16] /addskill Goku, magic
[24/05/2010 21:42:17] /addskill Goku, magic
[24/05/2010 21:42:17] /addskill Goku, magic
[24/05/2010 21:42:18] /addskill Goku, magic
[24/05/2010 21:42:18] /addskill Goku, magic
[24/05/2010 21:42:19] /addskill Goku, magic
[24/05/2010 21:42:20] /addskill Goku, magic
[24/05/2010 21:42:20] /addskill Goku, magic
[24/05/2010 21:42:21] /addskill Goku, magic
[24/05/2010 21:42:21] /addskill Goku, magic
[24/05/2010 21:42:22] /addskill Goku, magic
[24/05/2010 21:42:23] /addskill Goku, magic
[24/05/2010 21:42:23] /addskill Goku, magic
[24/05/2010 21:42:24] /addskill Goku, magic
[24/05/2010 21:42:25] /addskill Goku, magic
[24/05/2010 21:42:25] /addskill Goku, magic
[24/05/2010 21:42:26] /addskill Goku, magic
[24/05/2010 21:42:27] /addskill Goku, magic
[24/05/2010 21:42:27] /addskill Goku, magic
[24/05/2010 21:42:28] /addskill Goku, magic
[24/05/2010 21:42:29] /addskill Goku, magic
[24/05/2010 21:42:29] /addskill Goku, magic
[24/05/2010 21:42:30] /addskill Goku, magic
[24/05/2010 21:42:30] /addskill Goku, magic
[24/05/2010 21:42:31] /addskill Goku, magic
[24/05/2010 21:46:19] /i 2184
[24/05/2010 21:46:23] /t
[25/05/2010 20:38:22] /goto goku
[25/05/2010 20:38:51] /c goki
[25/05/2010 20:38:53] /c goku
[25/05/2010 20:39:09] /c Testtt
[25/05/2010 20:39:25] /c Test
[25/05/2010 20:40:59] /c goki
[25/05/2010 20:41:02] /c goku
[25/05/2010 20:41:07] /c test
[25/05/2010 20:41:10] /c tesst
[25/05/2010 20:41:14] /c tessst
[25/05/2010 20:41:25] /c testtt
[25/05/2010 20:41:30] /down
[25/05/2010 20:41:32] /down
[25/05/2010 20:42:01] /a 1
[25/05/2010 20:42:52] /c golu
[25/05/2010 20:42:59] /c goku
[25/05/2010 20:43:05] /c test
[25/05/2010 20:43:11] /c testtt
[25/05/2010 20:43:15] /c testt
[25/05/2010 20:43:31] /c testttt
[25/05/2010 20:43:35] /c testtt
[25/05/2010 20:43:37] /c testt
[25/05/2010 20:43:44] /c Tessttt
[25/05/2010 20:43:56] /c Testtt
[25/05/2010 20:44:06] /c Testtt
[25/05/2010 20:50:37] /addskill Boster, level
[25/05/2010 20:50:37] /addskill Boster, level
[25/05/2010 20:50:37] /addskill Boster, level
[25/05/2010 20:50:37] /addskill Boster, level
[25/05/2010 20:50:37] /addskill Boster, level
[25/05/2010 20:50:37] /addskill Boster, level
[25/05/2010 20:50:37] /addskill Boster, level
[25/05/2010 20:50:37] /addskill Boster, level
[25/05/2010 20:50:38] /addskill Boster, level
[25/05/2010 20:50:38] /addskill Boster, level
[25/05/2010 20:50:38] /addskill Boster, level
[25/05/2010 20:50:38] /addskill Boster, level
[25/05/2010 20:50:38] /addskill Boster, level
[25/05/2010 20:50:38] /addskill Boster, level
[25/05/2010 20:50:38] /addskill Boster, level
[25/05/2010 20:50:38] /addskill Boster, level
[25/05/2010 20:50:38] /addskill Boster, level
[25/05/2010 20:50:38] /addskill Boster, level
[25/05/2010 20:50:38] /addskill Boster, level
[25/05/2010 20:50:38] /addskill Boster, level
[25/05/2010 20:50:38] /addskill Boster, level
[25/05/2010 20:50:38] /addskill Boster, level
[25/05/2010 20:50:38] /addskill Boster, level
[25/05/2010 20:50:38] /addskill Boster, level
[25/05/2010 20:50:38] /addskill Boster, level
[25/05/2010 20:50:38] /addskill Boster, level
[25/05/2010 20:50:39] /addskill Boster, level
[25/05/2010 20:50:39] /addskill Boster, level
[25/05/2010 20:50:39] /addskill Boster, level
[25/05/2010 20:50:39] /addskill Boster, level
[25/05/2010 20:50:39] /addskill Boster, level
[25/05/2010 20:50:39] /addskill Boster, level
[25/05/2010 20:50:39] /addskill Boster, level
[25/05/2010 20:50:39] /addskill Boster, level
[25/05/2010 20:50:39] /addskill Boster, level
[25/05/2010 20:50:39] /addskill Boster, level
[25/05/2010 20:50:39] /addskill Boster, level
[25/05/2010 20:50:39] /addskill Boster, level
[25/05/2010 20:50:39] /addskill Boster, level
[25/05/2010 20:50:39] /addskill Boster, level
[25/05/2010 20:50:39] /addskill Boster, level
[25/05/2010 20:50:39] /addskill Boster, level
[25/05/2010 20:50:39] /addskill Boster, level
[25/05/2010 20:50:39] /addskill Boster, level
[25/05/2010 20:50:40] /addskill Boster, level
[25/05/2010 20:50:40] /addskill Boster, level
[25/05/2010 20:50:40] /addskill Boster, level
[25/05/2010 20:50:40] /addskill Boster, level
[25/05/2010 20:50:40] /addskill Boster, level
[25/05/2010 20:50:40] /addskill Boster, level
[25/05/2010 20:50:40] /addskill Boster, level
[25/05/2010 20:50:40] /addskill Boster, level
[25/05/2010 20:50:40] /addskill Boster, level
[25/05/2010 20:50:40] /addskill Boster, level
[25/05/2010 20:50:41] /addskill Boster, level
[25/05/2010 20:50:41] /addskill Boster, level
[25/05/2010 20:50:41] /addskill Boster, level
[25/05/2010 20:50:41] /addskill Boster, level
[25/05/2010 20:50:41] /addskill Boster, level
[25/05/2010 20:50:41] /addskill Boster, level
[25/05/2010 20:50:41] /addskill Boster, level
[25/05/2010 20:50:41] /addskill Boster, level
[25/05/2010 20:50:41] /addskill Boster, level
[25/05/2010 20:50:41] /addskill Boster, level
[25/05/2010 20:50:41] /addskill Boster, level
[25/05/2010 20:50:41] /addskill Boster, level
[25/05/2010 20:50:41] /addskill Boster, level
[25/05/2010 20:50:41] /addskill Boster, level
[25/05/2010 20:50:41] /addskill Boster, level
[25/05/2010 20:50:41] /addskill Boster, level
[25/05/2010 20:50:41] /addskill Boster, level
[25/05/2010 20:50:41] /addskill Boster, level
[25/05/2010 20:50:41] /addskill Boster, level
[25/05/2010 20:50:41] /addskill Boster, level
[25/05/2010 20:50:41] /addskill Boster, level
[25/05/2010 20:50:42] /addskill Boster, level
[25/05/2010 20:50:42] /addskill Boster, level
[25/05/2010 20:50:42] /addskill Boster, level
[25/05/2010 20:50:42] /addskill Boster, level
[25/05/2010 20:50:42] /addskill Boster, level
[25/05/2010 20:50:42] /addskill Boster, level
[25/05/2010 20:50:42] /addskill Boster, level
[25/05/2010 20:50:42] /addskill Boster, level
[25/05/2010 20:50:42] /addskill Boster, level
[25/05/2010 20:50:42] /addskill Boster, level
[25/05/2010 20:50:42] /addskill Boster, level
[25/05/2010 20:50:42] /addskill Boster, level
[25/05/2010 20:50:43] /addskill Boster, level
[25/05/2010 20:50:43] /addskill Boster, level
[25/05/2010 20:50:43] /addskill Boster, level
[25/05/2010 20:50:43] /addskill Boster, level
[25/05/2010 20:50:43] /addskill Boster, level
[25/05/2010 20:50:43] /addskill Boster, level
[25/05/2010 20:50:43] /addskill Boster, level
[25/05/2010 20:50:43] /addskill Boster, level
[25/05/2010 20:50:43] /addskill Boster, level
[25/05/2010 20:50:43] /addskill Boster, level
[25/05/2010 20:50:43] /addskill Boster, level
[25/05/2010 20:50:43] /addskill Boster, level
[25/05/2010 20:50:43] /addskill Boster, level
[25/05/2010 20:50:43] /addskill Boster, level
[25/05/2010 20:50:43] /addskill Boster, level
[25/05/2010 20:50:43] /addskill Boster, level
[25/05/2010 20:50:44] /addskill Boster, level
[25/05/2010 20:50:45] /addskill Boster, level
[25/05/2010 20:50:45] /addskill Boster, level
[25/05/2010 20:50:45] /addskill Boster, level
[25/05/2010 20:50:46] /addskill Boster, level
[25/05/2010 20:50:46] /addskill Boster, level
[25/05/2010 20:50:46] /addskill Boster, level
[25/05/2010 20:50:46] /addskill Boster, level
[25/05/2010 20:50:47] /addskill Boster, level
[25/05/2010 20:50:47] /addskill Boster, level
[25/05/2010 20:50:47] /addskill Boster, level
[25/05/2010 20:50:47] /addskill Boster, level
[25/05/2010 20:50:47] /addskill Boster, level
[25/05/2010 20:50:47] /addskill Boster, level
[25/05/2010 20:50:47] /addskill Boster, level
[25/05/2010 20:50:47] /addskill Boster, level
[25/05/2010 20:50:47] /addskill Boster, level
[25/05/2010 20:51:31] /down
[25/05/2010 20:51:32] /down
[25/05/2010 20:51:38] /a 10
[25/05/2010 20:51:44] /c boster
[25/05/2010 20:53:36] /down
[25/05/2010 20:53:43] /up
[25/05/2010 20:54:06] /a 2
[25/05/2010 20:54:11] /a 1
[25/05/2010 20:55:33] /t
[25/05/2010 20:56:04] /c goku
[25/05/2010 20:56:08] /c test
[25/05/2010 20:56:37] /c boster
[25/05/2010 20:56:45] /c testtt
[25/05/2010 20:59:17] /i 2160
[25/05/2010 21:01:09] /down
[25/05/2010 21:01:10] /down
[25/05/2010 21:01:15] /a 2
[25/05/2010 21:01:16] /a 2
[25/05/2010 21:01:17] /a 2
[25/05/2010 21:02:03] /i 2160
[25/05/2010 21:03:31] /a 10
[25/05/2010 21:03:32] /a 10
[25/05/2010 21:03:37] /a 10
[25/05/2010 21:03:38] /a 10
[25/05/2010 21:03:42] /a 5
[25/05/2010 21:03:59] /a 2
[25/05/2010 21:04:13] /a 2
[25/05/2010 21:05:43] /a 10
[25/05/2010 21:05:45] /a 10
[25/05/2010 21:05:47] /a 10
[25/05/2010 21:05:54] /a 10
[25/05/2010 21:05:55] /a 10
[25/05/2010 21:05:56] /a 10
[25/05/2010 21:05:57] /a 10
[25/05/2010 21:05:57] /a 10
[25/05/2010 21:05:58] /a 10
[25/05/2010 21:15:35] /addskill goku, level
[25/05/2010 21:15:35] /addskill goku, level
[25/05/2010 21:15:35] /addskill goku, level
[25/05/2010 21:15:35] /addskill goku, level
[25/05/2010 21:15:35] /addskill goku, level
[25/05/2010 21:15:35] /addskill goku, level
[25/05/2010 21:15:35] /addskill goku, level
[25/05/2010 21:15:35] /addskill goku, level
[25/05/2010 21:15:35] /addskill goku, level
[25/05/2010 21:15:35] /addskill goku, level
[25/05/2010 21:15:35] /addskill goku, level
[25/05/2010 21:15:35] /addskill goku, level
[25/05/2010 21:15:36] /addskill goku, level
[25/05/2010 21:15:36] /addskill goku, level
[25/05/2010 21:15:36] /addskill goku, level
[25/05/2010 21:15:36] /addskill goku, level
[25/05/2010 21:15:36] /addskill goku, level
[25/05/2010 21:15:36] /addskill goku, level
[25/05/2010 21:15:36] /addskill goku, level
[25/05/2010 21:15:36] /addskill goku, level
[25/05/2010 21:15:36] /addskill goku, level
[25/05/2010 21:15:36] /addskill goku, level
[25/05/2010 21:15:36] /addskill goku, level
[25/05/2010 21:15:36] /addskill goku, level
[25/05/2010 21:15:36] /addskill goku, level
[25/05/2010 21:15:36] /addskill goku, level
[25/05/2010 21:15:36] /addskill goku, level
[25/05/2010 21:15:36] /addskill goku, level
[25/05/2010 21:15:36] /addskill goku, level
[25/05/2010 21:15:36] /addskill goku, level
[25/05/2010 21:15:36] /addskill goku, level
[25/05/2010 21:15:36] /addskill goku, level
[25/05/2010 21:15:36] /addskill goku, level
[25/05/2010 21:15:37] /addskill goku, level
[25/05/2010 21:15:37] /addskill goku, level
[25/05/2010 21:15:37] /addskill goku, level
[25/05/2010 21:15:37] /addskill goku, level
[25/05/2010 21:15:37] /addskill goku, level
[25/05/2010 21:15:37] /addskill goku, level
[25/05/2010 21:15:37] /addskill goku, level
[25/05/2010 21:15:37] /addskill goku, level
[25/05/2010 21:15:37] /addskill goku, level
[25/05/2010 21:15:37] /addskill goku, level
[25/05/2010 21:15:37] /addskill goku, level
[25/05/2010 21:15:37] /addskill goku, level
[25/05/2010 21:15:37] /addskill goku, level
[25/05/2010 21:16:12] /i 2505
[25/05/2010 21:20:11] /kick Goku
[25/05/2010 21:21:52] /r
[26/05/2010 17:59:21] /goto goku
[26/05/2010 17:59:33] /i ultime healing rune
[26/05/2010 17:59:59] /n dark rodo
[26/05/2010 18:01:05] /r
[26/05/2010 18:03:41] /i 7410
[26/05/2010 18:19:58] /goto test
[26/05/2010 18:20:08] /goto testrt
[26/05/2010 18:20:10] /goto testt
[26/05/2010 18:21:05] /addskill Testt, magic
[26/05/2010 18:21:07] /addskill Testt, magic
[26/05/2010 18:21:07] /addskill Testt, magic
[26/05/2010 18:21:08] /addskill Testt, magic
[26/05/2010 18:21:09] /addskill Testt, magic
[26/05/2010 18:21:47] /i 8473
[26/05/2010 18:24:03] /owner nobody
[26/05/2010 18:25:26] /owner nobody
[26/05/2010 19:15:55] /m infernatil
[26/05/2010 19:29:27] /attr skull 0
[26/05/2010 19:31:23] /m treining monk
[26/05/2010 19:31:28] /up
[26/05/2010 19:31:40] /m Training Monk
[26/05/2010 20:00:56] /m training monk
[26/05/2010 20:01:17] /i 2503
[26/05/2010 20:03:00] /a 2
[26/05/2010 20:04:05] /a 2
[26/05/2010 20:04:07] /a 2
[26/05/2010 20:04:11] /r
[26/05/2010 20:04:12] /r
[26/05/2010 20:04:16] /a 10
[26/05/2010 20:06:01] /c goku
[26/05/2010 20:06:45] /addskill Goku, magic
[26/05/2010 20:06:45] /addskill Goku, magic
[26/05/2010 20:06:46] /addskill Goku, magic
[26/05/2010 20:06:46] /addskill Goku, magic
[26/05/2010 20:06:47] /addskill Goku, magic
[26/05/2010 20:06:47] /addskill Goku, magic
[26/05/2010 20:06:48] /addskill Goku, magic
[26/05/2010 20:06:48] /addskill Goku, magic
[26/05/2010 20:06:49] /addskill Goku, magic
[26/05/2010 20:06:49] /addskill Goku, magic
[26/05/2010 20:06:49] /addskill Goku, magic
[26/05/2010 20:06:50] /addskill Goku, magic
[26/05/2010 20:06:50] /addskill Goku, magic
[26/05/2010 20:06:51] /addskill Goku, magic
[26/05/2010 20:06:51] /addskill Goku, magic
[26/05/2010 20:06:51] /addskill Goku, magic
[26/05/2010 20:06:52] /addskill Goku, magic
[26/05/2010 20:06:52] /addskill Goku, magic
[26/05/2010 20:06:53] /addskill Goku, magic
[26/05/2010 20:06:53] /addskill Goku, magic
[26/05/2010 20:06:54] /addskill Goku, magic
[26/05/2010 20:06:54] /addskill Goku, magic
[26/05/2010 20:06:55] /addskill Goku, magic
[26/05/2010 20:06:55] /addskill Goku, magic
[26/05/2010 20:06:56] /addskill Goku, magic
[26/05/2010 20:06:57] /addskill Goku, magic
[26/05/2010 20:06:57] /addskill Goku, magic
[26/05/2010 20:06:58] /addskill Goku, magic
[26/05/2010 20:06:58] /addskill Goku, magic
[26/05/2010 20:06:59] /addskill Goku, magic
[26/05/2010 20:06:59] /addskill Goku, magic
[26/05/2010 20:07:00] /addskill Goku, magic
[26/05/2010 20:07:00] /addskill Goku, magic
[26/05/2010 20:07:01] /addskill Goku, magic
[26/05/2010 20:07:01] /addskill Goku, magic
[26/05/2010 20:07:02] /addskill Goku, magic
[26/05/2010 20:07:02] /addskill Goku, magic
[26/05/2010 20:07:03] /addskill Goku, magic
[26/05/2010 20:07:03] /addskill Goku, magic
[26/05/2010 20:07:04] /addskill Goku, magic
[26/05/2010 20:07:04] /addskill Goku, magic
[26/05/2010 20:07:05] /addskill Goku, magic
[26/05/2010 20:07:05] /addskill Goku, magic
[26/05/2010 20:07:06] /addskill Goku, magic
[26/05/2010 20:07:06] /addskill Goku, magic
[26/05/2010 20:07:06] /addskill Goku, magic
[26/05/2010 20:07:07] /addskill Goku, magic
[26/05/2010 20:07:07] /addskill Goku, magic
[26/05/2010 20:07:08] /addskill Goku, magic
[26/05/2010 20:07:08] /addskill Goku, magic
[26/05/2010 21:01:18] /i 2502
[26/05/2010 21:01:39] /i 2505
[26/05/2010 21:08:18] /m minotaur archer
[26/05/2010 21:08:45] /ghost
[26/05/2010 21:10:32] /a 5
[26/05/2010 21:11:00] /a 5
[26/05/2010 21:11:02] /a 5
[26/05/2010 21:11:07] /r
[26/05/2010 21:11:08] /r
[26/05/2010 21:12:23] /a 2
[26/05/2010 21:39:00] /r
[26/05/2010 21:39:03] /t
[27/05/2010 18:42:29] /i 2505
