[15/12/2013 00:17:47] /m orc
[15/12/2013 00:17:50] /m troll
[15/12/2013 00:19:14] /m rat
[15/12/2013 00:30:18] /i throw kunai
[15/12/2013 00:33:09] /i kuani
[15/12/2013 00:33:12] /i kunai
[15/12/2013 00:33:21] /m troll
[15/12/2013 01:05:05] /i 
[15/12/2013 01:05:07] /i 2289
[15/12/2013 01:08:46] /i kawarimi
[15/12/2013 13:08:39] /m orc
[15/12/2013 13:08:44] /m troll
[15/12/2013 13:08:44] /m troll
[15/12/2013 13:08:45] /m troll
[15/12/2013 13:25:59] /m troll
[15/12/2013 13:26:00] /m troll
[15/12/2013 13:26:00] /m troll
[15/12/2013 13:26:00] /m troll
[15/12/2013 13:59:49] /m troll
[15/12/2013 13:59:50] /m troll
[15/12/2013 13:59:51] /m troll
[15/12/2013 13:59:59] /m troll
[15/12/2013 14:00:00] /m troll
[15/12/2013 14:00:01] /m troll
[15/12/2013 14:00:01] /m troll
[15/12/2013 15:07:32] /m troll
[15/12/2013 15:07:32] /m troll
[15/12/2013 15:07:33] /m troll
[15/12/2013 15:07:33] /m troll
[15/12/2013 15:39:27] /m troll
[15/12/2013 15:39:28] /m troll
[15/12/2013 15:39:32] /m troll
[15/12/2013 15:39:35] /m troll
[15/12/2013 15:39:39] /i kunai
[15/12/2013 15:39:42] /i kunai
[15/12/2013 15:39:43] /i kunai
[15/12/2013 15:39:46] /i kunai
[15/12/2013 15:39:48] /i kunai
[15/12/2013 16:09:00] /m troll
[15/12/2013 16:09:01] /m troll
[15/12/2013 16:09:01] /m troll
[15/12/2013 16:09:04] /m troll
[15/12/2013 16:09:04] /m troll
[15/12/2013 16:09:05] /m troll
[15/12/2013 16:09:05] /m troll
[15/12/2013 16:09:06] /m troll
[15/12/2013 17:30:58] /m troll
[15/12/2013 17:30:58] /m troll
[15/12/2013 17:30:59] /m troll
[15/12/2013 17:30:59] /m troll
[15/12/2013 17:31:01] /m troll
[15/12/2013 17:31:01] /m troll
[15/12/2013 17:48:41] /m troll
[15/12/2013 17:48:41] /m troll
[15/12/2013 17:48:41] /m troll
[15/12/2013 19:11:02] /m troll
[15/12/2013 19:11:02] /m troll
[15/12/2013 19:11:03] /m troll
[15/12/2013 19:11:04] /m troll
[15/12/2013 19:11:06] /m troll
[15/12/2013 19:11:06] /m troll
[15/12/2013 19:11:07] /m troll
[15/12/2013 19:11:11] /i mear
[15/12/2013 19:11:13] /i meat
[15/12/2013 19:14:41] /i potion
[15/12/2013 19:14:46] /i mana potion
[15/12/2013 19:14:49] /i mana potion
[15/12/2013 19:14:52] /i mana potion
[15/12/2013 19:14:54] /i mana potion
[15/12/2013 19:14:54] /i mana potion
[15/12/2013 19:14:59] /i mana potion
[15/12/2013 19:15:00] /i mana potion
[15/12/2013 19:15:03] /i mana potion
[15/12/2013 19:15:04] /i mana potion
[16/12/2013 01:35:00] /i kikaichuu no jutsu
[16/12/2013 01:52:06] /m troll
[16/12/2013 02:02:12] /m troll
[16/12/2013 15:11:11] /i comandos
[16/12/2013 15:11:17] /i comandos e jutsus
[16/12/2013 18:37:14] /i 2389
[16/12/2013 18:37:22] /i 2389
[16/12/2013 18:37:30] /i 1991
[16/12/2013 18:37:43] /i 11298
[16/12/2013 18:37:52] /i 2643
[16/12/2013 19:47:57] /m troll
[16/12/2013 19:47:57] /m troll
[16/12/2013 19:47:57] /m troll
[16/12/2013 19:48:00] /m troll
[16/12/2013 19:48:00] /m troll
[16/12/2013 19:48:01] /m troll
[16/12/2013 19:48:03] /m troll
[16/12/2013 19:48:04] /m troll
[16/12/2013 19:48:04] /m troll
[16/12/2013 21:36:40] /i bag
