ProtocolGame parse message exception (121 bytes, 58 unread, last opcode is 0xaa (170), prev opcode is 0x83 (131), proto: 854): unknown message mode 0
7c 00 8d 3c b3 c7 71 00 83 fd 0b cd 0b 07 1b 84 fd 0b cd 0b 07 05 02 00 31 33 
83 fd 0b cd 0b 07 43 
aa 73 00 00 00 14 00 53 61 73 75 6b 65 20 54 65 73 74 65 20 46 6f 72 6d 75 6c 61 0e 00 00 0a 00 53 48 41 52 49 4e 47 41 4e 21 aa 75 00 00 00 14 00 53 61 73 75 6b 65 20 54 65 73 74 65 20 46 6f 72 6d 75 6c 61 0e 00 01 fd 0b cd 0b 07 09 00 73 68 61 72 69 6e 67 61 6e 

ProtocolGame parse message exception (197 bytes, 61 unread, last opcode is 0xaa (170), prev opcode is 0x83 (131), proto: 854): unknown message mode 0
c4 00 24 5e d4 f5 bd 00 83 fd 0b cd 0b 07 1b a0 18 01 18 01 05 13 00 00 fd 7e 00 00 0e 00 21 bd 00 c3 00 07 20 64 ca 09 a0 18 01 18 01 05 13 00 00 fd 7e 00 00 0e 00 21 bd 00 c3 00 07 20 64 ca 09 b4 17 13 00 59 6f 75 20 6c 6f 73 65 20 31 33 20 63 68 61 6b 72 61 2e 84 fd 0b cd 0b 07 05 02 00 31 33 
83 fd 0b cd 0b 07 43 
aa 72 00 00 00 14 00 53 61 73 75 6b 65 20 54 65 73 74 65 20 46 6f 72 6d 75 6c 61 0e 00 00 0a 00 53 48 41 52 49 4e 47 41 4e 21 a2 80 20 aa 74 00 00 00 14 00 53 61 73 75 6b 65 20 54 65 73 74 65 20 46 6f 72 6d 75 6c 61 0e 00 01 fd 0b cd 0b 07 09 00 73 68 61 72 69 6e 67 61 6e 

ProtocolGame parse message exception (113 bytes, 58 unread, last opcode is 0xaa (170), prev opcode is 0x84 (132), proto: 854): unknown message mode 0
74 00 af 35 b0 d6 69 00 83 f9 0b cf 0b 07 1b 
84 f9 0b cf 0b 07 05 01 00 34 
aa 78 00 00 00 14 00 53 61 73 75 6b 65 20 54 65 73 74 65 20 46 6f 72 6d 75 6c 61 0e 00 00 0a 00 53 48 41 52 49 4e 47 41 4e 21 aa 7a 00 00 00 14 00 53 61 73 75 6b 65 20 54 65 73 74 65 20 46 6f 72 6d 75 6c 61 0e 00 01 f9 0b cf 0b 07 09 00 73 68 61 72 69 6e 67 61 6e 

ProtocolGame parse message exception (185 bytes, 58 unread, last opcode is 0xaa (170), prev opcode is 0x84 (132), proto: 854): unknown message mode 0
bc 00 bd 60 d5 97 b1 00 83 f9 0b cf 0b 07 1b a0 18 01 18 01 05 13 00 00 fd 7e 00 00 0e 00 21 c1 00 c3 00 07 20 64 ca 09 a0 18 01 18 01 05 13 00 00 fd 7e 00 00 0e 00 21 c1 00 c3 00 07 20 64 ca 09 b4 17 12 00 59 6f 75 20 6c 6f 73 65 20 34 20 63 68 61 6b 72 61 2e 
84 f9 0b cf 0b 07 05 01 00 34 
aa 79 00 00 00 14 00 53 61 73 75 6b 65 20 54 65 73 74 65 20 46 6f 72 6d 75 6c 61 0e 00 00 0a 00 53 48 41 52 49 4e 47 41 4e 21 aa 7b 00 00 00 14 00 53 61 73 75 6b 65 20 54 65 73 74 65 20 46 6f 72 6d 75 6c 61 0e 00 01 f9 0b cf 0b 07 09 00 73 68 61 72 69 6e 67 61 6e 

ProtocolGame parse message exception (119 bytes, 58 unread, last opcode is 0xaa (170), prev opcode is 0x84 (132), proto: 854): unknown message mode 0
7c 00 24 3b ef a7 6f 00 8c 83 0a 00 10 62 83 f9 0b cf 0b 07 1b 
84 f9 0b cf 0b 07 05 01 00 34 
aa 80 00 00 00 14 00 53 61 73 75 6b 65 20 54 65 73 74 65 20 46 6f 72 6d 75 6c 61 0e 00 00 0a 00 53 48 41 52 49 4e 47 41 4e 21 aa 82 00 00 00 14 00 53 61 73 75 6b 65 20 54 65 73 74 65 20 46 6f 72 6d 75 6c 61 0e 00 01 f9 0b cf 0b 07 09 00 73 68 61 72 69 6e 67 61 6e 

ProtocolGame parse message exception (244 bytes, 61 unread, last opcode is 0xaa (170), prev opcode is 0x84 (132), proto: 854): unknown message mode 0
f4 00 64 7f 81 5a ec 00 8c 83 0a 00 10 62 a0 10 01 18 01 19 18 00 00 fd 7e 00 00 0e 00 21 c3 00 c3 00 07 20 64 ca 09 a0 10 01 18 01 19 18 00 00 fd 7e 00 00 0e 00 21 c3 00 c3 00 07 20 64 ca 09 83 f9 0b cf 0b 07 1b a0 10 01 18 01 19 18 00 00 fd 7e 00 00 0e 00 21 c1 00 c3 00 07 20 64 ca 09 a0 10 01 18 01 19 18 00 00 fd 7e 00 00 0e 00 21 c1 00 c3 00 07 20 64 ca 09 b4 17 12 00 59 6f 75 20 6c 6f 73 65 20 34 20 63 68 61 6b 72 61 2e 
84 f9 0b cf 0b 07 05 01 00 34 
aa 81 00 00 00 14 00 53 61 73 75 6b 65 20 54 65 73 74 65 20 46 6f 72 6d 75 6c 61 0e 00 00 0a 00 53 48 41 52 49 4e 47 41 4e 21 a2 80 00 aa 83 00 00 00 14 00 53 61 73 75 6b 65 20 54 65 73 74 65 20 46 6f 72 6d 75 6c 61 0e 00 01 f9 0b cf 0b 07 09 00 73 68 61 72 69 6e 67 61 6e 

ProtocolGame parse message exception (125 bytes, 58 unread, last opcode is 0xaa (170), prev opcode is 0x84 (132), proto: 854): unknown message mode 0
7c 00 6c 3c dd ad 75 00 6d f9 0b cf 0b 07 02 f9 0b d0 0b 07 83 fa 0b cf 0b 07 1b 
84 fa 0b cf 0b 07 05 01 00 34 
aa 86 00 00 00 14 00 53 61 73 75 6b 65 20 54 65 73 74 65 20 46 6f 72 6d 75 6c 61 0e 00 00 0a 00 53 48 41 52 49 4e 47 41 4e 21 aa 88 00 00 00 14 00 53 61 73 75 6b 65 20 54 65 73 74 65 20 46 6f 72 6d 75 6c 61 0e 00 01 fa 0b cf 0b 07 09 00 73 68 61 72 69 6e 67 61 6e 

ProtocolGame parse message exception (200 bytes, 61 unread, last opcode is 0xaa (170), prev opcode is 0x84 (132), proto: 854): unknown message mode 0
cc 00 1f 69 0a 3e c0 00 6d f9 0b cf 0b 07 02 f9 0b d0 0b 07 83 fa 0b cf 0b 07 1b a0 18 01 18 01 19 18 00 00 fd 7e 00 00 0e 00 21 c1 00 c3 00 07 20 64 ca 09 a0 18 01 18 01 19 18 00 00 fd 7e 00 00 0e 00 21 c1 00 c3 00 07 20 64 ca 09 b4 17 12 00 59 6f 75 20 6c 6f 73 65 20 34 20 63 68 61 6b 72 61 2e 
84 fa 0b cf 0b 07 05 01 00 34 
aa 87 00 00 00 14 00 53 61 73 75 6b 65 20 54 65 73 74 65 20 46 6f 72 6d 75 6c 61 0e 00 00 0a 00 53 48 41 52 49 4e 47 41 4e 21 a2 80 00 aa 89 00 00 00 14 00 53 61 73 75 6b 65 20 54 65 73 74 65 20 46 6f 72 6d 75 6c 61 0e 00 01 fa 0b cf 0b 07 09 00 73 68 61 72 69 6e 67 61 6e 

ProtocolGame parse message exception (191 bytes, 61 unread, last opcode is 0xaa (170), prev opcode is 0x84 (132), proto: 854): unknown message mode 0
c4 00 91 62 3d b0 b7 00 83 f8 0b ce 0b 06 1b a2 80 00 a0 18 01 18 01 19 18 00 00 fd 7e 00 00 0e 00 21 c1 00 c3 00 07 20 64 ca 09 a0 18 01 18 01 19 18 00 00 fd 7e 00 00 0e 00 21 c1 00 c3 00 07 20 64 ca 09 b4 17 12 00 59 6f 75 20 6c 6f 73 65 20 34 20 63 68 61 6b 72 61 2e 
84 f8 0b ce 0b 06 05 01 00 34 
aa 8c 00 00 00 14 00 53 61 73 75 6b 65 20 54 65 73 74 65 20 46 6f 72 6d 75 6c 61 0e 00 00 0a 00 53 48 41 52 49 4e 47 41 4e 21 a2 80 00 aa 8d 00 00 00 14 00 53 61 73 75 6b 65 20 54 65 73 74 65 20 46 6f 72 6d 75 6c 61 0e 00 01 f8 0b ce 0b 06 09 00 73 68 61 72 69 6e 67 61 6e 

ProtocolGame parse message exception (113 bytes, 58 unread, last opcode is 0xaa (170), prev opcode is 0x84 (132), proto: 854): unknown message mode 0
74 00 4d 36 a0 61 69 00 83 f9 0b d0 0b 07 1b 
84 f9 0b d0 0b 07 05 01 00 34 
aa 90 00 00 00 14 00 53 61 73 75 6b 65 20 54 65 73 74 65 20 46 6f 72 6d 75 6c 61 0e 00 00 0a 00 53 48 41 52 49 4e 47 41 4e 21 aa 92 00 00 00 14 00 53 61 73 75 6b 65 20 54 65 73 74 65 20 46 6f 72 6d 75 6c 61 0e 00 01 f9 0b d0 0b 07 09 00 73 68 61 72 69 6e 67 61 6e 

ProtocolGame parse message exception (188 bytes, 61 unread, last opcode is 0xaa (170), prev opcode is 0x84 (132), proto: 854): unknown message mode 0
bc 00 91 58 09 6e b4 00 83 f9 0b d0 0b 07 1b a0 13 01 18 01 19 18 00 00 fd 7e 00 00 0e 00 21 c1 00 c3 00 07 20 64 ca 09 a0 13 01 18 01 19 18 00 00 fd 7e 00 00 0e 00 21 c1 00 c3 00 07 20 64 ca 09 b4 17 12 00 59 6f 75 20 6c 6f 73 65 20 34 20 63 68 61 6b 72 61 2e 
84 f9 0b d0 0b 07 05 01 00 34 
aa 91 00 00 00 14 00 53 61 73 75 6b 65 20 54 65 73 74 65 20 46 6f 72 6d 75 6c 61 0e 00 00 0a 00 53 48 41 52 49 4e 47 41 4e 21 a2 80 00 aa 93 00 00 00 14 00 53 61 73 75 6b 65 20 54 65 73 74 65 20 46 6f 72 6d 75 6c 61 0e 00 01 f9 0b d0 0b 07 09 00 73 68 61 72 69 6e 67 61 6e 

ProtocolGame parse message exception (193 bytes, 61 unread, last opcode is 0xaa (170), prev opcode is 0x84 (132), proto: 854): unknown message mode 0
c4 00 a6 5b c1 c4 b9 00 83 f8 0b ce 0b 06 1b a2 80 00 a0 18 01 18 01 19 18 00 00 fd 7e 00 00 0e 00 21 bc 00 c3 00 07 20 64 ca 09 a0 18 01 18 01 19 18 00 00 fd 7e 00 00 0e 00 21 bc 00 c3 00 07 20 64 ca 09 b4 17 13 00 59 6f 75 20 6c 6f 73 65 20 31 34 20 63 68 61 6b 72 61 2e 
84 f8 0b ce 0b 06 05 02 00 31 34 
aa 96 00 00 00 14 00 53 61 73 75 6b 65 20 54 65 73 74 65 20 46 6f 72 6d 75 6c 61 0e 00 00 0a 00 53 48 41 52 49 4e 47 41 4e 21 a2 80 00 aa 97 00 00 00 14 00 53 61 73 75 6b 65 20 54 65 73 74 65 20 46 6f 72 6d 75 6c 61 0e 00 01 f8 0b ce 0b 06 09 00 73 68 61 72 69 6e 67 61 6e 

ProtocolGame parse message exception (162 bytes, 58 unread, last opcode is 0xaa (170), prev opcode is 0x84 (132), proto: 854): unknown message mode 0
a4 00 2e 4d 34 68 9a 00 aa 00 00 00 00 06 00 62 61 6e 64 69 74 00 00 13 fa 0b cc 0b 07 19 00 59 6f 75 72 20 62 65 6c 6f 6e 67 69 6e 67 73 20 61 72 65 20 6d 69 6e 65 2e 83 f9 0b cc 0b 07 1b 
84 f9 0b cc 0b 07 05 02 00 31 34 
aa 9a 00 00 00 14 00 53 61 73 75 6b 65 20 54 65 73 74 65 20 46 6f 72 6d 75 6c 61 0e 00 00 0a 00 53 48 41 52 49 4e 47 41 4e 21 aa 9c 00 00 00 14 00 53 61 73 75 6b 65 20 54 65 73 74 65 20 46 6f 72 6d 75 6c 61 0e 00 01 f9 0b cc 0b 07 09 00 73 68 61 72 69 6e 67 61 6e 

ProtocolGame parse message exception (238 bytes, 61 unread, last opcode is 0xaa (170), prev opcode is 0x84 (132), proto: 854): unknown message mode 0
ec 00 9c 79 08 85 e6 00 aa 00 00 00 00 06 00 62 61 6e 64 69 74 00 00 13 fa 0b cc 0b 07 19 00 59 6f 75 72 20 62 65 6c 6f 6e 67 69 6e 67 73 20 61 72 65 20 6d 69 6e 65 2e 83 f9 0b cc 0b 07 1b a0 a2 00 18 01 2d 1d 00 00 fd 7e 00 00 0e 00 21 19 00 c3 00 07 20 64 ca 09 a0 a2 00 18 01 2d 1d 00 00 fd 7e 00 00 0e 00 21 19 00 c3 00 07 20 64 ca 09 b4 17 13 00 59 6f 75 20 6c 6f 73 65 20 31 34 20 63 68 61 6b 72 61 2e 
84 f9 0b cc 0b 07 05 02 00 31 34 
aa 9b 00 00 00 14 00 53 61 73 75 6b 65 20 54 65 73 74 65 20 46 6f 72 6d 75 6c 61 0e 00 00 0a 00 53 48 41 52 49 4e 47 41 4e 21 a2 80 00 aa 9d 00 00 00 14 00 53 61 73 75 6b 65 20 54 65 73 74 65 20 46 6f 72 6d 75 6c 61 0e 00 01 f9 0b cc 0b 07 09 00 73 68 61 72 69 6e 67 61 6e 

ProtocolGame parse message exception (134 bytes, 64 unread, last opcode is 0xaa (170), prev opcode is 0xa0 (160), proto: 854): unknown message mode 0
84 00 1a 40 95 68 7e 00 83 9c 0b 45 0c 06 1b 
a0 06 01 22 01 3d 2b 00 00 69 9f 00 00 0f 00 20 66 00 d2 00 07 56 64 d4 09 
aa 0b 00 00 00 14 00 53 61 73 75 6b 65 20 54 65 73 74 65 20 46 6f 72 6d 75 6c 61 0f 00 00 0a 00 53 48 41 52 49 4e 47 41 4e 21 a2 00 00 a2 80 00 aa 0c 00 00 00 14 00 53 61 73 75 6b 65 20 54 65 73 74 65 20 46 6f 72 6d 75 6c 61 0f 00 01 9c 0b 45 0c 06 09 00 73 68 61 72 69 6e 67 61 6e 

ProtocolGame parse message exception (145 bytes, 64 unread, last opcode is 0xaa (170), prev opcode is 0x84 (132), proto: 854): unknown message mode 0
94 00 24 46 e4 88 89 00 83 fc 0b ce 0b 07 1b a0 22 01 22 01 ed 16 00 00 3d b7 00 00 0f 00 63 c8 00 d2 00 08 0b 64 d0 09 
84 fc 0b ce 0b 07 9a 02 00 2d 37 
aa 04 00 00 00 14 00 53 61 73 75 6b 65 20 54 65 73 74 65 20 46 6f 72 6d 75 6c 61 0f 00 00 0a 00 53 48 41 52 49 4e 47 41 4e 21 a2 00 00 a2 80 00 aa 06 00 00 00 14 00 53 61 73 75 6b 65 20 54 65 73 74 65 20 46 6f 72 6d 75 6c 61 0f 00 01 fc 0b ce 0b 07 09 00 73 68 61 72 69 6e 67 61 6e 

ProtocolGame parse message exception (145 bytes, 64 unread, last opcode is 0xaa (170), prev opcode is 0x84 (132), proto: 854): unknown message mode 0
94 00 18 46 01 8d 89 00 83 fc 0b ce 0b 07 1b a0 22 01 22 01 ed 16 00 00 3d b7 00 00 0f 00 63 85 00 d2 00 08 0b 64 d0 09 
84 fc 0b ce 0b 07 9a 02 00 2d 37 
aa 04 00 00 00 14 00 53 61 73 75 6b 65 20 54 65 73 74 65 20 46 6f 72 6d 75 6c 61 0f 00 00 0a 00 53 48 41 52 49 4e 47 41 4e 21 a2 00 00 a2 80 00 aa 06 00 00 00 14 00 53 61 73 75 6b 65 20 54 65 73 74 65 20 46 6f 72 6d 75 6c 61 0f 00 01 fc 0b ce 0b 07 09 00 73 68 61 72 69 6e 67 61 6e 

ProtocolGame parse message exception (114 bytes, 58 unread, last opcode is 0xaa (170), prev opcode is 0x84 (132), proto: 854): unknown message mode 0
74 00 1c 35 6d a9 6a 00 83 fc 0b ce 0b 07 1b 
84 fc 0b ce 0b 07 9a 02 00 2d 37 
aa 05 00 00 00 14 00 53 61 73 75 6b 65 20 54 65 73 74 65 20 46 6f 72 6d 75 6c 61 0f 00 00 0a 00 53 48 41 52 49 4e 47 41 4e 21 aa 07 00 00 00 14 00 53 61 73 75 6b 65 20 54 65 73 74 65 20 46 6f 72 6d 75 6c 61 0f 00 01 fc 0b ce 0b 07 09 00 73 68 61 72 69 6e 67 61 6e 

ProtocolGame parse message exception (1481 bytes, 221 unread, last opcode is 0x00 (0), prev opcode is 0x86 (134), proto: 854): InputMessage eof reached
cc 05 30 e6 0d 94 c1 05 0a 61 0a 00 10 32 00 00 64 b7 0c c3 0b 07 b2 11 00 ff a3 11 1e 0e 00 ff a3 11 00 ff ae 11 00 ff af 11 00 ff b1 11 00 ff a3 11 00 ff a3 11 00 ff ad 11 00 ff b0 11 00 ff a3 11 00 ff a3 11 00 ff a3 11 1e 0e 00 ff a3 11 00 ff ab 11 00 ff a3 11 00 ff a3 11 00 ff ab 11 00 ff a3 11 00 ff a3 11 00 ff a8 11 1e 0e 00 ff ac 11 00 ff a7 11 00 ff a7 11 1e 0e 00 ff a3 11 00 ff a3 11 00 ff b2 11 00 ff b1 11 00 ff a3 11 1e 0e 00 ff a3 11 00 ff b2 11 00 ff a3 11 1e 0e 00 ff a3 11 00 ff a3 11 00 ff a3 11 00 ff a3 11 00 ff a3 11 00 ff a3 11 00 ff a3 11 00 ff b1 11 00 ff af 11 1e 0e 00 ff a9 11 00 ff a5 11 00 ff aa 11 00 ff a3 11 62 0e 00 ff ac 11 00 ff a3 11 00 ff a3 11 00 ff a3 11 00 ff a3 11 62 0e 00 ff a9 11 00 ff aa 11 00 ff ac 11 00 ff a3 11 00 ff a3 11 00 ff a3 11 00 ff af 11 00 ff b0 11 00 ff a3 11 00 ff a3 11 00 ff a3 11 21 0e 00 ff a3 11 00 ff ab 11 00 ff aa 11 00 ff b1 11 00 ff a3 11 00 ff a3 11 00 ff a8 11 00 ff a3 11 00 ff a3 11 00 ff a8 11 00 ff b0 11 00 ff a8 11 1e 0e 00 ff ae 11 00 ff a3 11 00 ff a3 11 00 ff a3 11 00 ff a3 11 00 ff a3 11 00 ff a5 11 1e 0e 00 ff a8 11 00 ff b1 11 00 ff 67 00 bb 11 00 ff 67 00 b6 11 00 ff a4 11 00 ff 67 00 bb 11 00 ff 67 00 b6 11 00 ff 67 00 bd 11 00 ff a3 11 00 ff ac 11 00 ff a7 11 1e 0e 00 ff b0 11 00 ff 67 00 bb 11 00 ff 67 00 b6 11 00 ff 67 00 bd 11 00 ff 67 00 bb 11 00 ff 67 00 b7 11 00 ff 67 00 00 ff 67 00 b6 11 00 ff 67 00 b7 11 00 ff 67 00 00 ff 67 00 b5 11 00 ff a3 11 00 ff 67 00 bb 11 00 ff 67 00 b6 11 00 ff 67 00 b6 11 00 ff 67 00 b7 11 00 ff 67 00 00 ff 67 00 b9 11 00 ff 67 00 b7 11 00 ff 67 00 00 ff 67 00 00 ff 67 00 00 ff 67 00 00 ff 67 00 00 ff 67 00 b9 11 00 ff 67 00 b6 11 00 ff 67 00 b7 11 00 ff 67 00 61 00 00 00 00 00 61 0a 00 10 14 00 53 61 6b 75 72 61 20 54 65 73 74 65 20 46 6f 72 6d 75 6c 61 64 02 83 01 00 00 00 00 00 00 00 0c 01 00 00 00 01 00 ff 67 00 00 ff 67 00 00 ff 67 00 00 ff 67 00 00 ff 67 00 00 ff 67 00 00 ff 67 00 ba 11 00 ff 67 00 00 ff 67 00 00 ff 67 00 00 ff 67 00 00 ff 67 00 00 ff 67 00 00 ff 67 00 00 ff 67 00 00 ff 67 00 00 ff 67 00 00 ff 67 00 00 ff 67 00 ba 11 00 ff 67 00 b4 11 00 ff 67 00 be 11 00 ff 67 00 00 ff 67 00 00 ff 67 00 00 ff 67 00 00 ff 67 00 00 ff 67 00 00 ff 67 00 00 ff 67 00 00 ff 67 00 00 ff 67 00 ba 11 00 ff 67 00 b4 11 00 ff 67 00 be 11 00 ff a3 11 00 ff a8 11 00 ff 67 00 b4 11 00 ff 67 00 b4 11 00 ff 67 00 b4 11 00 ff 67 00 b4 11 00 ff 67 00 b4 11 00 ff 67 00 b4 11 00 ff 67 00 b4 11 00 ff 67 00 b4 11 00 ff 67 00 b4 11 00 ff 67 00 be 11 00 ff a3 11 00 ff b1 11 00 ff ae 11 00 ff b0 11 00 ff ac 11 00 ff a3 11 00 ff a3 11 00 ff a3 11 00 ff b2 11 00 ff a3 11 00 ff b0 11 00 ff a3 11 00 ff af 11 00 ff a6 11 00 ff a8 11 00 ff a4 11 00 ff a3 11 1e 0e 00 ff a3 11 00 ff a3 11 00 ff a3 11 00 ff ac 11 00 ff ad 11 00 ff ab 11 00 ff a3 11 21 0e 00 ff ad 11 00 ff a3 11 00 ff b1 11 1e 0e 00 ff a9 11 00 ff a3 11 00 ff a6 11 00 ff b0 11 00 ff ac 11 00 ff a4 11 00 ff a3 11 1e 0e 00 ff a3 11 00 ff a4 11 00 ff a3 11 00 ff ab 11 00 ff a4 11 00 ff a3 11 00 ff ad 11 00 ff a3 11 00 ff a3 11 00 ff a3 11 21 0e 00 ff ae 11 00 ff a3 11 00 ff a3 11 00 ff a3 11 00 ff aa 11 00 ff b0 11 00 ff a3 11 00 ff a5 11 00 ff b1 11 00 ff a3 11 1e 0e 00 ff a6 11 00 ff a3 11 00 ff ad 11 00 ff a3 11 00 ff a3 11 00 ff a3 11 00 ff a5 11 00 ff a3 11 1e 0e 00 ff a3 11 00 ff a3 11 00 ff af 11 21 0e 00 ff ad 11 00 ff a8 11 00 ff a3 11 00 ff a3 11 00 ff ad 11 00 ff a7 11 00 ff a3 11 00 ff a3 11 00 ff af 11 00 ff b2 11 00 ff a3 11 00 ff a3 11 00 ff a3 11 00 ff ae 11 00 ff a3 11 00 ff a3 11 00 ff a3 11 00 ff a3 11 00 ff a3 11 00 ff a3 11 1e 0e 00 ff ad 11 00 ff a8 11 00 ff af 11 ff ff ff ff ff ff ff ff ff ff ff ff e4 ff 78 01 19 0d 79 02 78 03 25 0b 78 04 ea 0d 78 05 db 0b 18 78 06 1b 1d 78 07 e7 0d 78 08 e4 0d 79 09 78 0a da 0b a0 
86 01 86 01 45 91 
00 00 b0 88 03 00 19 00 60 68 01 68 01 05 1f 64 b0 09 a1 2f 5a 0a 00 0a 00 0a 00 0a 00 15 57 46 41 82 fa d7 8d 61 0a 00 10 00 00 a2 00 00 aa 02 00 00 00 14 00 53 61 6b 75 72 61 20 54 65 73 74 65 20 46 6f 72 6d 75 6c 61 19 00 13 b7 0c c3 0b 07 06 00 53 61 6b 75 72 61 b4 18 48 00 41 6f 20 70 65 67 61 72 20 61 6c 67 75 6d 61 20 6d 69 73 73 61 6f 2c 20 64 69 67 69 74 65 20 21 6e 6f 6d 65 64 6f 6e 70 63 2c 20 70 61 72 61 20 73 61 62 65 72 20 6f 20 73 74 61 74 75 73 20 64 61 20 6d 65 73 6d 61 2e b4 18 30 00 59 6f 75 72 20 6c 61 73 74 20 76 69 73 69 74 20 77 61 73 20 6f 6e 20 46 72 69 20 4a 61 6e 20 30 39 20 31 35 3a 34 35 3a 34 39 20 32 30 32 36 2e 83 b7 0c c3 0b 07 0b 

ProtocolGame parse message exception (84 bytes, 43 unread, last opcode is 0x6e (110), prev opcode is 0xffffffff (-1), proto: 854): unable to create item with invalid id 53516
54 00 93 26 99 19 4c 00 
6e 00 b5 0c 13 00 62 61 63 6b 70 61 63 6b 20 6f 66 20 68 6f 6c 64 69 6e 67 18 00 17 da 0b c3 0c d1 0b f6 0c 31 0b ec 0b 1b 0d 46 0d 79 0d 64 c6 1c 64 f1 0b 88 0c c0 0c a1 1f 8b 02 5e 1f 47 0d 45 0d fc 0b 7f 03 b1 0c 7c 1f ec 0c 

ProtocolGame parse message exception (84 bytes, 43 unread, last opcode is 0x6e (110), prev opcode is 0xffffffff (-1), proto: 854): unable to create item with invalid id 53516
54 00 93 26 99 19 4c 00 
6e 00 b5 0c 13 00 62 61 63 6b 70 61 63 6b 20 6f 66 20 68 6f 6c 64 69 6e 67 18 00 17 da 0b c3 0c d1 0b f6 0c 31 0b ec 0b 1b 0d 46 0d 79 0d 64 c6 1c 64 f1 0b 88 0c c0 0c a1 1f 8b 02 5e 1f 47 0d 45 0d fc 0b 7f 03 b1 0c 7c 1f ec 0c 

ProtocolGame parse message exception (84 bytes, 43 unread, last opcode is 0x6e (110), prev opcode is 0xffffffff (-1), proto: 854): unable to create item with invalid id 53516
54 00 93 26 99 19 4c 00 
6e 00 b5 0c 13 00 62 61 63 6b 70 61 63 6b 20 6f 66 20 68 6f 6c 64 69 6e 67 18 00 17 da 0b c3 0c d1 0b f6 0c 31 0b ec 0b 1b 0d 46 0d 79 0d 64 c6 1c 64 f1 0b 88 0c c0 0c a1 1f 8b 02 5e 1f 47 0d 45 0d fc 0b 7f 03 b1 0c 7c 1f ec 0c 

ProtocolGame parse message exception (84 bytes, 43 unread, last opcode is 0x6e (110), prev opcode is 0xffffffff (-1), proto: 854): unable to create item with invalid id 53516
54 00 93 26 99 19 4c 00 
6e 00 b5 0c 13 00 62 61 63 6b 70 61 63 6b 20 6f 66 20 68 6f 6c 64 69 6e 67 18 00 17 da 0b c3 0c d1 0b f6 0c 31 0b ec 0b 1b 0d 46 0d 79 0d 64 c6 1c 64 f1 0b 88 0c c0 0c a1 1f 8b 02 5e 1f 47 0d 45 0d fc 0b 7f 03 b1 0c 7c 1f ec 0c 

ProtocolGame parse message exception (84 bytes, 43 unread, last opcode is 0x6e (110), prev opcode is 0xffffffff (-1), proto: 854): unable to create item with invalid id 53516
54 00 93 26 99 19 4c 00 
6e 00 b5 0c 13 00 62 61 63 6b 70 61 63 6b 20 6f 66 20 68 6f 6c 64 69 6e 67 18 00 17 da 0b c3 0c d1 0b f6 0c 31 0b ec 0b 1b 0d 46 0d 79 0d 64 c6 1c 64 f1 0b 88 0c c0 0c a1 1f 8b 02 5e 1f 47 0d 45 0d fc 0b 7f 03 b1 0c 7c 1f ec 0c 

ProtocolGame parse message exception (84 bytes, 43 unread, last opcode is 0x6e (110), prev opcode is 0xffffffff (-1), proto: 854): unable to create item with invalid id 53516
54 00 93 26 99 19 4c 00 
6e 00 b5 0c 13 00 62 61 63 6b 70 61 63 6b 20 6f 66 20 68 6f 6c 64 69 6e 67 18 00 17 da 0b c3 0c d1 0b f6 0c 31 0b ec 0b 1b 0d 46 0d 79 0d 64 c6 1c 64 f1 0b 88 0c c0 0c a1 1f 8b 02 5e 1f 47 0d 45 0d fc 0b 7f 03 b1 0c 7c 1f ec 0c 

ProtocolGame parse message exception (84 bytes, 43 unread, last opcode is 0x6e (110), prev opcode is 0xffffffff (-1), proto: 854): unable to create item with invalid id 53516
54 00 93 26 99 19 4c 00 
6e 00 b5 0c 13 00 62 61 63 6b 70 61 63 6b 20 6f 66 20 68 6f 6c 64 69 6e 67 18 00 17 da 0b c3 0c d1 0b f6 0c 31 0b ec 0b 1b 0d 46 0d 79 0d 64 c6 1c 64 f1 0b 88 0c c0 0c a1 1f 8b 02 5e 1f 47 0d 45 0d fc 0b 7f 03 b1 0c 7c 1f ec 0c 

ProtocolGame parse message exception (84 bytes, 43 unread, last opcode is 0x6e (110), prev opcode is 0xffffffff (-1), proto: 854): unable to create item with invalid id 53516
54 00 93 26 99 19 4c 00 
6e 00 b5 0c 13 00 62 61 63 6b 70 61 63 6b 20 6f 66 20 68 6f 6c 64 69 6e 67 18 00 17 da 0b c3 0c d1 0b f6 0c 31 0b ec 0b 1b 0d 46 0d 79 0d 64 c6 1c 64 f1 0b 88 0c c0 0c a1 1f 8b 02 5e 1f 47 0d 45 0d fc 0b 7f 03 b1 0c 7c 1f ec 0c 

ProtocolGame parse message exception (84 bytes, 43 unread, last opcode is 0x6e (110), prev opcode is 0xffffffff (-1), proto: 854): unable to create item with invalid id 53516
54 00 93 26 99 19 4c 00 
6e 00 b5 0c 13 00 62 61 63 6b 70 61 63 6b 20 6f 66 20 68 6f 6c 64 69 6e 67 18 00 17 da 0b c3 0c d1 0b f6 0c 31 0b ec 0b 1b 0d 46 0d 79 0d 64 c6 1c 64 f1 0b 88 0c c0 0c a1 1f 8b 02 5e 1f 47 0d 45 0d fc 0b 7f 03 b1 0c 7c 1f ec 0c 

ProtocolGame parse message exception (84 bytes, 43 unread, last opcode is 0x6e (110), prev opcode is 0xffffffff (-1), proto: 854): unable to create item with invalid id 53516
54 00 93 26 99 19 4c 00 
6e 00 b5 0c 13 00 62 61 63 6b 70 61 63 6b 20 6f 66 20 68 6f 6c 64 69 6e 67 18 00 17 da 0b c3 0c d1 0b f6 0c 31 0b ec 0b 1b 0d 46 0d 79 0d 64 c6 1c 64 f1 0b 88 0c c0 0c a1 1f 8b 02 5e 1f 47 0d 45 0d fc 0b 7f 03 b1 0c 7c 1f ec 0c 

ProtocolGame parse message exception (84 bytes, 43 unread, last opcode is 0x6e (110), prev opcode is 0xffffffff (-1), proto: 854): unable to create item with invalid id 53516
54 00 93 26 99 19 4c 00 
6e 00 b5 0c 13 00 62 61 63 6b 70 61 63 6b 20 6f 66 20 68 6f 6c 64 69 6e 67 18 00 17 da 0b c3 0c d1 0b f6 0c 31 0b ec 0b 1b 0d 46 0d 79 0d 64 c6 1c 64 f1 0b 88 0c c0 0c a1 1f 8b 02 5e 1f 47 0d 45 0d fc 0b 7f 03 b1 0c 7c 1f ec 0c 

ProtocolGame parse message exception (84 bytes, 43 unread, last opcode is 0x6e (110), prev opcode is 0xffffffff (-1), proto: 854): unable to create item with invalid id 53516
54 00 93 26 99 19 4c 00 
6e 00 b5 0c 13 00 62 61 63 6b 70 61 63 6b 20 6f 66 20 68 6f 6c 64 69 6e 67 18 00 17 da 0b c3 0c d1 0b f6 0c 31 0b ec 0b 1b 0d 46 0d 79 0d 64 c6 1c 64 f1 0b 88 0c c0 0c a1 1f 8b 02 5e 1f 47 0d 45 0d fc 0b 7f 03 b1 0c 7c 1f ec 0c 

ProtocolGame parse message exception (84 bytes, 43 unread, last opcode is 0x6e (110), prev opcode is 0xffffffff (-1), proto: 854): unable to create item with invalid id 53516
54 00 93 26 99 19 4c 00 
6e 00 b5 0c 13 00 62 61 63 6b 70 61 63 6b 20 6f 66 20 68 6f 6c 64 69 6e 67 18 00 17 da 0b c3 0c d1 0b f6 0c 31 0b ec 0b 1b 0d 46 0d 79 0d 64 c6 1c 64 f1 0b 88 0c c0 0c a1 1f 8b 02 5e 1f 47 0d 45 0d fc 0b 7f 03 b1 0c 7c 1f ec 0c 

ProtocolGame parse message exception (84 bytes, 43 unread, last opcode is 0x6e (110), prev opcode is 0xffffffff (-1), proto: 854): unable to create item with invalid id 53516
54 00 93 26 99 19 4c 00 
6e 00 b5 0c 13 00 62 61 63 6b 70 61 63 6b 20 6f 66 20 68 6f 6c 64 69 6e 67 18 00 17 da 0b c3 0c d1 0b f6 0c 31 0b ec 0b 1b 0d 46 0d 79 0d 64 c6 1c 64 f1 0b 88 0c c0 0c a1 1f 8b 02 5e 1f 47 0d 45 0d fc 0b 7f 03 b1 0c 7c 1f ec 0c 

ProtocolGame parse message exception (84 bytes, 43 unread, last opcode is 0x6e (110), prev opcode is 0xffffffff (-1), proto: 854): unable to create item with invalid id 53516
54 00 93 26 99 19 4c 00 
6e 00 b5 0c 13 00 62 61 63 6b 70 61 63 6b 20 6f 66 20 68 6f 6c 64 69 6e 67 18 00 17 da 0b c3 0c d1 0b f6 0c 31 0b ec 0b 1b 0d 46 0d 79 0d 64 c6 1c 64 f1 0b 88 0c c0 0c a1 1f 8b 02 5e 1f 47 0d 45 0d fc 0b 7f 03 b1 0c 7c 1f ec 0c 

ProtocolGame parse message exception (84 bytes, 43 unread, last opcode is 0x6e (110), prev opcode is 0xffffffff (-1), proto: 854): unable to create item with invalid id 53516
54 00 93 26 99 19 4c 00 
6e 00 b5 0c 13 00 62 61 63 6b 70 61 63 6b 20 6f 66 20 68 6f 6c 64 69 6e 67 18 00 17 da 0b c3 0c d1 0b f6 0c 31 0b ec 0b 1b 0d 46 0d 79 0d 64 c6 1c 64 f1 0b 88 0c c0 0c a1 1f 8b 02 5e 1f 47 0d 45 0d fc 0b 7f 03 b1 0c 7c 1f ec 0c 

ProtocolGame parse message exception (84 bytes, 43 unread, last opcode is 0x6e (110), prev opcode is 0xffffffff (-1), proto: 854): unable to create item with invalid id 53516
54 00 24 28 4a 97 4c 00 
6e 00 b5 0c 13 00 62 61 63 6b 70 61 63 6b 20 6f 66 20 68 6f 6c 64 69 6e 67 18 00 17 da 0b c3 0c d1 0b f6 0c 31 0b ec 0b 1b 0d 46 0d 79 0d 64 c6 1c 64 f1 0b 88 0c c0 0c a1 1f 8b 02 5e 1f 47 0d 45 0d fc 0b 7f 03 b1 0c 7c 1f ec 0c 

ProtocolGame parse message exception (84 bytes, 43 unread, last opcode is 0x6e (110), prev opcode is 0xffffffff (-1), proto: 854): unable to create item with invalid id 53516
54 00 24 28 4a 97 4c 00 
6e 00 b5 0c 13 00 62 61 63 6b 70 61 63 6b 20 6f 66 20 68 6f 6c 64 69 6e 67 18 00 17 da 0b c3 0c d1 0b f6 0c 31 0b ec 0b 1b 0d 46 0d 79 0d 64 c6 1c 64 f1 0b 88 0c c0 0c a1 1f 8b 02 5e 1f 47 0d 45 0d fc 0b 7f 03 b1 0c 7c 1f ec 0c 

ProtocolGame parse message exception (84 bytes, 43 unread, last opcode is 0x6e (110), prev opcode is 0xffffffff (-1), proto: 854): unable to create item with invalid id 53516
54 00 85 2e 6d 78 4c 00 
6e 00 b5 0c 13 00 62 61 63 6b 70 61 63 6b 20 6f 66 20 68 6f 6c 64 69 6e 67 18 00 17 da 0b c3 0c d1 0b f6 0c 31 0b ec 0b 1b 0d 46 0d 79 0d 64 c6 1c 64 f1 0b 88 0c c0 0c a1 1f 8b 02 5e 1f 47 0d 45 0d fc 0b 7f 03 b1 0c 7c 1f ec 0c 

ProtocolGame parse message exception (84 bytes, 43 unread, last opcode is 0x6e (110), prev opcode is 0xffffffff (-1), proto: 854): unable to create item with invalid id 53516
54 00 85 2e 6d 78 4c 00 
6e 00 b5 0c 13 00 62 61 63 6b 70 61 63 6b 20 6f 66 20 68 6f 6c 64 69 6e 67 18 00 17 da 0b c3 0c d1 0b f6 0c 31 0b ec 0b 1b 0d 46 0d 79 0d 64 c6 1c 64 f1 0b 88 0c c0 0c a1 1f 8b 02 5e 1f 47 0d 45 0d fc 0b 7f 03 b1 0c 7c 1f ec 0c 

ProtocolGame parse message exception (1483 bytes, 221 unread, last opcode is 0x00 (0), prev opcode is 0x86 (134), proto: 854): InputMessage eof reached
cc 05 1b d9 3b 27 c3 05 0a 5f 0a 00 10 32 00 00 64 b7 0c c4 0b 07 a3 11 1e 0e 00 ff a3 11 00 ff a6 11 00 ff a6 11 00 ff b2 11 00 ff a3 11 00 ff af 11 00 ff a3 11 00 ff b2 11 00 ff a8 11 00 ff a3 11 00 ff a8 11 1e 0e 00 ff a3 11 00 ff a3 11 00 ff a5 11 00 ff a7 11 00 ff ad 11 00 ff a3 11 00 ff a3 11 00 ff ae 11 1e 0e 00 ff a6 11 00 ff a3 11 00 ff af 11 1e 0e 00 ff a7 11 00 ff a3 11 00 ff ae 11 00 ff a3 11 00 ff a8 11 00 ff b0 11 00 ff a9 11 00 ff a3 11 1e 0e 00 ff ae 11 00 ff b2 11 00 ff a3 11 00 ff a8 11 00 ff a3 11 00 ff a3 11 00 ff a3 11 00 ff a3 11 00 ff a7 11 1e 0e 00 ff a3 11 00 ff b2 11 00 ff ac 11 00 ff a3 11 62 0e 00 ff b0 11 00 ff a3 11 00 ff a3 11 00 ff ac 11 00 ff a3 11 62 0e 00 ff a3 11 00 ff a3 11 00 ff a7 11 00 ff a7 11 00 ff a3 11 00 ff ac 11 00 ff a3 11 00 ff a3 11 00 ff ab 11 00 ff a6 11 00 ff a4 11 21 0e 00 ff a3 11 00 ff a3 11 00 ff b1 11 00 ff a3 11 00 ff ad 11 00 ff ad 11 00 ff a3 11 00 ff a4 11 00 ff a3 11 00 ff 67 00 bb 11 00 ff a3 11 00 ff b0 11 1e 0e 00 ff b1 11 00 ff a3 11 00 ff ae 11 00 ff a7 11 00 ff ae 11 00 ff ac 11 00 ff a3 11 1e 0e 00 ff a3 11 00 ff a3 11 00 ff 67 00 bb 11 00 ff 67 00 b6 11 00 ff 67 00 b7 11 00 ff 67 00 bb 11 00 ff 67 00 b6 11 00 ff 67 00 bd 11 00 ff a3 11 00 ff af 11 00 ff a3 11 1e 0e 00 ff a3 11 00 ff 67 00 bb 11 00 ff 67 00 b6 11 00 ff 67 00 bd 11 00 ff 67 00 bb 11 00 ff 67 00 b7 11 00 ff 67 00 00 ff 67 00 00 ff 67 00 b7 11 00 ff 67 00 00 ff 67 00 b5 11 00 ff b1 11 00 ff 67 00 bb 11 00 ff 67 00 b6 11 00 ff 67 00 b6 11 00 ff 67 00 b7 11 00 ff 67 00 00 ff 67 00 b9 11 00 ff 67 00 b7 11 00 ff 67 00 00 ff 67 00 00 ff 67 00 ba 11 00 ff 67 00 00 ff 67 00 00 ff 67 00 b9 11 00 ff 67 00 b6 11 00 ff 67 00 b7 11 00 ff 67 00 00 ff 67 00 61 00 00 00 00 00 5f 0a 00 10 14 00 53 61 6b 75 72 61 20 54 65 73 74 65 20 46 6f 72 6d 75 6c 61 64 02 83 01 00 00 00 00 00 00 00 0c 01 00 00 00 01 00 ff 67 00 00 ff 67 00 00 ff 67 00 00 ff 67 00 00 ff 67 00 00 ff 67 00 ba 11 00 ff 67 00 be 11 00 ff 67 00 00 ff 67 00 00 ff 67 00 00 ff 67 00 00 ff 67 00 00 ff 67 00 00 ff 67 00 00 ff 67 00 00 ff 67 00 00 ff 67 00 00 ff 67 00 ba 11 00 ff 67 00 b4 11 00 ff 67 00 be 11 00 ff ae 11 00 ff 67 00 00 ff 67 00 00 ff 67 00 00 ff 67 00 00 ff 67 00 00 ff 67 00 00 ff 67 00 00 ff 67 00 00 ff 67 00 ba 11 00 ff 67 00 b4 11 00 ff 67 00 be 11 00 ff b1 11 00 ff aa 11 00 ff b0 11 00 ff 67 00 b4 11 00 ff 67 00 b4 11 00 ff 67 00 b4 11 00 ff 67 00 b4 11 00 ff 67 00 b4 11 00 ff 67 00 b4 11 00 ff 67 00 b4 11 00 ff 67 00 b4 11 00 ff 67 00 be 11 00 ff a3 11 00 ff a3 11 00 ff a3 11 00 ff ac 11 00 ff a3 11 00 ff a3 11 00 ff b2 11 00 ff a3 11 00 ff b0 11 00 ff aa 11 00 ff a3 11 00 ff af 11 00 ff a3 11 00 ff b1 11 00 ff ad 11 00 ff a3 11 00 ff a5 11 1e 0e 00 ff ae 11 00 ff ae 11 00 ff a3 11 00 ff b1 11 00 ff ac 11 00 ff b1 11 00 ff a3 11 21 0e 00 ff a3 11 00 ff aa 11 00 ff a3 11 1e 0e 00 ff a9 11 00 ff a8 11 00 ff a3 11 00 ff a3 11 00 ff a5 11 00 ff a4 11 00 ff ae 11 1e 0e 00 ff a3 11 00 ff ae 11 00 ff a3 11 00 ff a8 11 00 ff a3 11 00 ff a3 11 00 ff a4 11 00 ff a3 11 00 ff a3 11 00 ff a3 11 21 0e 00 ff a3 11 00 ff a9 11 00 ff b1 11 00 ff a3 11 00 ff a8 11 00 ff a4 11 00 ff a3 11 00 ff a6 11 00 ff a7 11 00 ff ac 11 1e 0e 00 ff a3 11 00 ff ac 11 00 ff a3 11 00 ff a3 11 00 ff a3 11 00 ff a3 11 00 ff ac 11 00 ff ac 11 1e 0e 00 ff a6 11 00 ff ad 11 00 ff a3 11 21 0e 00 ff af 11 00 ff a3 11 00 ff a3 11 00 ff a9 11 00 ff a3 11 00 ff a8 11 00 ff aa 11 00 ff a3 11 00 ff a3 11 00 ff b0 11 00 ff ab 11 00 ff a4 11 00 ff a6 11 00 ff a8 11 00 ff a4 11 00 ff b1 11 00 ff a3 11 00 ff a5 11 00 ff a3 11 00 ff a3 11 1e 0e 00 ff ac 11 00 ff a3 11 00 ff ac 11 00 ff ac 11 ff ff ff ff ff ff ff ff ff ff ff ff e4 ff 78 01 19 0d 79 02 78 03 25 0b 78 04 ea 0d 78 05 db 0b 18 78 06 1b 1d 78 07 e7 0d 78 08 e4 0d 79 09 78 0a da 0b a0 
86 01 86 01 45 91 
00 00 b0 88 03 00 19 00 60 68 01 68 01 05 1f 64 b0 09 a1 2f 5a 0a 00 0a 00 0a 00 0a 00 15 57 46 41 82 fa d7 8d 5f 0a 00 10 00 00 a2 00 00 aa 01 00 00 00 14 00 53 61 6b 75 72 61 20 54 65 73 74 65 20 46 6f 72 6d 75 6c 61 19 00 13 b7 0c c4 0b 07 06 00 53 61 6b 75 72 61 b4 18 48 00 41 6f 20 70 65 67 61 72 20 61 6c 67 75 6d 61 20 6d 69 73 73 61 6f 2c 20 64 69 67 69 74 65 20 21 6e 6f 6d 65 64 6f 6e 70 63 2c 20 70 61 72 61 20 73 61 62 65 72 20 6f 20 73 74 61 74 75 73 20 64 61 20 6d 65 73 6d 61 2e b4 18 30 00 59 6f 75 72 20 6c 61 73 74 20 76 69 73 69 74 20 77 61 73 20 6f 6e 20 46 72 69 20 4a 61 6e 20 30 39 20 31 36 3a 30 36 3a 35 36 20 32 30 32 36 2e 83 b7 0c c4 0b 07 0b 

ProtocolGame parse message exception (84 bytes, 41 unread, last opcode is 0x6e (110), prev opcode is 0xffffffff (-1), proto: 854): unable to create item with invalid id 62988
54 00 2d 28 67 06 4c 00 
6e 00 b5 0c 13 00 62 61 63 6b 70 61 63 6b 20 6f 66 20 68 6f 6c 64 69 6e 67 18 00 17 d1 0b da 0b c3 0c f6 0c 31 0b ec 0b 1b 0d 46 0d 79 0d 64 c6 1c 64 f1 0b 88 0c c0 0c a1 1f 8b 02 5e 1f 47 0d 45 0d fc 0b 7f 03 b1 0c 7c 1f ec 0c 

ProtocolGame parse message exception (85 bytes, 41 unread, last opcode is 0x6e (110), prev opcode is 0x1e (30), proto: 854): unable to create item with invalid id 62988
54 00 8b 26 1c eb 4d 00 
1e 
6e 00 b5 0c 13 00 62 61 63 6b 70 61 63 6b 20 6f 66 20 68 6f 6c 64 69 6e 67 18 00 17 d1 0b da 0b c3 0c f6 0c 31 0b ec 0b 1b 0d 46 0d 79 0d 64 c6 1c 64 f1 0b 88 0c c0 0c a1 1f 8b 02 5e 1f 47 0d 45 0d fc 0b 7f 03 b1 0c 7c 1f ec 0c 

ProtocolGame parse message exception (84 bytes, 41 unread, last opcode is 0x6e (110), prev opcode is 0xffffffff (-1), proto: 854): unable to create item with invalid id 62988
54 00 2d 28 67 06 4c 00 
6e 00 b5 0c 13 00 62 61 63 6b 70 61 63 6b 20 6f 66 20 68 6f 6c 64 69 6e 67 18 00 17 d1 0b da 0b c3 0c f6 0c 31 0b ec 0b 1b 0d 46 0d 79 0d 64 c6 1c 64 f1 0b 88 0c c0 0c a1 1f 8b 02 5e 1f 47 0d 45 0d fc 0b 7f 03 b1 0c 7c 1f ec 0c 

ProtocolGame parse message exception (84 bytes, 41 unread, last opcode is 0x6e (110), prev opcode is 0xffffffff (-1), proto: 854): unable to create item with invalid id 62988
54 00 2d 28 67 06 4c 00 
6e 00 b5 0c 13 00 62 61 63 6b 70 61 63 6b 20 6f 66 20 68 6f 6c 64 69 6e 67 18 00 17 d1 0b da 0b c3 0c f6 0c 31 0b ec 0b 1b 0d 46 0d 79 0d 64 c6 1c 64 f1 0b 88 0c c0 0c a1 1f 8b 02 5e 1f 47 0d 45 0d fc 0b 7f 03 b1 0c 7c 1f ec 0c 

ProtocolGame parse message exception (2077 bytes, 210 unread, last opcode is 0x21 (33), prev opcode is 0xa0 (160), proto: 854): unhandled opcode 33
1c 08 48 c9 0b e2 15 08 0a 51 0a 00 10 32 00 00 0b aa aa aa aa d5 d5 d5 d5 d5 d5 d5 d5 d5 d5 d5 d5 d5 d5 d5 d5 64 f9 0b 14 0c 07 bc 04 08 06 00 ff c9 04 00 ff c9 04 00 ff c9 04 00 ff c9 04 00 ff c9 04 00 ff c9 04 00 ff c9 04 00 ff c9 04 00 ff c9 04 00 ff c9 04 00 ff c9 04 0b 06 00 ff c4 04 00 ff c8 04 00 ff bc 04 08 06 00 ff c9 04 00 ff c9 04 00 ff c9 04 00 ff c9 04 00 ff c9 04 00 ff c9 04 00 ff c9 04 00 ff c9 04 00 ff c9 04 00 ff c9 04 00 ff c9 04 0b 06 00 ff c4 04 00 ff c8 04 00 ff bc 04 08 06 00 ff c9 04 00 ff c9 04 00 ff c9 04 00 ff c9 04 00 ff c9 04 00 ff c9 04 00 ff c9 04 00 ff c9 04 00 ff c9 04 00 ff c9 04 00 ff c9 04 0b 06 00 ff c4 04 00 ff c8 04 00 ff bc 04 08 06 00 ff c9 04 00 ff c9 04 00 ff c9 04 00 ff c9 04 00 ff c9 04 00 ff c9 04 00 ff c9 04 00 ff c9 04 00 ff c9 04 00 ff c9 04 00 ff c9 04 0b 06 00 ff c4 04 00 ff c8 04 00 ff bc 04 08 06 00 ff c9 04 b7 09 00 ff c9 04 b8 09 00 ff c9 04 00 ff c9 04 00 ff c9 04 00 ff c9 04 00 ff c9 04 00 ff c9 04 00 ff c9 04 b7 09 00 ff c9 04 b8 09 00 ff c9 04 0b 06 00 ff c4 04 00 ff c8 04 00 ff bc 04 08 06 00 ff c9 04 09 06 00 ff c9 04 09 06 00 ff c9 04 09 06 00 ff c9 04 09 06 00 ff c9 04 09 06 00 ff c9 04 09 06 00 ff c9 04 09 06 00 ff c9 04 09 06 00 ff c9 04 09 06 00 ff c9 04 09 06 00 ff c9 04 0e 06 00 ff c4 04 00 ff c8 04 00 ff c0 04 00 ff c0 04 00 ff c0 04 00 ff c0 04 00 ff c0 04 00 ff c0 04 00 ff c0 04 00 ff c0 04 00 ff c0 04 00 ff c0 04 00 ff c0 04 00 ff c0 04 00 ff c3 04 00 ff c8 04 00 ff c8 04 00 ff c8 04 00 ff c8 04 00 ff c8 04 00 ff c8 04 00 ff c8 04 00 ff c8 04 00 ff c8 04 00 ff c8 04 00 ff c8 04 00 ff c8 04 00 ff c8 04 00 ff c8 04 00 ff c8 04 00 ff c8 04 00 ff c8 04 00 ff c8 04 00 ff c8 04 00 ff c8 04 00 ff c8 04 00 ff c8 04 61 00 00 00 00 00 51 0a 00 10 0b 00 41 44 4d 20 47 61 62 72 69 65 6c 64 02 2e 01 00 00 00 00 00 ff 00 dc 05 00 00 00 01 00 ff c8 04 00 ff c8 04 00 ff c8 04 00 ff c8 04 00 ff c8 04 00 ff c8 04 00 ff c8 04 00 ff c8 04 00 ff c8 04 00 ff c8 04 00 ff c8 04 00 ff c8 04 00 ff c8 04 00 ff c8 04 00 ff c8 04 00 ff c8 04 00 ff c8 04 00 ff c8 04 00 ff c8 04 00 ff c8 04 00 ff c8 04 00 ff c1 04 00 ff c1 04 00 ff c1 04 00 ff c1 04 00 ff c1 04 00 ff c1 04 00 ff c1 04 00 ff c1 04 00 ff c1 04 00 ff c1 04 00 ff c1 04 00 ff c1 04 00 ff c1 04 00 ff c1 04 00 ff bc 04 0c 06 00 ff bc 04 0c 06 00 ff bc 04 0c 06 00 ff bc 04 0c 06 00 ff bc 04 66 06 00 ff bc 04 0c 06 00 ff bc 04 0c 06 00 ff bc 04 0c 06 00 ff bc 04 b2 08 00 ff a9 11 b0 08 00 ff a3 11 b0 08 00 ff ae 11 b0 08 00 ff a3 11 b0 08 00 ff a6 11 00 ff bc 04 00 ff bc 04 00 ff bc 04 00 ff bc 04 00 ff bc 04 00 ff bc 04 00 ff bc 04 00 ff bc 04 0b 06 00 ff bc 04 ae 08 00 ff a3 11 61 0e 00 ff ae 11 47 18 00 ff a7 11 62 0e 00 ff ae 11 00 ff a3 11 00 ff bc 04 00 ff bc 04 00 ff bc 04 00 ff bc 04 00 ff bc 04 00 ff bc 04 00 ff bc 04 00 ff bc 04 0b 06 00 ff bc 04 ae 08 00 ff a3 11 00 ff b1 11 61 0e 00 ff a9 11 4a 18 00 ff b0 11 00 ff a3 11 48 18 00 ff bc 04 00 ff bc 04 00 ff bc 04 00 ff bc 04 00 ff bc 04 00 ff bc 04 00 ff bc 04 00 ff bc 04 0b 06 00 ff bc 04 ae 08 00 ff a3 11 00 ff a3 11 62 0e 00 ff a3 11 00 ff a3 11 4a 18 00 ff ab 11 00 ff bc 04 00 ff bc 04 00 ff bc 04 00 ff bc 04 00 ff bc 04 00 ff bc 04 00 ff bc 04 00 ff bc 04 0b 06 00 ff bc 04 ae 08 00 ff a6 11 00 ff a3 11 4a 18 00 ff a3 11 00 ff ae 11 00 ff a7 11 4a 18 00 ff bc 04 b8 09 00 ff bc 04 00 ff bc 04 00 ff bc 04 00 ff bc 04 00 ff bc 04 00 ff bc 04 00 ff bc 04 0b 06 00 ff bc 04 ae 08 00 ff a3 11 61 0e 00 ff a5 11 48 18 00 ff ae 11 00 ff a3 11 00 ff a3 11 00 ff bc 04 00 ff bc 04 00 ff bc 04 00 ff bc 04 00 ff bc 04 00 ff bc 04 00 ff bc 04 00 ff bc 04 0b 06 00 ff bc 04 ae 08 00 ff a6 11 00 ff a3 11 61 0e 00 ff a4 11 4a 18 00 ff a6 11 00 ff a7 11 00 ff 89 04 00 ff 89 04 00 ff 89 04 00 ff 89 04 00 ff 89 04 00 ff 89 04 00 ff 89 04 00 ff 89 04 00 ff 89 04 00 ff 89 04 00 ff 89 04 00 ff 92 04 02 ff 89 04 00 ff 89 04 00 ff 89 04 00 ff 89 04 00 ff 89 04 00 ff 89 04 00 ff 89 04 00 ff 89 04 00 ff 89 04 00 ff 89 04 00 ff 89 04 00 ff 92 04 02 ff 89 04 00 ff 89 04 00 ff 89 04 00 ff 89 04 00 ff 89 04 00 ff 89 04 00 ff 89 04 00 ff 89 04 00 ff 89 04 00 ff 89 04 00 ff 89 04 00 ff 92 04 02 ff 89 04 00 ff 89 04 00 ff 89 04 00 ff 89 04 00 ff 89 04 00 ff 89 04 00 ff 89 04 00 ff 89 04 00 ff 89 04 00 ff 89 04 00 ff 89 04 00 ff 92 04 02 ff 89 04 00 ff 89 04 00 ff 89 04 00 ff 89 04 00 ff 89 04 00 ff 89 04 00 ff 89 04 00 ff 89 04 00 ff 89 04 00 ff 89 04 00 ff 89 04 00 ff 92 04 02 ff 88 04 00 ff 88 04 00 ff 88 04 00 ff 88 04 00 ff 88 04 00 ff 88 04 00 ff 88 04 00 ff 88 04 00 ff 88 04 00 ff 88 04 00 ff 88 04 00 ff 94 04 3a ff 85 04 00 ff 85 04 00 ff 85 04 00 ff 85 04 00 ff 85 04 00 ff 85 04 00 ff 85 04 00 ff 97 04 06 ff 89 04 00 ff 89 04 00 ff 89 04 00 ff 89 04 00 ff 89 04 00 ff 89 04 00 ff 89 04 00 ff 92 04 06 ff 89 04 00 ff 89 04 00 ff 89 04 00 ff 89 04 00 ff 89 04 00 ff 89 04 00 ff 89 04 00 ff 92 04 06 ff 89 04 00 ff 89 04 00 ff 89 04 00 ff 89 04 00 ff 89 04 00 ff 89 04 00 ff 89 04 00 ff 92 04 06 ff 89 04 00 ff 89 04 00 ff 89 04 00 ff 89 04 00 ff 89 04 00 ff 89 04 00 ff 89 04 00 ff 92 04 06 ff 89 04 00 ff 89 04 00 ff 89 04 00 ff 89 04 00 ff 89 04 00 ff 89 04 00 ff 89 04 00 ff 92 04 06 ff 89 04 00 ff 89 04 00 ff 89 04 00 ff 89 04 00 ff 89 04 00 ff 89 04 00 ff 89 04 00 ff 92 04 06 ff 89 04 00 ff 89 04 00 ff 89 04 00 ff 89 04 00 ff 89 04 00 ff 89 04 00 ff 89 04 00 ff 92 04 8a 04 00 ff 85 04 00 ff 85 04 00 ff 85 04 00 ff 85 04 00 ff 85 04 00 ff 85 04 ff ff ff ff ff ff ff ff ff ff e8 ff 78 01 19 0d 79 02 78 03 25 0b 78 04 31 0d 78 05 da 0b 14 78 06 e2 0c 64 78 07 24 0d 78 08 e4 0d 79 09 78 0a 05 0d 
a0 96 00 96 00 40 42 0f 00 00 00 00 00 01 00 00 00 00 00 00 00 00 64 d8 09 
21 00 a1 0a 00 0a 00 0a 00 0a 00 0a 00 0a 00 0a 00 82 ff d7 8d 51 0a 00 10 ff 00 a2 00 00 8e 51 0a 00 10 66 01 00 00 00 00 00 aa 01 00 00 00 0b 00 41 44 4d 20 47 61 62 72 69 65 6c 00 00 13 f9 0b 14 0c 07 06 00 53 61 73 75 6b 65 b4 18 48 00 41 6f 20 70 65 67 61 72 20 61 6c 67 75 6d 61 20 6d 69 73 73 61 6f 2c 20 64 69 67 69 74 65 20 21 6e 6f 6d 65 64 6f 6e 70 63 2c 20 70 61 72 61 20 73 61 62 65 72 20 6f 20 73 74 61 74 75 73 20 64 61 20 6d 65 73 6d 61 2e b4 18 30 00 59 6f 75 72 20 6c 61 73 74 20 76 69 73 69 74 20 77 61 73 20 6f 6e 20 54 75 65 20 4d 61 72 20 30 33 20 31 31 3a 34 34 3a 34 33 20 32 30 32 36 2e 83 f9 0b 14 0c 07 0b 

ProtocolGame parse message exception (2077 bytes, 210 unread, last opcode is 0x21 (33), prev opcode is 0xa0 (160), proto: 854): unhandled opcode 33
1c 08 13 0d 9c 47 15 08 0a 52 0a 00 10 32 00 00 0b aa aa aa aa d5 d5 d5 d5 d5 d5 d5 d5 d5 d5 d5 d5 d5 d5 d5 d5 64 f9 0b 14 0c 07 bc 04 08 06 00 ff c9 04 00 ff c9 04 00 ff c9 04 00 ff c9 04 00 ff c9 04 00 ff c9 04 00 ff c9 04 00 ff c9 04 00 ff c9 04 00 ff c9 04 00 ff c9 04 0b 06 00 ff c4 04 00 ff c8 04 00 ff bc 04 08 06 00 ff c9 04 00 ff c9 04 00 ff c9 04 00 ff c9 04 00 ff c9 04 00 ff c9 04 00 ff c9 04 00 ff c9 04 00 ff c9 04 00 ff c9 04 00 ff c9 04 0b 06 00 ff c4 04 00 ff c8 04 00 ff bc 04 08 06 00 ff c9 04 00 ff c9 04 00 ff c9 04 00 ff c9 04 00 ff c9 04 00 ff c9 04 00 ff c9 04 00 ff c9 04 00 ff c9 04 00 ff c9 04 00 ff c9 04 0b 06 00 ff c4 04 00 ff c8 04 00 ff bc 04 08 06 00 ff c9 04 00 ff c9 04 00 ff c9 04 00 ff c9 04 00 ff c9 04 00 ff c9 04 00 ff c9 04 00 ff c9 04 00 ff c9 04 00 ff c9 04 00 ff c9 04 0b 06 00 ff c4 04 00 ff c8 04 00 ff bc 04 08 06 00 ff c9 04 b7 09 00 ff c9 04 b8 09 00 ff c9 04 00 ff c9 04 00 ff c9 04 00 ff c9 04 00 ff c9 04 00 ff c9 04 00 ff c9 04 b7 09 00 ff c9 04 b8 09 00 ff c9 04 0b 06 00 ff c4 04 00 ff c8 04 00 ff bc 04 08 06 00 ff c9 04 09 06 00 ff c9 04 09 06 00 ff c9 04 09 06 00 ff c9 04 09 06 00 ff c9 04 09 06 00 ff c9 04 09 06 00 ff c9 04 09 06 00 ff c9 04 09 06 00 ff c9 04 09 06 00 ff c9 04 09 06 00 ff c9 04 0e 06 00 ff c4 04 00 ff c8 04 00 ff c0 04 00 ff c0 04 00 ff c0 04 00 ff c0 04 00 ff c0 04 00 ff c0 04 00 ff c0 04 00 ff c0 04 00 ff c0 04 00 ff c0 04 00 ff c0 04 00 ff c0 04 00 ff c3 04 00 ff c8 04 00 ff c8 04 00 ff c8 04 00 ff c8 04 00 ff c8 04 00 ff c8 04 00 ff c8 04 00 ff c8 04 00 ff c8 04 00 ff c8 04 00 ff c8 04 00 ff c8 04 00 ff c8 04 00 ff c8 04 00 ff c8 04 00 ff c8 04 00 ff c8 04 00 ff c8 04 00 ff c8 04 00 ff c8 04 00 ff c8 04 00 ff c8 04 61 00 00 00 00 00 52 0a 00 10 0b 00 41 44 4d 20 47 61 62 72 69 65 6c 64 02 2e 01 00 00 00 00 00 ff 00 dc 05 00 00 00 01 00 ff c8 04 00 ff c8 04 00 ff c8 04 00 ff c8 04 00 ff c8 04 00 ff c8 04 00 ff c8 04 00 ff c8 04 00 ff c8 04 00 ff c8 04 00 ff c8 04 00 ff c8 04 00 ff c8 04 00 ff c8 04 00 ff c8 04 00 ff c8 04 00 ff c8 04 00 ff c8 04 00 ff c8 04 00 ff c8 04 00 ff c8 04 00 ff c1 04 00 ff c1 04 00 ff c1 04 00 ff c1 04 00 ff c1 04 00 ff c1 04 00 ff c1 04 00 ff c1 04 00 ff c1 04 00 ff c1 04 00 ff c1 04 00 ff c1 04 00 ff c1 04 00 ff c1 04 00 ff bc 04 0c 06 00 ff bc 04 0c 06 00 ff bc 04 0c 06 00 ff bc 04 0c 06 00 ff bc 04 66 06 00 ff bc 04 0c 06 00 ff bc 04 0c 06 00 ff bc 04 0c 06 00 ff bc 04 b2 08 00 ff a9 11 b0 08 00 ff a3 11 b0 08 00 ff ae 11 b0 08 00 ff a3 11 b0 08 00 ff a6 11 00 ff bc 04 00 ff bc 04 00 ff bc 04 00 ff bc 04 00 ff bc 04 00 ff bc 04 00 ff bc 04 00 ff bc 04 0b 06 00 ff bc 04 ae 08 00 ff a3 11 61 0e 00 ff ae 11 47 18 00 ff a7 11 62 0e 00 ff ae 11 00 ff a3 11 00 ff bc 04 00 ff bc 04 00 ff bc 04 00 ff bc 04 00 ff bc 04 00 ff bc 04 00 ff bc 04 00 ff bc 04 0b 06 00 ff bc 04 ae 08 00 ff a3 11 00 ff b1 11 61 0e 00 ff a9 11 4a 18 00 ff b0 11 00 ff a3 11 48 18 00 ff bc 04 00 ff bc 04 00 ff bc 04 00 ff bc 04 00 ff bc 04 00 ff bc 04 00 ff bc 04 00 ff bc 04 0b 06 00 ff bc 04 ae 08 00 ff a3 11 00 ff a3 11 62 0e 00 ff a3 11 00 ff a3 11 4a 18 00 ff ab 11 00 ff bc 04 00 ff bc 04 00 ff bc 04 00 ff bc 04 00 ff bc 04 00 ff bc 04 00 ff bc 04 00 ff bc 04 0b 06 00 ff bc 04 ae 08 00 ff a6 11 00 ff a3 11 4a 18 00 ff a3 11 00 ff ae 11 00 ff a7 11 4a 18 00 ff bc 04 b8 09 00 ff bc 04 00 ff bc 04 00 ff bc 04 00 ff bc 04 00 ff bc 04 00 ff bc 04 00 ff bc 04 0b 06 00 ff bc 04 ae 08 00 ff a3 11 61 0e 00 ff a5 11 48 18 00 ff ae 11 00 ff a3 11 00 ff a3 11 00 ff bc 04 00 ff bc 04 00 ff bc 04 00 ff bc 04 00 ff bc 04 00 ff bc 04 00 ff bc 04 00 ff bc 04 0b 06 00 ff bc 04 ae 08 00 ff a6 11 00 ff a3 11 61 0e 00 ff a4 11 4a 18 00 ff a6 11 00 ff a7 11 00 ff 89 04 00 ff 89 04 00 ff 89 04 00 ff 89 04 00 ff 89 04 00 ff 89 04 00 ff 89 04 00 ff 89 04 00 ff 89 04 00 ff 89 04 00 ff 89 04 00 ff 92 04 02 ff 89 04 00 ff 89 04 00 ff 89 04 00 ff 89 04 00 ff 89 04 00 ff 89 04 00 ff 89 04 00 ff 89 04 00 ff 89 04 00 ff 89 04 00 ff 89 04 00 ff 92 04 02 ff 89 04 00 ff 89 04 00 ff 89 04 00 ff 89 04 00 ff 89 04 00 ff 89 04 00 ff 89 04 00 ff 89 04 00 ff 89 04 00 ff 89 04 00 ff 89 04 00 ff 92 04 02 ff 89 04 00 ff 89 04 00 ff 89 04 00 ff 89 04 00 ff 89 04 00 ff 89 04 00 ff 89 04 00 ff 89 04 00 ff 89 04 00 ff 89 04 00 ff 89 04 00 ff 92 04 02 ff 89 04 00 ff 89 04 00 ff 89 04 00 ff 89 04 00 ff 89 04 00 ff 89 04 00 ff 89 04 00 ff 89 04 00 ff 89 04 00 ff 89 04 00 ff 89 04 00 ff 92 04 02 ff 88 04 00 ff 88 04 00 ff 88 04 00 ff 88 04 00 ff 88 04 00 ff 88 04 00 ff 88 04 00 ff 88 04 00 ff 88 04 00 ff 88 04 00 ff 88 04 00 ff 94 04 3a ff 85 04 00 ff 85 04 00 ff 85 04 00 ff 85 04 00 ff 85 04 00 ff 85 04 00 ff 85 04 00 ff 97 04 06 ff 89 04 00 ff 89 04 00 ff 89 04 00 ff 89 04 00 ff 89 04 00 ff 89 04 00 ff 89 04 00 ff 92 04 06 ff 89 04 00 ff 89 04 00 ff 89 04 00 ff 89 04 00 ff 89 04 00 ff 89 04 00 ff 89 04 00 ff 92 04 06 ff 89 04 00 ff 89 04 00 ff 89 04 00 ff 89 04 00 ff 89 04 00 ff 89 04 00 ff 89 04 00 ff 92 04 06 ff 89 04 00 ff 89 04 00 ff 89 04 00 ff 89 04 00 ff 89 04 00 ff 89 04 00 ff 89 04 00 ff 92 04 06 ff 89 04 00 ff 89 04 00 ff 89 04 00 ff 89 04 00 ff 89 04 00 ff 89 04 00 ff 89 04 00 ff 92 04 06 ff 89 04 00 ff 89 04 00 ff 89 04 00 ff 89 04 00 ff 89 04 00 ff 89 04 00 ff 89 04 00 ff 92 04 06 ff 89 04 00 ff 89 04 00 ff 89 04 00 ff 89 04 00 ff 89 04 00 ff 89 04 00 ff 89 04 00 ff 92 04 8a 04 00 ff 85 04 00 ff 85 04 00 ff 85 04 00 ff 85 04 00 ff 85 04 00 ff 85 04 ff ff ff ff ff ff ff ff ff ff e8 ff 78 01 19 0d 79 02 78 03 25 0b 78 04 31 0d 78 05 da 0b 14 78 06 e2 0c 64 78 07 24 0d 78 08 e4 0d 79 09 78 0a 05 0d 
a0 96 00 96 00 40 42 0f 00 00 00 00 00 01 00 00 00 00 00 00 00 00 64 d8 09 
21 00 a1 0a 00 0a 00 0a 00 0a 00 0a 00 0a 00 0a 00 82 ff d7 8d 52 0a 00 10 ff 00 a2 00 00 8e 52 0a 00 10 66 01 00 00 00 00 00 aa 02 00 00 00 0b 00 41 44 4d 20 47 61 62 72 69 65 6c 00 00 13 f9 0b 14 0c 07 06 00 53 61 73 75 6b 65 b4 18 48 00 41 6f 20 70 65 67 61 72 20 61 6c 67 75 6d 61 20 6d 69 73 73 61 6f 2c 20 64 69 67 69 74 65 20 21 6e 6f 6d 65 64 6f 6e 70 63 2c 20 70 61 72 61 20 73 61 62 65 72 20 6f 20 73 74 61 74 75 73 20 64 61 20 6d 65 73 6d 61 2e b4 18 30 00 59 6f 75 72 20 6c 61 73 74 20 76 69 73 69 74 20 77 61 73 20 6f 6e 20 54 75 65 20 4d 61 72 20 30 33 20 31 31 3a 35 32 3a 31 33 20 32 30 32 36 2e 83 f9 0b 14 0c 07 0b 

ProtocolGame parse message exception (2154 bytes, 229 unread, last opcode is 0x25 (37), prev opcode is 0xa0 (160), proto: 854): unhandled opcode 37
6c 08 06 26 3c d2 62 08 0a 53 0a 00 10 32 00 00 64 d0 0b d6 0b 07 c8 04 00 ff c2 04 00 ff 0b 06 00 ff a7 01 00 ff a7 01 00 ff a7 01 13 09 00 ff a7 01 00 ff a7 01 00 ff a7 01 00 ff a7 01 00 ff a7 01 00 ff a7 01 00 ff a7 01 00 ff a7 01 00 ff c8 04 00 ff c2 04 00 ff 0b 06 00 ff a7 01 00 ff a7 01 61 00 00 00 00 00 ea 03 00 80 0c 00 4d 65 64 69 63 20 53 65 6c 6c 65 72 64 00 89 01 00 00 00 00 00 00 00 6e 00 00 00 00 01 00 ff a7 01 13 09 00 ff a7 01 00 ff a7 01 00 ff a7 01 00 ff a7 01 00 ff a7 01 00 ff a7 01 00 ff a7 01 00 ff a7 01 00 ff c8 04 00 ff c2 04 00 ff 0b 06 00 ff a7 01 00 ff a7 01 00 ff a7 01 17 09 00 ff a7 01 00 ff a7 01 00 ff a7 01 00 ff a7 01 00 ff a7 01 00 ff a7 01 00 ff a7 01 00 ff a7 01 00 ff c8 04 00 ff c2 04 00 ff bf 04 0b 06 00 ff a7 01 0c 06 00 ff a7 01 0c 06 00 ff a7 01 0c 06 00 ff a7 01 e7 1b 00 ff a7 01 e7 1b 00 ff a7 01 0c 06 00 ff a7 01 0c 06 00 ff a7 01 0c 06 00 ff a7 01 0c 06 00 ff a7 01 0c 06 00 ff a7 01 0c 06 00 ff c8 04 00 ff c2 04 00 ff bf 04 00 ff bf 04 00 ff bf 04 00 ff c4 04 00 ff c8 04 00 ff c8 04 00 ff c2 04 00 ff bf 04 00 ff bf 04 00 ff bf 04 00 ff 0a 06 00 ff a7 01 00 ff c8 04 00 ff c2 04 00 ff bf 04 00 ff bf 04 44 09 00 ff bf 04 45 09 00 ff c4 04 00 ff c8 04 00 ff c8 04 00 ff c2 04 00 ff bf 04 00 ff bf 04 00 ff bf 04 00 ff 0a 06 00 ff a7 01 00 ff c8 04 00 ff c2 04 00 ff bf 04 00 ff bf 04 00 ff bf 04 00 ff c4 04 00 ff c8 04 00 ff c8 04 00 ff c2 04 00 ff bf 04 00 ff bf 04 00 ff bf 04 00 ff 8c 05 00 ff a7 01 00 ff c8 04 00 ff c7 04 00 ff c0 04 00 ff c0 04 00 ff c0 04 00 ff c3 04 00 ff c8 04 00 ff c8 04 00 ff c7 04 00 ff c0 04 00 ff c0 04 00 ff bf 04 00 ff bf 04 0a 06 00 ff a7 01 00 ff c8 04 00 ff c8 04 00 ff c8 04 00 ff c8 04 00 ff c8 04 00 ff c8 04 00 ff c8 04 61 00 00 00 00 00 53 0a 00 10 0f 00 44 65 72 65 67 75 65 20 4a 6f 68 6e 73 6f 6e 64 02 60 01 00 00 00 00 00 00 00 dc 00 00 00 00 01 00 ff c8 04 00 ff c8 04 00 ff c8 04 00 ff c8 04 00 ff c2 04 00 ff bf 04 e8 1b 00 ff a7 01 00 ff c8 04 00 ff c8 04 00 ff c8 04 00 ff c8 04 00 ff c8 04 00 ff c8 04 00 ff c8 04 00 ff c8 04 00 ff c8 04 00 ff c8 04 00 ff c8 04 00 ff c2 04 00 ff bf 04 e8 1b 00 ff a7 01 00 ff c8 04 00 ff c8 04 00 ff c8 04 00 ff c8 04 00 ff c8 04 00 ff c8 04 00 ff c8 04 00 ff c8 04 00 ff c8 04 00 ff c8 04 00 ff c8 04 00 ff c2 04 00 ff bf 04 e8 1b 00 ff a7 01 00 ff c8 04 00 ff c6 04 00 ff c1 04 00 ff c1 04 00 ff c1 04 00 ff c1 04 00 ff c1 04 00 ff c5 04 00 ff c8 04 00 ff c8 04 00 ff c8 04 00 ff c2 04 00 ff 0a 06 00 ff a7 01 00 ff c8 04 00 ff bd 04 00 ff bd 04 00 ff bd 04 00 ff bd 04 00 ff bd 04 00 ff bd 04 00 ff c4 04 00 ff c8 04 00 ff c8 04 00 ff c8 04 00 ff c2 04 00 ff 8c 05 00 ff a7 01 00 ff c8 04 00 ff c2 04 00 ff a3 11 00 ff a3 11 00 ff a8 11 00 ff a3 11 00 ff a3 11 4a 18 00 ff c4 04 00 ff c8 04 00 ff c8 04 00 ff c8 04 00 ff c2 04 00 ff 0a 06 00 ff a7 01 00 ff c8 04 00 ff c2 04 00 ff a3 11 00 ff a3 11 4a 18 00 ff a3 11 1e 0e 00 ff ab 11 00 ff aa 11 00 ff c4 04 00 ff c8 04 00 ff c8 04 00 ff c8 04 00 ff c2 04 00 ff 9f 01 0a 06 00 ff a7 01 09 06 00 ff c8 04 00 ff c2 04 00 ff a9 11 00 ff a5 11 00 ff a8 11 00 ff a3 11 00 ff ad 11 48 18 00 ff c4 04 00 ff c8 04 00 ff c8 04 00 ff c8 04 00 ff c7 04 00 ff c0 04 00 ff c0 04 00 ff c8 04 00 ff c2 04 00 ff a3 11 00 ff ab 11 00 ff b0 11 00 ff a4 11 1e 0e 00 ff b2 11 00 ff c4 04 00 ff c8 04 00 ff c8 04 00 ff c8 04 00 ff c8 04 00 ff c8 04 00 ff c8 04 00 ff c8 04 00 ff c2 04 00 ff a3 11 00 ff b2 11 1e 0e 00 ff a3 11 4a 18 00 ff a3 11 62 0e 00 ff a3 11 4a 18 00 ff c4 04 00 ff c8 04 00 ff c8 04 00 ff c8 04 00 ff c8 04 00 ff c8 04 00 ff c8 04 01 ff 53 05 00 ff a7 01 00 ff a7 01 00 ff a7 01 00 ff a7 01 00 ff a7 01 00 ff a7 01 00 ff a7 01 00 ff a7 01 00 ff a7 01 00 ff a7 01 00 ff a7 01 00 ff a7 01 01 ff 53 05 00 ff a7 01 00 ff a7 01 00 ff a7 01 00 ff a7 01 00 ff a7 01 00 ff a7 01 00 ff a7 01 00 ff a7 01 00 ff a7 01 00 ff a7 01 00 ff a7 01 00 ff a7 01 01 ff 53 05 00 ff a7 01 51 05 00 ff a7 01 51 05 00 ff a7 01 51 05 00 ff a7 01 51 05 00 ff a7 01 51 05 00 ff a7 01 51 05 00 ff a7 01 51 05 00 ff a7 01 51 05 00 ff a7 01 51 05 00 ff a7 01 51 05 00 ff a7 01 00 ff a7 01 0b ff 53 05 00 ff a7 01 00 ff a7 01 0b ff 53 05 00 ff a7 01 38 09 00 ff a7 01 0a 09 0b ff 53 05 32 0a 00 ff a7 01 00 ff a7 01 0b ff 53 05 00 ff a7 01 38 09 00 ff a7 01 0a 09 0b ff 53 05 00 ff a7 01 00 ff a7 01 0b ff 53 05 00 ff a7 01 4c 05 00 ff a7 01 4c 05 0b ff 53 05 00 ff a7 01 83 09 00 ff a7 01 0b ff 53 05 00 ff a7 01 38 09 00 ff a7 01 0b ff 53 05 00 ff a7 01 04 09 00 ff a7 01 08 09 0b ff 53 05 00 ff a7 01 05 09 00 ff a7 01 09 09 0b ff 53 05 00 ff a7 01 4c 05 00 ff a7 01 4c 05 38 ff af 08 00 ff a7 01 69 0a 00 ff a7 01 00 ff a7 01 00 ff a7 01 69 0a 00 ff a7 01 00 ff a7 01 00 ff a7 01 69 0a 00 ff a7 01 00 ff a7 01 00 ff a7 01 69 0a 00 ff a7 01 00 ff a7 01 00 ff a7 01 69 0a 00 ff af 08 00 ff a7 01 b1 08 00 ff a7 01 b1 08 00 ff a7 01 b1 08 00 ff a7 01 b1 08 00 ff a7 01 b1 08 00 ff a7 01 b1 08 00 ff a7 01 b1 08 00 ff a7 01 b1 08 00 ff a7 01 b1 08 00 ff a7 01 b1 08 00 ff a7 01 00 ff a7 01 00 ff a7 01 0a ff af 08 00 ff a7 01 00 ff a7 01 00 ff a7 01 0a ff af 08 00 ff a7 01 00 ff a7 01 00 ff a7 01 69 0a 0a ff af 08 00 ff a7 01 00 ff a7 01 00 ff a7 01 69 0a 0a ff af 08 00 ff a7 01 00 ff a7 01 00 ff a7 01 69 0a 0a ff af 08 00 ff a7 01 00 ff a7 01 00 ff a7 01 69 0a 0a ff af 08 00 ff a7 01 00 ff a7 01 00 ff a7 01 0a ff af 08 00 ff a7 01 00 ff a7 01 00 ff a7 01 69 0a 0a ff af 08 00 ff a7 01 00 ff a7 01 00 ff a7 01 69 0a 0a ff af 08 00 ff a7 01 00 ff a7 01 00 ff a7 01 69 0a 0a ff af 08 00 ff a7 01 00 ff a7 01 00 ff a7 01 69 0a 0a ff af 08 00 ff a7 01 b1 08 00 ff a7 01 b1 08 00 ff a7 01 b1 08 ff ff ff ff ff ff ff ff ff ff 32 ff 78 01 19 0d 79 02 78 03 25 0b 78 04 31 0d 79 05 78 06 05 0d 78 07 24 0d 78 08 e4 0d 79 09 79 0a 
a0 96 00 96 00 bc 7f 00 00 00 00 00 00 01 00 00 00 00 00 00 00 00 64 2b 01 
25 00 a1 0a 00 0a 00 0a 00 0a 00 0a 00 0a 00 0a 00 82 fa d7 8d 53 0a 00 10 00 00 a2 00 00 a0 96 00 96 00 bc 7f 00 00 00 00 00 00 01 00 00 00 00 00 00 00 00 64 2c 01 25 00 aa 03 00 00 00 0f 00 44 65 72 65 67 75 65 20 4a 6f 68 6e 73 6f 6e 01 00 13 d0 0b d6 0b 07 06 00 4e 61 72 75 74 6f b4 18 48 00 41 6f 20 70 65 67 61 72 20 61 6c 67 75 6d 61 20 6d 69 73 73 61 6f 2c 20 64 69 67 69 74 65 20 21 6e 6f 6d 65 64 6f 6e 70 63 2c 20 70 61 72 61 20 73 61 62 65 72 20 6f 20 73 74 61 74 75 73 20 64 61 20 6d 65 73 6d 61 2e b4 18 30 00 59 6f 75 72 20 6c 61 73 74 20 76 69 73 69 74 20 77 61 73 20 6f 6e 20 54 75 65 20 4d 61 72 20 30 33 20 31 31 3a 33 38 3a 32 32 20 32 30 32 36 2e 83 d0 0b d6 0b 07 0b 

ProtocolGame parse message exception (41 bytes, 1 unread, last opcode is 0x25 (37), prev opcode is 0xa0 (160), proto: 854): unhandled opcode 37
2c 00 0c 15 8c b9 21 00 8c 53 0a 00 10 64 
a0 96 00 96 00 bc 7f 00 00 00 00 00 00 01 00 00 00 00 00 00 00 00 64 2c 01 
25 00 

ProtocolGame parse message exception (68 bytes, 28 unread, last opcode is 0x25 (37), prev opcode is 0xa0 (160), proto: 854): unhandled opcode 37
44 00 4c 20 22 10 3c 00 8c 53 0a 00 10 64 
a0 96 00 96 00 bc 7f 00 00 00 00 00 00 01 00 00 00 00 00 00 00 00 64 2c 01 
25 00 a0 96 00 96 00 bc 7f 00 00 00 00 00 00 01 00 00 00 00 00 00 00 00 64 2c 01 25 00 

ProtocolGame parse message exception (41 bytes, 1 unread, last opcode is 0x25 (37), prev opcode is 0xa0 (160), proto: 854): unhandled opcode 37
2c 00 0c 15 8c b9 21 00 8c 53 0a 00 10 64 
a0 96 00 96 00 bc 7f 00 00 00 00 00 00 01 00 00 00 00 00 00 00 00 64 2c 01 
25 00 

ProtocolGame parse message exception (68 bytes, 28 unread, last opcode is 0x25 (37), prev opcode is 0xa0 (160), proto: 854): unhandled opcode 37
44 00 4c 20 22 10 3c 00 8c 53 0a 00 10 64 
a0 96 00 96 00 bc 7f 00 00 00 00 00 00 01 00 00 00 00 00 00 00 00 64 2c 01 
25 00 a0 96 00 96 00 bc 7f 00 00 00 00 00 00 01 00 00 00 00 00 00 00 00 64 2c 01 25 00 

ProtocolGame parse message exception (41 bytes, 1 unread, last opcode is 0x25 (37), prev opcode is 0xa0 (160), proto: 854): unhandled opcode 37
2c 00 0c 15 8c b9 21 00 8c 53 0a 00 10 64 
a0 96 00 96 00 bc 7f 00 00 00 00 00 00 01 00 00 00 00 00 00 00 00 64 2c 01 
25 00 

ProtocolGame parse message exception (68 bytes, 28 unread, last opcode is 0x25 (37), prev opcode is 0xa0 (160), proto: 854): unhandled opcode 37
44 00 4c 20 22 10 3c 00 8c 53 0a 00 10 64 
a0 96 00 96 00 bc 7f 00 00 00 00 00 00 01 00 00 00 00 00 00 00 00 64 2c 01 
25 00 a0 96 00 96 00 bc 7f 00 00 00 00 00 00 01 00 00 00 00 00 00 00 00 64 2c 01 25 00 

ProtocolGame parse message exception (41 bytes, 1 unread, last opcode is 0x25 (37), prev opcode is 0xa0 (160), proto: 854): unhandled opcode 37
2c 00 0c 15 8c b9 21 00 8c 53 0a 00 10 64 
a0 96 00 96 00 bc 7f 00 00 00 00 00 00 01 00 00 00 00 00 00 00 00 64 2c 01 
25 00 

ProtocolGame parse message exception (68 bytes, 28 unread, last opcode is 0x25 (37), prev opcode is 0xa0 (160), proto: 854): unhandled opcode 37
44 00 4c 20 22 10 3c 00 8c 53 0a 00 10 64 
a0 96 00 96 00 bc 7f 00 00 00 00 00 00 01 00 00 00 00 00 00 00 00 64 2c 01 
25 00 a0 96 00 96 00 bc 7f 00 00 00 00 00 00 01 00 00 00 00 00 00 00 00 64 2c 01 25 00 

ProtocolGame parse message exception (41 bytes, 1 unread, last opcode is 0x25 (37), prev opcode is 0xa0 (160), proto: 854): unhandled opcode 37
2c 00 0c 15 8c b9 21 00 8c 53 0a 00 10 64 
a0 96 00 96 00 bc 7f 00 00 00 00 00 00 01 00 00 00 00 00 00 00 00 64 2c 01 
25 00 

ProtocolGame parse message exception (2127 bytes, 202 unread, last opcode is 0x25 (37), prev opcode is 0xa0 (160), proto: 854): unhandled opcode 37
54 08 1a 16 56 16 47 08 0a 54 0a 00 10 32 00 00 64 d0 0b d6 0b 07 c8 04 00 ff c2 04 00 ff 0b 06 00 ff a7 01 00 ff a7 01 00 ff a7 01 13 09 00 ff a7 01 00 ff a7 01 00 ff a7 01 00 ff a7 01 00 ff a7 01 00 ff a7 01 00 ff a7 01 00 ff a7 01 00 ff c8 04 00 ff c2 04 00 ff 0b 06 00 ff a7 01 00 ff a7 01 61 00 00 00 00 00 ea 03 00 80 0c 00 4d 65 64 69 63 20 53 65 6c 6c 65 72 64 00 89 01 00 00 00 00 00 00 00 6e 00 00 00 00 01 00 ff a7 01 13 09 00 ff a7 01 00 ff a7 01 00 ff a7 01 00 ff a7 01 00 ff a7 01 00 ff a7 01 00 ff a7 01 00 ff a7 01 00 ff c8 04 00 ff c2 04 00 ff 0b 06 00 ff a7 01 00 ff a7 01 00 ff a7 01 17 09 00 ff a7 01 00 ff a7 01 00 ff a7 01 00 ff a7 01 00 ff a7 01 00 ff a7 01 00 ff a7 01 00 ff a7 01 00 ff c8 04 00 ff c2 04 00 ff bf 04 0b 06 00 ff a7 01 0c 06 00 ff a7 01 0c 06 00 ff a7 01 0c 06 00 ff a7 01 e7 1b 00 ff a7 01 e7 1b 00 ff a7 01 0c 06 00 ff a7 01 0c 06 00 ff a7 01 0c 06 00 ff a7 01 0c 06 00 ff a7 01 0c 06 00 ff a7 01 0c 06 00 ff c8 04 00 ff c2 04 00 ff bf 04 00 ff bf 04 00 ff bf 04 00 ff c4 04 00 ff c8 04 00 ff c8 04 00 ff c2 04 00 ff bf 04 00 ff bf 04 00 ff bf 04 00 ff 0a 06 00 ff a7 01 00 ff c8 04 00 ff c2 04 00 ff bf 04 00 ff bf 04 44 09 00 ff bf 04 45 09 00 ff c4 04 00 ff c8 04 00 ff c8 04 00 ff c2 04 00 ff bf 04 00 ff bf 04 00 ff bf 04 00 ff 0a 06 00 ff a7 01 00 ff c8 04 00 ff c2 04 00 ff bf 04 00 ff bf 04 00 ff bf 04 00 ff c4 04 00 ff c8 04 00 ff c8 04 00 ff c2 04 00 ff bf 04 00 ff bf 04 00 ff bf 04 00 ff 8c 05 00 ff a7 01 00 ff c8 04 00 ff c7 04 00 ff c0 04 00 ff c0 04 00 ff c0 04 00 ff c3 04 00 ff c8 04 00 ff c8 04 00 ff c7 04 00 ff c0 04 00 ff c0 04 00 ff bf 04 00 ff bf 04 0a 06 00 ff a7 01 00 ff c8 04 00 ff c8 04 00 ff c8 04 00 ff c8 04 00 ff c8 04 00 ff c8 04 00 ff c8 04 61 00 00 00 00 00 54 0a 00 10 0f 00 44 65 72 65 67 75 65 20 4a 6f 68 6e 73 6f 6e 64 02 60 01 00 00 00 00 00 00 00 dc 00 00 00 00 01 00 ff c8 04 00 ff c8 04 00 ff c8 04 00 ff c8 04 00 ff c2 04 00 ff bf 04 e8 1b 00 ff a7 01 00 ff c8 04 00 ff c8 04 00 ff c8 04 00 ff c8 04 00 ff c8 04 00 ff c8 04 00 ff c8 04 00 ff c8 04 00 ff c8 04 00 ff c8 04 00 ff c8 04 00 ff c2 04 00 ff bf 04 e8 1b 00 ff a7 01 00 ff c8 04 00 ff c8 04 00 ff c8 04 00 ff c8 04 00 ff c8 04 00 ff c8 04 00 ff c8 04 00 ff c8 04 00 ff c8 04 00 ff c8 04 00 ff c8 04 00 ff c2 04 00 ff bf 04 e8 1b 00 ff a7 01 00 ff c8 04 00 ff c6 04 00 ff c1 04 00 ff c1 04 00 ff c1 04 00 ff c1 04 00 ff c1 04 00 ff c5 04 00 ff c8 04 00 ff c8 04 00 ff c8 04 00 ff c2 04 00 ff 0a 06 00 ff a7 01 00 ff c8 04 00 ff bd 04 00 ff bd 04 00 ff bd 04 00 ff bd 04 00 ff bd 04 00 ff bd 04 00 ff c4 04 00 ff c8 04 00 ff c8 04 00 ff c8 04 00 ff c2 04 00 ff 8c 05 00 ff a7 01 00 ff c8 04 00 ff c2 04 00 ff a3 11 00 ff a3 11 00 ff a8 11 00 ff a3 11 00 ff a3 11 4a 18 00 ff c4 04 00 ff c8 04 00 ff c8 04 00 ff c8 04 00 ff c2 04 00 ff 0a 06 00 ff a7 01 00 ff c8 04 00 ff c2 04 00 ff a3 11 00 ff a3 11 4a 18 00 ff a3 11 1e 0e 00 ff ab 11 00 ff aa 11 00 ff c4 04 00 ff c8 04 00 ff c8 04 00 ff c8 04 00 ff c2 04 00 ff 9f 01 0a 06 00 ff a7 01 09 06 00 ff c8 04 00 ff c2 04 00 ff a9 11 00 ff a5 11 00 ff a8 11 00 ff a3 11 00 ff ad 11 48 18 00 ff c4 04 00 ff c8 04 00 ff c8 04 00 ff c8 04 00 ff c7 04 00 ff c0 04 00 ff c0 04 00 ff c8 04 00 ff c2 04 00 ff a3 11 00 ff ab 11 00 ff b0 11 00 ff a4 11 1e 0e 00 ff b2 11 00 ff c4 04 00 ff c8 04 00 ff c8 04 00 ff c8 04 00 ff c8 04 00 ff c8 04 00 ff c8 04 00 ff c8 04 00 ff c2 04 00 ff a3 11 00 ff b2 11 1e 0e 00 ff a3 11 4a 18 00 ff a3 11 62 0e 00 ff a3 11 4a 18 00 ff c4 04 00 ff c8 04 00 ff c8 04 00 ff c8 04 00 ff c8 04 00 ff c8 04 00 ff c8 04 01 ff 53 05 00 ff a7 01 00 ff a7 01 00 ff a7 01 00 ff a7 01 00 ff a7 01 00 ff a7 01 00 ff a7 01 00 ff a7 01 00 ff a7 01 00 ff a7 01 00 ff a7 01 00 ff a7 01 01 ff 53 05 00 ff a7 01 00 ff a7 01 00 ff a7 01 00 ff a7 01 00 ff a7 01 00 ff a7 01 00 ff a7 01 00 ff a7 01 00 ff a7 01 00 ff a7 01 00 ff a7 01 00 ff a7 01 01 ff 53 05 00 ff a7 01 51 05 00 ff a7 01 51 05 00 ff a7 01 51 05 00 ff a7 01 51 05 00 ff a7 01 51 05 00 ff a7 01 51 05 00 ff a7 01 51 05 00 ff a7 01 51 05 00 ff a7 01 51 05 00 ff a7 01 51 05 00 ff a7 01 00 ff a7 01 0b ff 53 05 00 ff a7 01 00 ff a7 01 0b ff 53 05 00 ff a7 01 38 09 00 ff a7 01 0a 09 0b ff 53 05 32 0a 00 ff a7 01 00 ff a7 01 0b ff 53 05 00 ff a7 01 38 09 00 ff a7 01 0a 09 0b ff 53 05 00 ff a7 01 00 ff a7 01 0b ff 53 05 00 ff a7 01 4c 05 00 ff a7 01 4c 05 0b ff 53 05 00 ff a7 01 83 09 00 ff a7 01 0b ff 53 05 00 ff a7 01 38 09 00 ff a7 01 0b ff 53 05 00 ff a7 01 04 09 00 ff a7 01 08 09 0b ff 53 05 00 ff a7 01 05 09 00 ff a7 01 09 09 0b ff 53 05 00 ff a7 01 4c 05 00 ff a7 01 4c 05 38 ff af 08 00 ff a7 01 69 0a 00 ff a7 01 00 ff a7 01 00 ff a7 01 69 0a 00 ff a7 01 00 ff a7 01 00 ff a7 01 69 0a 00 ff a7 01 00 ff a7 01 00 ff a7 01 69 0a 00 ff a7 01 00 ff a7 01 00 ff a7 01 69 0a 00 ff af 08 00 ff a7 01 b1 08 00 ff a7 01 b1 08 00 ff a7 01 b1 08 00 ff a7 01 b1 08 00 ff a7 01 b1 08 00 ff a7 01 b1 08 00 ff a7 01 b1 08 00 ff a7 01 b1 08 00 ff a7 01 b1 08 00 ff a7 01 b1 08 00 ff a7 01 00 ff a7 01 00 ff a7 01 0a ff af 08 00 ff a7 01 00 ff a7 01 00 ff a7 01 0a ff af 08 00 ff a7 01 00 ff a7 01 00 ff a7 01 69 0a 0a ff af 08 00 ff a7 01 00 ff a7 01 00 ff a7 01 69 0a 0a ff af 08 00 ff a7 01 00 ff a7 01 00 ff a7 01 69 0a 0a ff af 08 00 ff a7 01 00 ff a7 01 00 ff a7 01 69 0a 0a ff af 08 00 ff a7 01 00 ff a7 01 00 ff a7 01 0a ff af 08 00 ff a7 01 00 ff a7 01 00 ff a7 01 69 0a 0a ff af 08 00 ff a7 01 00 ff a7 01 00 ff a7 01 69 0a 0a ff af 08 00 ff a7 01 00 ff a7 01 00 ff a7 01 69 0a 0a ff af 08 00 ff a7 01 00 ff a7 01 00 ff a7 01 69 0a 0a ff af 08 00 ff a7 01 b1 08 00 ff a7 01 b1 08 00 ff a7 01 b1 08 ff ff ff ff ff ff ff ff ff ff 32 ff 78 01 19 0d 79 02 78 03 25 0b 78 04 31 0d 79 05 78 06 05 0d 78 07 24 0d 78 08 e4 0d 79 09 79 0a 
a0 96 00 96 00 bc 7f 00 00 00 00 00 00 01 00 00 00 00 00 00 00 00 64 2c 01 
25 00 a1 0a 00 0a 00 0a 00 0a 00 0a 00 0a 00 0a 00 82 fa d7 8d 54 0a 00 10 00 00 a2 00 00 aa 04 00 00 00 0f 00 44 65 72 65 67 75 65 20 4a 6f 68 6e 73 6f 6e 01 00 13 d0 0b d6 0b 07 06 00 4e 61 72 75 74 6f b4 18 48 00 41 6f 20 70 65 67 61 72 20 61 6c 67 75 6d 61 20 6d 69 73 73 61 6f 2c 20 64 69 67 69 74 65 20 21 6e 6f 6d 65 64 6f 6e 70 63 2c 20 70 61 72 61 20 73 61 62 65 72 20 6f 20 73 74 61 74 75 73 20 64 61 20 6d 65 73 6d 61 2e b4 18 30 00 59 6f 75 72 20 6c 61 73 74 20 76 69 73 69 74 20 77 61 73 20 6f 6e 20 54 75 65 20 4d 61 72 20 30 33 20 31 31 3a 35 32 3a 32 35 20 32 30 32 36 2e 83 d0 0b d6 0b 07 0b 

ProtocolGame parse message exception (41 bytes, 1 unread, last opcode is 0x25 (37), prev opcode is 0xa0 (160), proto: 854): unhandled opcode 37
2c 00 4a 13 79 9a 21 00 8c 54 0a 00 10 64 
a0 96 00 96 00 bc 7f 00 00 00 00 00 00 01 00 00 00 00 00 00 00 00 64 2c 01 
25 00 

ProtocolGame parse message exception (68 bytes, 28 unread, last opcode is 0x25 (37), prev opcode is 0xa0 (160), proto: 854): unhandled opcode 37
44 00 31 1e cf c3 3c 00 8c 54 0a 00 10 64 
a0 96 00 96 00 bc 7f 00 00 00 00 00 00 01 00 00 00 00 00 00 00 00 64 2c 01 
25 00 a0 96 00 96 00 bc 7f 00 00 00 00 00 00 01 00 00 00 00 00 00 00 00 64 2c 01 25 00 

ProtocolGame parse message exception (41 bytes, 1 unread, last opcode is 0x25 (37), prev opcode is 0xa0 (160), proto: 854): unhandled opcode 37
2c 00 4a 13 79 9a 21 00 8c 54 0a 00 10 64 
a0 96 00 96 00 bc 7f 00 00 00 00 00 00 01 00 00 00 00 00 00 00 00 64 2c 01 
25 00 

ProtocolGame parse message exception (68 bytes, 28 unread, last opcode is 0x25 (37), prev opcode is 0xa0 (160), proto: 854): unhandled opcode 37
44 00 31 1e cf c3 3c 00 8c 54 0a 00 10 64 
a0 96 00 96 00 bc 7f 00 00 00 00 00 00 01 00 00 00 00 00 00 00 00 64 2c 01 
25 00 a0 96 00 96 00 bc 7f 00 00 00 00 00 00 01 00 00 00 00 00 00 00 00 64 2c 01 25 00 

ProtocolGame parse message exception (41 bytes, 1 unread, last opcode is 0x25 (37), prev opcode is 0xa0 (160), proto: 854): unhandled opcode 37
2c 00 4a 13 79 9a 21 00 8c 54 0a 00 10 64 
a0 96 00 96 00 bc 7f 00 00 00 00 00 00 01 00 00 00 00 00 00 00 00 64 2c 01 
25 00 

ProtocolGame parse message exception (68 bytes, 28 unread, last opcode is 0x25 (37), prev opcode is 0xa0 (160), proto: 854): unhandled opcode 37
44 00 31 1e cf c3 3c 00 8c 54 0a 00 10 64 
a0 96 00 96 00 bc 7f 00 00 00 00 00 00 01 00 00 00 00 00 00 00 00 64 2c 01 
25 00 a0 96 00 96 00 bc 7f 00 00 00 00 00 00 01 00 00 00 00 00 00 00 00 64 2c 01 25 00 

ProtocolGame parse message exception (41 bytes, 1 unread, last opcode is 0x25 (37), prev opcode is 0xa0 (160), proto: 854): unhandled opcode 37
2c 00 4a 13 79 9a 21 00 8c 54 0a 00 10 64 
a0 96 00 96 00 bc 7f 00 00 00 00 00 00 01 00 00 00 00 00 00 00 00 64 2c 01 
25 00 

ProtocolGame parse message exception (68 bytes, 28 unread, last opcode is 0x25 (37), prev opcode is 0xa0 (160), proto: 854): unhandled opcode 37
44 00 31 1e cf c3 3c 00 8c 54 0a 00 10 64 
a0 96 00 96 00 bc 7f 00 00 00 00 00 00 01 00 00 00 00 00 00 00 00 64 2c 01 
25 00 a0 96 00 96 00 bc 7f 00 00 00 00 00 00 01 00 00 00 00 00 00 00 00 64 2c 01 25 00 

ProtocolGame parse message exception (1954 bytes, 29 unread, last opcode is 0x25 (37), prev opcode is 0xa0 (160), proto: 854): unhandled opcode 37
a4 07 e3 bb c2 97 9a 07 0a 54 0a 00 10 32 00 00 64 d0 0b d6 0b 07 c8 04 00 ff c2 04 00 ff 0b 06 00 ff a7 01 00 ff a7 01 00 ff a7 01 13 09 00 ff a7 01 00 ff a7 01 00 ff a7 01 00 ff a7 01 00 ff a7 01 00 ff a7 01 00 ff a7 01 00 ff a7 01 00 ff c8 04 00 ff c2 04 00 ff 0b 06 00 ff a7 01 00 ff a7 01 61 00 00 00 00 00 ea 03 00 80 0c 00 4d 65 64 69 63 20 53 65 6c 6c 65 72 64 00 89 01 00 00 00 00 00 00 00 6e 00 00 00 00 01 00 ff a7 01 13 09 00 ff a7 01 00 ff a7 01 00 ff a7 01 00 ff a7 01 00 ff a7 01 00 ff a7 01 00 ff a7 01 00 ff a7 01 00 ff c8 04 00 ff c2 04 00 ff 0b 06 00 ff a7 01 00 ff a7 01 00 ff a7 01 17 09 00 ff a7 01 00 ff a7 01 00 ff a7 01 00 ff a7 01 00 ff a7 01 00 ff a7 01 00 ff a7 01 00 ff a7 01 00 ff c8 04 00 ff c2 04 00 ff bf 04 0b 06 00 ff a7 01 0c 06 00 ff a7 01 0c 06 00 ff a7 01 0c 06 00 ff a7 01 e7 1b 00 ff a7 01 e7 1b 00 ff a7 01 0c 06 00 ff a7 01 0c 06 00 ff a7 01 0c 06 00 ff a7 01 0c 06 00 ff a7 01 0c 06 00 ff a7 01 0c 06 00 ff c8 04 00 ff c2 04 00 ff bf 04 00 ff bf 04 00 ff bf 04 00 ff c4 04 00 ff c8 04 00 ff c8 04 00 ff c2 04 00 ff bf 04 00 ff bf 04 00 ff bf 04 00 ff 0a 06 00 ff a7 01 00 ff c8 04 00 ff c2 04 00 ff bf 04 00 ff bf 04 44 09 00 ff bf 04 45 09 00 ff c4 04 00 ff c8 04 00 ff c8 04 00 ff c2 04 00 ff bf 04 00 ff bf 04 00 ff bf 04 00 ff 0a 06 00 ff a7 01 00 ff c8 04 00 ff c2 04 00 ff bf 04 00 ff bf 04 00 ff bf 04 00 ff c4 04 00 ff c8 04 00 ff c8 04 00 ff c2 04 00 ff bf 04 00 ff bf 04 00 ff bf 04 00 ff 8c 05 00 ff a7 01 00 ff c8 04 00 ff c7 04 00 ff c0 04 00 ff c0 04 00 ff c0 04 00 ff c3 04 00 ff c8 04 00 ff c8 04 00 ff c7 04 00 ff c0 04 00 ff c0 04 00 ff bf 04 00 ff bf 04 0a 06 00 ff a7 01 00 ff c8 04 00 ff c8 04 00 ff c8 04 00 ff c8 04 00 ff c8 04 00 ff c8 04 00 ff c8 04 61 00 00 00 00 00 54 0a 00 10 0f 00 44 65 72 65 67 75 65 20 4a 6f 68 6e 73 6f 6e 64 02 60 01 00 00 00 00 00 00 00 dc 00 00 00 00 01 00 ff c8 04 00 ff c8 04 00 ff c8 04 00 ff c8 04 00 ff c2 04 00 ff bf 04 e8 1b 00 ff a7 01 00 ff c8 04 00 ff c8 04 00 ff c8 04 00 ff c8 04 00 ff c8 04 00 ff c8 04 00 ff c8 04 00 ff c8 04 00 ff c8 04 00 ff c8 04 00 ff c8 04 00 ff c2 04 00 ff bf 04 e8 1b 00 ff a7 01 00 ff c8 04 00 ff c8 04 00 ff c8 04 00 ff c8 04 00 ff c8 04 00 ff c8 04 00 ff c8 04 00 ff c8 04 00 ff c8 04 00 ff c8 04 00 ff c8 04 00 ff c2 04 00 ff bf 04 e8 1b 00 ff a7 01 00 ff c8 04 00 ff c6 04 00 ff c1 04 00 ff c1 04 00 ff c1 04 00 ff c1 04 00 ff c1 04 00 ff c5 04 00 ff c8 04 00 ff c8 04 00 ff c8 04 00 ff c2 04 00 ff 0a 06 00 ff a7 01 00 ff c8 04 00 ff bd 04 00 ff bd 04 00 ff bd 04 00 ff bd 04 00 ff bd 04 00 ff bd 04 00 ff c4 04 00 ff c8 04 00 ff c8 04 00 ff c8 04 00 ff c2 04 00 ff 8c 05 00 ff a7 01 00 ff c8 04 00 ff c2 04 00 ff a3 11 00 ff a3 11 00 ff a8 11 00 ff a3 11 00 ff a3 11 4a 18 00 ff c4 04 00 ff c8 04 00 ff c8 04 00 ff c8 04 00 ff c2 04 00 ff 0a 06 00 ff a7 01 00 ff c8 04 00 ff c2 04 00 ff a3 11 00 ff a3 11 4a 18 00 ff a3 11 1e 0e 00 ff ab 11 00 ff aa 11 00 ff c4 04 00 ff c8 04 00 ff c8 04 00 ff c8 04 00 ff c2 04 00 ff 9f 01 0a 06 00 ff a7 01 09 06 00 ff c8 04 00 ff c2 04 00 ff a9 11 00 ff a5 11 00 ff a8 11 00 ff a3 11 00 ff ad 11 48 18 00 ff c4 04 00 ff c8 04 00 ff c8 04 00 ff c8 04 00 ff c7 04 00 ff c0 04 00 ff c0 04 00 ff c8 04 00 ff c2 04 00 ff a3 11 00 ff ab 11 00 ff b0 11 00 ff a4 11 1e 0e 00 ff b2 11 00 ff c4 04 00 ff c8 04 00 ff c8 04 00 ff c8 04 00 ff c8 04 00 ff c8 04 00 ff c8 04 00 ff c8 04 00 ff c2 04 00 ff a3 11 00 ff b2 11 1e 0e 00 ff a3 11 4a 18 00 ff a3 11 62 0e 00 ff a3 11 4a 18 00 ff c4 04 00 ff c8 04 00 ff c8 04 00 ff c8 04 00 ff c8 04 00 ff c8 04 00 ff c8 04 01 ff 53 05 00 ff a7 01 00 ff a7 01 00 ff a7 01 00 ff a7 01 00 ff a7 01 00 ff a7 01 00 ff a7 01 00 ff a7 01 00 ff a7 01 00 ff a7 01 00 ff a7 01 00 ff a7 01 01 ff 53 05 00 ff a7 01 00 ff a7 01 00 ff a7 01 00 ff a7 01 00 ff a7 01 00 ff a7 01 00 ff a7 01 00 ff a7 01 00 ff a7 01 00 ff a7 01 00 ff a7 01 00 ff a7 01 01 ff 53 05 00 ff a7 01 51 05 00 ff a7 01 51 05 00 ff a7 01 51 05 00 ff a7 01 51 05 00 ff a7 01 51 05 00 ff a7 01 51 05 00 ff a7 01 51 05 00 ff a7 01 51 05 00 ff a7 01 51 05 00 ff a7 01 51 05 00 ff a7 01 00 ff a7 01 0b ff 53 05 00 ff a7 01 00 ff a7 01 0b ff 53 05 00 ff a7 01 38 09 00 ff a7 01 0a 09 0b ff 53 05 32 0a 00 ff a7 01 00 ff a7 01 0b ff 53 05 00 ff a7 01 38 09 00 ff a7 01 0a 09 0b ff 53 05 00 ff a7 01 00 ff a7 01 0b ff 53 05 00 ff a7 01 4c 05 00 ff a7 01 4c 05 0b ff 53 05 00 ff a7 01 83 09 00 ff a7 01 0b ff 53 05 00 ff a7 01 38 09 00 ff a7 01 0b ff 53 05 00 ff a7 01 04 09 00 ff a7 01 08 09 0b ff 53 05 00 ff a7 01 05 09 00 ff a7 01 09 09 0b ff 53 05 00 ff a7 01 4c 05 00 ff a7 01 4c 05 38 ff af 08 00 ff a7 01 69 0a 00 ff a7 01 00 ff a7 01 00 ff a7 01 69 0a 00 ff a7 01 00 ff a7 01 00 ff a7 01 69 0a 00 ff a7 01 00 ff a7 01 00 ff a7 01 69 0a 00 ff a7 01 00 ff a7 01 00 ff a7 01 69 0a 00 ff af 08 00 ff a7 01 b1 08 00 ff a7 01 b1 08 00 ff a7 01 b1 08 00 ff a7 01 b1 08 00 ff a7 01 b1 08 00 ff a7 01 b1 08 00 ff a7 01 b1 08 00 ff a7 01 b1 08 00 ff a7 01 b1 08 00 ff a7 01 b1 08 00 ff a7 01 00 ff a7 01 00 ff a7 01 0a ff af 08 00 ff a7 01 00 ff a7 01 00 ff a7 01 0a ff af 08 00 ff a7 01 00 ff a7 01 00 ff a7 01 69 0a 0a ff af 08 00 ff a7 01 00 ff a7 01 00 ff a7 01 69 0a 0a ff af 08 00 ff a7 01 00 ff a7 01 00 ff a7 01 69 0a 0a ff af 08 00 ff a7 01 00 ff a7 01 00 ff a7 01 69 0a 0a ff af 08 00 ff a7 01 00 ff a7 01 00 ff a7 01 0a ff af 08 00 ff a7 01 00 ff a7 01 00 ff a7 01 69 0a 0a ff af 08 00 ff a7 01 00 ff a7 01 00 ff a7 01 69 0a 0a ff af 08 00 ff a7 01 00 ff a7 01 00 ff a7 01 69 0a 0a ff af 08 00 ff a7 01 00 ff a7 01 00 ff a7 01 69 0a 0a ff af 08 00 ff a7 01 b1 08 00 ff a7 01 b1 08 00 ff a7 01 b1 08 ff ff ff ff ff ff ff ff ff ff 32 ff 78 01 19 0d 79 02 78 03 25 0b 78 04 31 0d 79 05 78 06 05 0d 78 07 24 0d 78 08 e4 0d 79 09 79 0a 
a0 96 00 96 00 bc 7f 00 00 00 00 00 00 01 00 00 00 00 00 00 00 00 64 2c 01 
25 00 a1 0a 00 0a 00 0a 00 0a 00 0a 00 0a 00 0a 00 82 fa d7 8d 54 0a 00 10 00 00 a2 00 00 

ProtocolGame parse message exception (41 bytes, 1 unread, last opcode is 0x25 (37), prev opcode is 0xa0 (160), proto: 854): unhandled opcode 37
2c 00 88 12 48 70 21 00 8c 54 0a 00 10 64 
a0 96 00 96 00 bc 7f 00 00 00 00 00 00 01 00 00 00 00 00 00 00 00 64 2c 01 
25 00 

ProtocolGame parse message exception (68 bytes, 28 unread, last opcode is 0x25 (37), prev opcode is 0xa0 (160), proto: 854): unhandled opcode 37
44 00 9b 20 ff e4 3c 00 8c 54 0a 00 10 64 
a0 96 00 96 00 bc 7f 00 00 00 00 00 00 01 00 00 00 00 00 00 00 00 64 2c 01 
25 00 a0 96 00 96 00 bc 7f 00 00 00 00 00 00 01 00 00 00 00 00 00 00 00 64 2c 01 25 00 

ProtocolGame parse message exception (41 bytes, 1 unread, last opcode is 0x25 (37), prev opcode is 0xa0 (160), proto: 854): unhandled opcode 37
2c 00 88 12 48 70 21 00 8c 54 0a 00 10 64 
a0 96 00 96 00 bc 7f 00 00 00 00 00 00 01 00 00 00 00 00 00 00 00 64 2c 01 
25 00 

ProtocolGame parse message exception (68 bytes, 28 unread, last opcode is 0x25 (37), prev opcode is 0xa0 (160), proto: 854): unhandled opcode 37
44 00 9b 20 ff e4 3c 00 8c 54 0a 00 10 64 
a0 96 00 96 00 bc 7f 00 00 00 00 00 00 01 00 00 00 00 00 00 00 00 64 2c 01 
25 00 a0 96 00 96 00 bc 7f 00 00 00 00 00 00 01 00 00 00 00 00 00 00 00 64 2c 01 25 00 

ProtocolGame parse message exception (72 bytes, 32 unread, last opcode is 0x25 (37), prev opcode is 0xa0 (160), proto: 854): unhandled opcode 37
4c 00 21 22 d2 58 40 00 8c 54 0a 00 10 64 
a0 96 00 96 00 bc 7f 00 00 00 00 00 00 01 00 00 00 00 00 00 00 00 64 2c 01 
25 00 32 65 1b 00 31 7c 30 7c 31 30 30 7c 30 7c 31 7c 31 7c 31 7c 30 7c 31 35 30 7c 30 7c 32 30 30 

ProtocolGame parse message exception (70 bytes, 29 unread, last opcode is 0x25 (37), prev opcode is 0xa0 (160), proto: 854): unhandled opcode 37
44 00 94 21 a3 54 3e 00 a3 8c 54 0a 00 10 64 
a0 96 00 96 00 bc 7f 00 00 00 00 00 00 01 00 00 00 00 00 00 00 00 64 2c 01 
25 00 a0 96 00 96 00 bc 7f 00 00 00 00 00 00 01 00 00 00 00 00 00 00 00 64 2c 01 25 00 a3 

ProtocolGame parse message exception (7127 bytes, 533 unread, last opcode is 0x89 (137), prev opcode is 0x85 (133), proto: 854): unhandled opcode 137
dc 1b 06 d0 1f 31 cf 1b 0a 3a 0a 00 10 32 00 00 64 d0 0b e1 0b 07 a7 01 00 ff a7 01 00 ff a7 01 00 ff a7 01 0b 06 00 ff a7 01 81 09 00 ff a7 01 00 ff a7 01 00 ff a7 01 00 ff a7 01 00 ff a7 01 0b 06 00 ff a7 01 81 09 00 ff a7 01 00 ff a7 01 00 ff a7 01 00 ff a7 01 00 ff 0a 06 00 ff a3 11 00 ff ab 11 00 ff aa 11 4a 18 00 ff ae 11 00 ff a3 11 4a 18 00 ff ae 11 31 07 00 ff c4 04 00 ff a7 01 00 ff a7 01 00 ff a7 01 00 ff a7 01 0b 06 46 0a 00 ff a7 01 00 ff a7 01 00 ff a7 01 00 ff a7 01 00 ff a7 01 00 ff a7 01 0b 06 4c 0a 00 ff a7 01 00 ff a7 01 00 ff a7 01 00 ff a7 01 00 ff a7 01 00 ff 8c 05 00 ff aa 11 4a 18 00 ff a7 11 64 0e 00 ff a5 11 49 18 00 ff a3 11 00 ff a3 11 62 0e 00 ff a9 11 47 18 00 ff c4 04 00 ff a7 01 00 ff a7 01 00 ff a7 01 00 ff a7 01 0b 06 00 ff a7 01 00 ff a7 01 00 ff a7 01 00 ff a7 01 00 ff a7 01 00 ff a7 01 0b 06 00 ff a7 01 00 ff a7 01 00 ff a7 01 00 ff a7 01 00 ff a7 01 00 ff 0a 06 00 ff a3 11 00 ff b0 11 00 ff a3 11 00 ff ab 11 49 18 00 ff ae 11 00 ff a3 11 00 ff c4 04 61 00 00 00 00 00 f9 03 00 80 10 00 47 61 61 72 61 28 50 72 6f 66 65 73 73 6f 72 29 64 01 08 00 00 00 00 00 00 00 00 6e 00 00 00 00 01 00 ff a7 01 00 ff a7 01 00 ff a7 01 00 ff a7 01 0b 06 00 ff a7 01 0c 06 00 ff a7 01 0c 06 00 ff a7 01 0c 06 e8 07 00 ff a7 01 5d 06 00 ff a7 01 0c 06 00 ff a7 01 0e 06 00 ff a7 01 0c 06 00 ff a7 01 0c 06 00 ff a7 01 0c 06 e8 07 00 ff a7 01 5d 06 00 ff a7 01 0c 06 00 ff 0e 06 00 ff aa 11 4a 18 00 ff b0 11 4a 18 00 ff a5 11 00 ff a3 11 61 0e 00 ff a3 11 73 0e 00 ff a7 11 00 ff c4 04 42 09 00 ff a7 01 00 ff a7 01 00 ff a7 01 00 ff a7 01 00 ff a7 01 00 ff a7 01 00 ff a7 01 00 ff a7 01 00 ff a7 01 00 ff a7 01 00 ff a7 01 00 ff a7 01 00 ff a7 01 00 ff a7 01 00 ff a7 01 00 ff 0a 06 00 ff a3 11 00 ff ad 11 62 0e 00 ff a3 11 00 ff b1 11 4a 18 4a 18 00 ff b0 11 00 ff a7 11 00 ff c4 04 43 09 00 ff a7 01 00 ff a7 01 00 ff a7 01 00 ff a7 01 00 ff a7 01 00 ff a7 01 00 ff a7 01 00 ff a7 01 00 ff a7 01 00 ff a7 01 00 ff a7 01 00 ff a7 01 00 ff a7 01 00 ff a7 01 00 ff a7 01 00 ff 0a 06 00 ff a4 11 61 0e 00 ff a3 11 4a 18 00 ff a3 11 00 ff a3 11 00 ff a8 11 00 ff a3 11 4a 18 00 ff c4 04 00 ff a7 01 00 ff a7 01 00 ff a7 01 00 ff a7 01 00 ff a7 01 00 ff a7 01 00 ff a7 01 00 ff a7 01 00 ff a7 01 00 ff a7 01 00 ff a7 01 00 ff a7 01 00 ff a7 01 00 ff a7 01 00 ff a7 01 00 ff 8c 05 00 ff a3 11 00 ff a4 11 4a 18 00 ff a3 11 00 ff a3 11 00 ff a3 11 21 0e 00 ff ae 11 00 ff c4 04 00 ff a7 01 00 ff a7 01 00 ff a7 01 00 ff a7 01 00 ff a7 01 00 ff a7 01 00 ff a7 01 00 ff a7 01 00 ff a7 01 00 ff a7 01 00 ff a7 01 00 ff a7 01 00 ff a7 01 00 ff a7 01 00 ff a7 01 00 ff 0a 06 00 ff a9 11 48 18 00 ff a3 11 62 0e 00 ff a3 11 00 ff a3 11 4a 18 4a 18 00 ff a4 11 4a 18 00 ff ae 11 00 ff c4 04 00 ff a7 01 00 ff a7 01 00 ff a7 01 00 ff a7 01 00 ff a7 01 00 ff a7 01 00 ff a7 01 00 ff a7 01 00 ff a7 01 00 ff a7 01 00 ff a7 01 00 ff a7 01 00 ff a7 01 00 ff a7 01 00 ff a7 01 00 ff 0a 06 00 ff ab 11 61 00 00 00 00 00 06 04 00 80 12 00 54 65 6d 61 72 69 28 50 72 6f 66 65 73 73 6f 72 61 29 64 00 52 00 00 00 00 00 00 00 00 6e 00 00 00 00 01 00 ff b1 11 48 18 00 ff a4 11 4a 18 00 ff a3 11 00 ff a9 11 00 ff a3 11 4a 18 49 18 00 ff c4 04 00 ff a7 01 00 ff a7 01 00 ff a7 01 00 ff a7 01 00 ff a7 01 00 ff a7 01 00 ff a7 01 00 ff a7 01 00 ff a7 01 00 ff a7 01 00 ff a7 01 00 ff a7 01 00 ff a7 01 00 ff a7 01 00 ff a7 01 00 ff a3 11 0a 06 00 ff b0 11 4a 18 00 ff a4 11 00 ff a3 11 4a 18 00 ff a5 11 62 0e 00 ff b2 11 00 ff a3 11 4a 18 00 ff c4 04 00 ff a7 01 e7 1b 00 ff a7 01 e7 1b 00 ff a7 01 0c 06 00 ff a7 01 0c 06 00 ff a7 01 0c 06 00 ff a7 01 0c 06 00 ff a7 01 0c 06 00 ff a7 01 0c 06 00 ff a7 01 0c 06 00 ff a7 01 5d 06 00 ff a7 01 0c 06 00 ff a7 01 0c 06 00 ff a7 01 5d 06 00 ff a7 01 0c 06 00 ff a7 01 0c 06 00 ff a3 11 0e 06 00 ff 0c 06 00 ff 0c 06 00 ff 0c 06 00 ff 0c 06 00 ff 0c 06 00 ff a3 11 0c 06 00 ff c4 04 00 ff c8 04 00 ff c8 04 00 ff c2 04 00 ff bf 04 00 ff bf 04 00 ff bf 04 00 ff 0a 06 00 ff a7 01 00 ff a7 01 00 ff a7 01 00 ff a7 01 00 ff a7 01 00 ff a7 01 00 ff a7 01 00 ff a7 01 00 ff a7 01 0a 06 00 ff c9 04 0d 09 f9 0d 05 00 ff c9 04 00 ff c9 04 00 ff c9 04 16 09 00 ff c9 04 00 ff c9 04 2e 0a 00 ff c4 04 00 ff c8 04 00 ff c8 04 00 ff c2 04 00 ff bf 04 00 ff bf 04 00 ff bf 04 00 ff 0a 06 00 ff a7 01 00 ff a7 01 00 ff a7 01 00 ff a7 01 00 ff a7 01 00 ff a7 01 00 ff a7 01 00 ff a7 01 00 ff a7 01 0a 06 00 ff c9 04 0e 09 ff 0d 01 00 ff c9 04 00 ff c9 04 00 ff c9 04 13 09 00 ff c9 04 00 ff c9 04 2f 0a 00 ff c4 04 00 ff c8 04 00 ff c8 04 00 ff c2 04 00 ff bf 04 00 ff bf 04 00 ff bf 04 00 ff 8c 05 00 ff a7 01 00 ff a7 01 00 ff a7 01 00 ff a7 01 00 ff a7 01 00 ff a7 01 00 ff a7 01 00 ff a7 01 00 ff a7 01 0a 06 00 ff c9 04 0e 09 00 ff c9 04 00 ff c9 04 00 ff c9 04 13 09 00 ff c9 04 00 ff c9 04 30 0a 00 ff c4 04 00 ff c8 04 00 ff c8 04 00 ff c7 04 00 ff c0 04 00 ff c0 04 00 ff bf 04 00 ff bf 04 0a 06 00 ff a7 01 00 ff a7 01 00 ff a7 01 00 ff a7 01 00 ff a7 01 00 ff a7 01 00 ff a7 01 00 ff a7 01 00 ff a7 01 0a 06 00 ff c9 04 00 ff c9 04 00 ff c9 04 00 ff c9 04 13 09 00 ff c9 04 00 ff c9 04 31 0a 00 ff c4 04 00 ff c8 04 00 ff c8 04 00 ff c8 04 00 ff c8 04 00 ff c8 04 00 ff c2 04 00 ff bf 04 e8 1b 00 ff a7 01 00 ff a7 01 00 ff a7 01 00 ff a7 01 00 ff a7 01 61 00 00 00 00 00 3a 0a 00 10 0a 00 61 61 61 61 61 61 64 73 61 64 64 02 66 01 00 00 00 00 00 00 00 dc 00 00 00 00 01 00 ff a7 01 00 ff a7 01 00 ff a7 01 00 ff a7 01 0a 06 00 ff c9 04 00 ff c9 04 00 ff c9 04 61 00 00 00 00 00 ef 03 00 80 08 00 49 63 68 69 72 61 6b 75 64 00 8f 01 00 00 00 00 00 00 00 6e 00 00 00 00 01 00 ff c9 04 13 09 00 ff c9 04 00 ff c9 04 2e 0a 00 ff c4 04 00 ff c8 04 00 ff c8 04 00 ff c8 04 00 ff c8 04 00 ff c8 04 00 ff c2 04 00 ff bf 04 e8 1b 00 ff a7 01 00 ff a7 01 00 ff a7 01 00 ff a7 01 00 ff a7 01 00 ff a7 01 00 ff a7 01 00 ff a7 01 00 ff a7 01 0a 06 00 ff c9 04 00 ff c9 04 00 ff c9 04 00 ff c9 04 13 09 00 ff c9 04 00 ff c9 04 30 0a 00 ff c4 04 00 ff c8 04 00 ff c8 04 00 ff c8 04 00 ff c8 04 00 ff c8 04 00 ff c2 04 00 ff bf 04 e8 1b 00 ff a7 01 00 ff a7 01 00 ff a7 01 00 ff a7 01 00 ff a7 01 00 ff a7 01 00 ff a7 01 00 ff a7 01 00 ff a7 01 0a 06 00 ff c9 04 00 ff c9 04 00 ff c9 04 00 ff c9 04 13 09 00 ff c9 04 00 ff c9 04 31 0a 00 ff c4 04 00 ff c1 04 00 ff c5 04 00 ff c8 04 00 ff c8 04 00 ff c8 04 00 ff c2 04 00 ff 0a 06 00 ff a7 01 00 ff a7 01 00 ff a7 01 00 ff a7 01 00 ff a7 01 00 ff a7 01 00 ff a7 01 00 ff a7 01 00 ff a7 01 0a 06 00 ff c9 04 00 ff c9 04 00 ff c9 04 00 ff c9 04 13 09 00 ff c9 04 00 ff c9 04 2f 0a 00 ff c4 04 00 ff bd 04 00 ff c4 04 00 ff c8 04 00 ff c8 04 00 ff c8 04 00 ff c2 04 00 ff 8c 05 00 ff a7 01 00 ff a7 01 00 ff a7 01 00 ff a7 01 00 ff a7 01 00 ff a7 01 00 ff a7 01 00 ff a7 01 00 ff a7 01 0a 06 00 ff c9 04 00 ff c9 04 00 ff c9 04 00 ff c9 04 13 09 00 ff c9 04 00 ff c9 04 31 0a 00 ff c4 04 00 ff a3 11 4a 18 00 ff c4 04 00 ff c8 04 00 ff c8 04 00 ff c8 04 00 ff c2 04 00 ff 0a 06 00 ff a7 01 00 ff a7 01 00 ff a7 01 00 ff a7 01 00 ff a7 01 00 ff a7 01 00 ff a7 01 00 ff a7 01 00 ff a7 01 0a 06 00 ff c9 04 00 ff c9 04 00 ff c9 04 00 ff c9 04 17 09 00 ff c9 04 00 ff c9 04 2e 0a 00 ff c4 04 00 ff a3 11 00 ff c4 04 00 ff c8 04 00 ff c8 04 00 ff c8 04 00 ff c2 04 00 ff 9f 01 0a 06 00 ff a7 01 09 06 00 ff a7 01 09 06 00 ff a7 01 8b 05 00 ff a7 01 09 06 00 ff a7 01 09 06 00 ff a7 01 8b 05 00 ff a7 01 09 06 00 ff 09 06 00 ff 0e 06 00 ff c9 04 0c 06 00 ff c9 04 0c 06 00 ff c9 04 0c 06 00 ff c9 04 0c 06 00 ff c9 04 0c 06 00 ff c9 04 0c 06 30 0a 00 ff c4 04 00 ff a3 11 48 18 00 ff c4 04 00 ff c8 04 00 ff c8 04 00 ff c8 04 00 ff c7 04 00 ff c0 04 00 ff c0 04 00 ff c0 04 00 ff c0 04 00 ff c0 04 00 ff c0 04 00 ff c0 04 00 ff c0 04 00 ff c0 04 00 ff c0 04 00 ff c0 04 00 ff c0 04 00 ff c0 04 00 ff c0 04 00 ff c0 04 00 ff c0 04 00 ff c3 04 00 ff a5 11 00 ff c4 04 00 ff c8 04 00 ff c8 04 00 ff c8 04 00 ff c8 04 00 ff c8 04 00 ff c8 04 00 ff c8 04 00 ff c8 04 00 ff c8 04 00 ff c8 04 00 ff c8 04 00 ff c8 04 00 ff c8 04 00 ff c8 04 00 ff c8 04 00 ff c8 04 00 ff c8 04 00 ff c8 04 00 ff c8 04 00 ff c8 04 00 ff c8 04 00 ff a3 11 4a 18 00 ff c4 04 00 ff c8 04 00 ff c8 04 00 ff c8 04 00 ff c8 04 00 ff c8 04 00 ff c8 04 00 ff c8 04 00 ff c8 04 00 ff c8 04 00 ff c8 04 00 ff c8 04 00 ff c8 04 00 ff c8 04 00 ff c8 04 00 ff c8 04 00 ff c8 04 00 ff c8 04 00 ff c8 04 00 ff c8 04 00 ff c8 04 00 ff c8 04 00 ff af 11 00 ff c4 04 00 ff c8 04 00 ff c8 04 00 ff c8 04 00 ff c8 04 00 ff c8 04 00 ff c8 04 00 ff c8 04 00 ff c8 04 00 ff c8 04 00 ff c8 04 00 ff c8 04 00 ff c8 04 00 ff c8 04 00 ff c8 04 00 ff c8 04 00 ff c8 04 00 ff c8 04 00 ff c8 04 00 ff c8 04 00 ff c8 04 00 ff c8 04 00 ff a3 11 00 ff be 04 00 ff c1 04 00 ff c1 04 00 ff c1 04 00 ff c1 04 00 ff c1 04 00 ff c1 04 00 ff c1 04 00 ff c1 04 00 ff c1 04 00 ff c1 04 00 ff c1 04 00 ff c1 04 00 ff c1 04 00 ff c1 04 00 ff c1 04 00 ff c1 04 00 ff c1 04 00 ff c1 04 00 ff c1 04 00 ff c1 04 00 ff c5 04 00 ff a9 11 00 ff 9f 01 00 ff bc 04 00 ff bc 04 00 ff bc 04 00 ff bc 04 00 ff bc 04 00 ff bc 04 00 ff bc 04 00 ff bc 04 00 ff bc 04 00 ff bc 04 00 ff bc 04 00 ff bc 04 00 ff bc 04 00 ff bc 04 00 ff bc 04 00 ff bc 04 00 ff bc 04 00 ff bc 04 00 ff bc 04 00 ff 9f 01 00 ff c4 04 00 ff ac 11 0f 06 00 ff bc 04 b4 11 00 ff bc 04 b4 11 00 ff bc 04 b4 11 00 ff bc 04 b4 11 00 ff bc 04 b4 11 00 ff bc 04 b4 11 00 ff bc 04 0f 06 00 ff bc 04 e7 1b 00 ff bc 04 e7 1b 00 ff bc 04 e7 1b 00 ff 0f 06 e7 1b 00 ff 0c 06 00 ff 0c 06 00 ff 0c 06 00 ff 0c 06 00 ff 0c 06 00 ff 0c 06 00 ff 0c 06 00 ff 0c 06 00 ff 0c 06 00 ff bd 04 0c 06 00 ff c4 04 00 ff b2 11 00 ff a3 11 62 0e 00 ff a3 11 00 ff b0 11 00 ff a4 11 4a 18 00 ff a6 11 00 ff ad 11 62 0e 00 ff a7 01 0b 06 00 ff a7 01 00 ff a7 01 00 ff a7 01 00 ff a7 01 0b 06 00 ff a7 01 0d 09 ab 0d ae 0d 00 ff a7 01 00 ff a7 01 00 ff a7 01 00 ff a7 01 0b 06 00 ff a7 01 0d 09 ab 0d ae 0d 00 ff a7 01 00 ff a7 01 00 ff a7 01 00 ff a7 01 0b 06 00 ff c4 04 00 ff a3 11 00 ff aa 11 00 ff a3 11 4a 18 00 ff ad 11 00 ff a3 11 00 ff a9 11 00 ff a3 11 73 0e 00 ff a7 01 0b 06 00 ff a7 01 00 ff a7 01 00 ff a7 01 00 ff a7 01 0b 06 00 ff a7 01 0e 09 00 ff a7 01 b1 08 00 ff a7 01 b1 08 00 ff a7 01 00 ff a7 01 0b 06 00 ff a7 01 0e 09 00 ff a7 01 b1 08 00 ff a7 01 b1 08 00 ff a7 01 00 ff a7 01 0b 06 00 ff c4 04 00 ff a7 01 00 ff a7 01 00 ff a7 01 53 05 49 0a 00 ff a7 01 00 ff a7 01 00 ff a7 01 00 ff a7 01 00 ff a7 01 00 ff a7 01 53 05 49 0a 00 ff a7 01 00 ff a7 01 00 ff a7 01 00 ff a7 01 00 ff a7 01 00 ff a7 01 53 05 08 ff a7 01 00 ff a7 01 00 ff a7 01 53 05 00 ff a7 01 00 ff a7 01 00 ff a7 01 00 ff a7 01 00 ff a7 01 00 ff a7 01 53 05 00 ff a7 01 00 ff a7 01 00 ff a7 01 00 ff a7 01 00 ff a7 01 00 ff a7 01 53 05 08 ff a7 01 00 ff a7 01 00 ff a7 01 53 05 00 ff a7 01 51 05 00 ff a7 01 51 05 00 ff a7 01 51 05 e8 07 00 ff a7 01 5d 06 00 ff a7 01 51 05 00 ff a7 01 52 05 00 ff a7 01 51 05 00 ff a7 01 51 05 00 ff a7 01 51 05 e8 07 00 ff a7 01 5d 06 00 ff a7 01 51 05 00 ff a7 01 52 05 08 ff a7 01 00 ff a7 01 00 ff a7 01 00 ff a7 01 00 ff a7 01 00 ff a7 01 00 ff a7 01 00 ff a7 01 00 ff a7 01 00 ff a7 01 00 ff a7 01 00 ff a7 01 00 ff a7 01 00 ff a7 01 00 ff a7 01 53 05 08 ff a7 01 00 ff a7 01 00 ff a7 01 00 ff a7 01 00 ff a7 01 00 ff a7 01 00 ff a7 01 00 ff a7 01 00 ff a7 01 00 ff a7 01 00 ff a7 01 00 ff a7 01 00 ff a7 01 00 ff a7 01 00 ff a7 01 53 05 08 ff a7 01 00 ff a7 01 00 ff a7 01 00 ff a7 01 00 ff a7 01 00 ff a7 01 00 ff a7 01 00 ff a7 01 00 ff a7 01 00 ff a7 01 00 ff a7 01 00 ff a7 01 00 ff a7 01 00 ff a7 01 00 ff a7 01 53 05 08 ff a7 01 00 ff a7 01 00 ff a7 01 00 ff a7 01 00 ff a7 01 00 ff a7 01 00 ff a7 01 00 ff a7 01 00 ff a7 01 00 ff a7 01 00 ff a7 01 00 ff a7 01 00 ff a7 01 9b 07 00 ff a7 01 00 ff a7 01 53 05 08 ff a7 01 00 ff a7 01 00 ff a7 01 00 ff a7 01 00 ff a7 01 00 ff a7 01 00 ff a7 01 00 ff a7 01 00 ff a7 01 00 ff a7 01 00 ff a7 01 00 ff a7 01 00 ff a7 01 9b 07 00 ff a7 01 00 ff a7 01 53 05 08 ff a7 01 00 ff a7 01 00 ff a7 01 00 ff a7 01 00 ff a7 01 00 ff a7 01 00 ff a7 01 00 ff a7 01 00 ff a7 01 00 ff a7 01 00 ff a7 01 00 ff a7 01 00 ff a7 01 00 ff a7 01 00 ff a7 01 53 05 08 ff a7 01 51 05 00 ff a7 01 51 05 00 ff a7 01 51 05 00 ff a7 01 51 05 00 ff a7 01 51 05 00 ff a7 01 51 05 00 ff a7 01 00 ff a7 01 00 ff a7 01 00 ff a7 01 00 ff a7 01 00 ff a7 01 00 ff a7 01 00 ff a7 01 00 ff a7 01 53 05 00 ff 85 04 00 ff 85 04 00 ff 85 04 00 ff 85 04 00 ff 85 04 00 ff 85 04 00 ff 97 04 06 ff 53 05 00 ff a7 01 00 ff a7 01 00 ff a7 01 00 ff a7 01 00 ff a7 01 00 ff a7 01 00 ff a7 01 00 ff a7 01 00 ff a7 01 53 05 00 ff 89 04 00 ff 89 04 00 ff 89 04 00 ff 89 04 00 ff 89 04 00 ff 89 04 00 ff 92 04 06 ff 53 05 00 ff a7 01 38 09 00 ff a7 01 0a 09 00 ff a7 01 36 09 00 ff a7 01 00 ff a7 01 61 00 00 00 00 00 f7 03 00 80 12 00 53 61 6b 75 72 61 28 50 72 6f 66 65 73 73 6f 72 61 29 64 00 83 01 00 00 00 00 00 00 00 6e 00 00 00 00 01 00 ff a7 01 00 ff a7 01 00 ff a7 01 00 ff a7 01 53 05 00 ff 89 04 00 ff 89 04 00 ff 89 04 00 ff 89 04 00 ff 89 04 00 ff 89 04 00 ff 92 04 06 ff 53 05 32 0a 00 ff a7 01 00 ff a7 01 00 ff a7 01 00 ff a7 01 00 ff a7 01 00 ff a7 01 00 ff a7 01 00 ff a7 01 00 ff a7 01 53 05 00 ff 89 04 00 ff 89 04 00 ff 89 04 00 ff 89 04 00 ff 89 04 00 ff 89 04 00 ff 92 04 06 ff 53 05 00 ff a7 01 38 09 00 ff a7 01 0a 09 00 ff a7 01 36 09 00 ff a7 01 00 ff a7 01 00 ff a7 01 00 ff a7 01 00 ff a7 01 00 ff a7 01 53 05 00 ff 89 04 00 ff 89 04 00 ff 89 04 00 ff 89 04 00 ff 89 04 00 ff 89 04 00 ff 92 04 06 ff 53 05 00 ff a7 01 00 ff a7 01 00 ff a7 01 00 ff a7 01 00 ff a7 01 00 ff a7 01 00 ff a7 01 00 ff a7 01 00 ff a7 01 53 05 00 ff 89 04 00 ff 89 04 00 ff 89 04 00 ff 89 04 00 ff 89 04 00 ff 89 04 00 ff 92 04 06 ff 53 05 00 ff a7 01 4c 05 00 ff a7 01 4c 05 00 ff a7 01 5c 06 00 ff a7 01 4c 05 00 ff a7 01 4c 05 00 ff a7 01 4c 05 00 ff a7 01 5c 06 00 ff a7 01 4c 05 00 ff a7 01 52 05 00 ff 89 04 00 ff 89 04 00 ff 89 04 00 ff 89 04 00 ff 89 04 00 ff 89 04 00 ff 92 04 06 ff 53 05 00 ff a7 01 83 09 00 ff a7 01 00 ff a7 01 00 ff a7 01 00 ff a7 01 82 09 00 ff a7 01 37 09 00 ff a7 01 00 ff a7 01 00 ff a7 01 53 05 00 ff 89 04 00 ff 89 04 00 ff 89 04 00 ff 89 04 00 ff 89 04 00 ff 89 04 00 ff 92 04 06 ff 53 05 00 ff a7 01 38 09 00 ff a7 01 00 ff a7 01 00 ff a7 01 00 ff a7 01 00 ff a7 01 00 ff a7 01 00 ff a7 01 00 ff a7 01 53 05 00 ff 89 04 00 ff 89 04 00 ff 89 04 00 ff 89 04 00 ff 89 04 00 ff 89 04 00 ff 92 04 06 ff 53 05 00 ff a7 01 04 09 00 ff a7 01 08 09 00 ff a7 01 00 ff a7 01 00 ff a7 01 00 ff a7 01 00 ff a7 01 00 ff a7 01 00 ff a7 01 53 05 00 ff 89 04 00 ff 89 04 00 ff 89 04 00 ff 89 04 00 ff 89 04 00 ff 89 04 00 ff 92 04 06 ff 53 05 00 ff a7 01 05 09 00 ff a7 01 09 09 00 ff a7 01 00 ff a7 01 00 ff a7 01 00 ff a7 01 00 ff a7 01 00 ff a7 01 00 ff a7 01 53 05 00 ff 89 04 00 ff 89 04 00 ff 89 04 00 ff 89 04 00 ff 89 04 00 ff 89 04 00 ff 92 04 06 ff 53 05 00 ff a7 01 4c 05 00 ff a7 01 4c 05 00 ff a7 01 4c 05 00 ff a7 01 4c 05 00 ff a7 01 4c 05 00 ff a7 01 4c 05 00 ff a7 01 4c 05 00 ff a7 01 4c 05 00 ff a7 01 52 05 00 ff 89 04 00 ff 89 04 00 ff 89 04 00 ff 89 04 00 ff 89 04 00 ff 89 04 00 ff 92 04 0f ff 8d 04 00 ff 88 04 00 ff 88 04 00 ff 88 04 00 ff 88 04 00 ff 88 04 00 ff 88 04 00 ff 94 04 74 ff c9 04 6d 08 00 ff c9 04 6d 08 00 ff c9 04 6d 08 00 ff c9 04 6d 08 00 ff c9 04 6d 08 00 ff c9 04 6d 08 00 ff c9 04 6d 08 00 ff c9 04 6d 08 00 ff c9 04 0f 06 6d 08 00 ff a7 01 4c 05 00 ff a7 01 4c 05 00 ff a7 01 4c 05 00 ff 91 13 00 ff 91 13 00 ff 91 13 00 ff 91 13 00 ff 91 13 00 ff 91 13 00 ff 17 02 6c 08 00 ff 17 02 6c 08 00 ff 17 02 6c 08 02 ff c9 04 00 ff c9 04 00 ff c9 04 00 ff c9 04 00 ff c9 04 00 ff c9 04 00 ff c9 04 00 ff c9 04 00 ff a7 01 53 05 00 ff a7 01 0d 09 ab 0d ae 0d 00 ff a7 01 00 ff a7 01 00 ff a7 01 00 ff a7 01 00 ff a7 01 00 ff a7 01 00 ff a7 01 00 ff a7 01 53 05 00 ff c9 04 00 ff c9 04 00 ff c9 04 38 02 6a 08 02 ff c9 04 00 ff c9 04 00 ff c9 04 00 ff c9 04 00 ff c9 04 00 ff c9 04 00 ff c9 04 00 ff c9 04 00 ff a7 01 53 05 00 ff a7 01 0e 09 00 ff a7 01 b1 08 00 ff a7 01 b1 08 00 ff a7 01 00 ff a7 01 00 ff a7 01 00 ff a7 01 00 ff a7 01 00 ff a7 01 53 05 00 ff c9 04 00 ff c9 04 00 ff c9 04 38 02 6a 08 02 ff c9 04 00 ff c9 04 00 ff bd 01 00 ff ba 01 00 ff ba 01 00 ff bc 01 00 ff c9 04 00 ff c9 04 00 ff a7 01 53 05 00 ff a7 01 0e 09 ab 0d ae 0d 00 ff a7 01 00 ff a7 01 00 ff a7 01 00 ff a7 01 00 ff a7 01 00 ff a7 01 00 ff a7 01 00 ff a7 01 8c 05 00 ff c9 04 00 ff c9 04 00 ff c9 04 38 02 6a 08 02 ff a7 01 00 ff a7 01 69 0a 00 ff a7 01 00 ff a7 01 00 ff a7 01 69 0a 00 ff a7 01 00 ff a7 01 00 ff a7 01 69 0a 00 ff a7 01 00 ff a7 01 00 ff a7 01 69 0a 00 ff a7 01 00 ff a7 01 00 ff a7 01 af 08 09 ff a7 01 00 ff a7 01 00 ff a7 01 00 ff a7 01 00 ff a7 01 00 ff a7 01 00 ff a7 01 00 ff a7 01 00 ff a7 01 00 ff a7 01 00 ff a7 01 00 ff a7 01 00 ff a7 01 00 ff a7 01 af 08 09 ff a7 01 00 ff a7 01 00 ff a7 01 00 ff a7 01 00 ff a7 01 00 ff a7 01 00 ff a7 01 00 ff a7 01 00 ff a7 01 00 ff a7 01 00 ff a7 01 00 ff a7 01 00 ff a7 01 00 ff a7 01 af 08 09 ff a7 01 00 ff a7 01 00 ff a7 01 00 ff a7 01 00 ff a7 01 00 ff a7 01 00 ff a7 01 00 ff a7 01 00 ff a7 01 00 ff a7 01 0f 06 00 ff a7 01 51 05 00 ff a7 01 51 05 00 ff a7 01 51 05 00 ff a7 01 af 08 09 ff a7 01 00 ff a7 01 69 0a 00 ff a7 01 00 ff a7 01 00 ff a7 01 69 0a 00 ff a7 01 00 ff a7 01 00 ff a7 01 69 0a 00 ff a7 01 00 ff a7 01 4f 05 00 ff a7 01 00 ff a7 01 00 ff a7 01 4f 05 00 ff a7 01 af 08 09 ff a7 01 00 ff a7 01 69 0a 00 ff a7 01 00 ff a7 01 00 ff a7 01 69 0a 00 ff a7 01 00 ff a7 01 00 ff a7 01 69 0a 00 ff a7 01 00 ff a7 01 e8 1b 00 ff a7 01 00 ff b6 01 00 ff a7 01 4f 05 00 ff a7 01 af 08 09 ff a7 01 00 ff a7 01 69 0a 00 ff a7 01 00 ff a7 01 00 ff a7 01 69 0a 00 ff a7 01 00 ff a7 01 00 ff a7 01 69 0a 00 ff a7 01 00 ff a7 01 e8 1b 00 ff a7 01 00 ff b6 01 00 ff a7 01 4f 05 00 ff a7 01 af 08 09 ff a7 01 00 ff a7 01 69 0a 00 ff a7 01 00 ff a7 01 00 ff a7 01 69 0a 00 ff a7 01 00 ff a7 01 00 ff a7 01 69 0a 00 ff a7 01 00 ff a7 01 e8 1b 00 ff a7 01 00 ff a7 01 00 ff a7 01 4f 05 00 ff a7 01 af 08 09 ff a7 01 b1 08 00 ff a7 01 b1 08 00 ff a7 01 b1 08 00 ff a7 01 b1 08 00 ff a7 01 b1 08 00 ff a7 01 00 ff a7 01 00 ff a7 01 00 ff a7 01 00 ff a7 01 4f 05 00 ff a7 01 51 05 00 ff a7 01 51 05 00 ff a7 01 50 05 00 ff a7 01 af 08 0d ff af 08 00 ff a7 01 00 ff a7 01 00 ff a7 01 00 ff a7 01 00 ff a7 01 00 ff a7 01 00 ff a7 01 00 ff a7 01 00 ff a7 01 af 08 0d ff af 08 00 ff a7 01 00 ff a7 01 00 ff a7 01 69 0a 00 ff a7 01 00 ff a7 01 00 ff a7 01 69 0a 00 ff a7 01 00 ff a7 01 00 ff a7 01 af 08 0d ff af 08 00 ff a7 01 00 ff a7 01 00 ff a7 01 69 0a 00 ff a7 01 00 ff a7 01 00 ff a7 01 69 0a 00 ff a7 01 00 ff a7 01 00 ff a7 01 af 08 0d ff af 08 00 ff a7 01 00 ff a7 01 00 ff a7 01 69 0a 00 ff a7 01 00 ff a7 01 00 ff a7 01 69 0a 00 ff a7 01 00 ff a7 01 00 ff a7 01 af 08 0d ff af 08 00 ff a7 01 00 ff a7 01 00 ff a7 01 69 0a 00 ff a7 01 00 ff a7 01 00 ff a7 01 69 0a 00 ff a7 01 00 ff a7 01 00 ff a7 01 af 08 0d ff af 08 00 ff a7 01 00 ff a7 01 00 ff a7 01 00 ff a7 01 00 ff a7 01 00 ff a7 01 00 ff a7 01 00 ff a7 01 00 ff a7 01 af 08 0d ff af 08 00 ff a7 01 00 ff a7 01 00 ff a7 01 69 0a 00 ff a7 01 00 ff a7 01 00 ff a7 01 69 0a 00 ff a7 01 00 ff a7 01 00 ff a7 01 af 08 0d ff af 08 00 ff a7 01 00 ff a7 01 00 ff a7 01 69 0a 00 ff a7 01 00 ff a7 01 00 ff a7 01 69 0a 00 ff a7 01 00 ff a7 01 00 ff a7 01 af 08 0d ff af 08 00 ff a7 01 00 ff a7 01 00 ff a7 01 69 0a 00 ff a7 01 00 ff a7 01 00 ff a7 01 69 0a 00 ff a7 01 00 ff a7 01 00 ff a7 01 af 08 0d ff af 08 00 ff a7 01 00 ff a7 01 00 ff a7 01 69 0a 00 ff a7 01 00 ff a7 01 00 ff a7 01 69 0a 00 ff a7 01 00 ff a7 01 00 ff a7 01 af 08 0d ff af 08 00 ff a7 01 b1 08 00 ff a7 01 b1 08 00 ff a7 01 b1 08 00 ff a7 01 b1 08 00 ff a7 01 b1 08 00 ff a7 01 b1 08 00 ff a7 01 b1 08 00 ff a7 01 b1 08 00 ff a7 01 b5 08 93 ff 85 04 00 ff 85 04 00 ff 85 04 00 ff 85 04 00 ff 85 04 00 ff 85 04 00 ff 85 04 00 ff 85 04 00 ff 85 04 00 ff 85 04 00 ff 85 04 00 ff 85 04 00 ff 85 04 00 ff 85 04 00 ff 85 04 00 ff 
85 04 00 ff 85 04 00 ff 97 04 05 ff 
89 04 00 ff 89 04 00 ff 89 04 00 ff 89 04 00 ff 89 04 00 ff 89 04 00 ff 89 04 00 ff 89 04 00 ff 89 04 00 ff 89 04 00 ff 89 04 00 ff 89 04 00 ff 89 04 00 ff 89 04 00 ff 89 04 00 ff 89 04 00 ff 89 04 00 ff 92 04 05 ff 89 04 00 ff 89 04 00 ff 89 04 00 ff 89 04 00 ff 89 04 00 ff 89 04 00 ff 89 04 00 ff 89 04 00 ff 89 04 00 ff 89 04 00 ff 89 04 00 ff 89 04 00 ff 89 04 00 ff 89 04 00 ff 89 04 00 ff 89 04 00 ff 89 04 00 ff 92 04 05 ff 89 04 00 ff 89 04 00 ff 89 04 00 ff 89 04 00 ff 89 04 00 ff 89 04 00 ff 89 04 00 ff 89 04 00 ff 89 04 00 ff 89 04 00 ff 89 04 00 ff 89 04 00 ff 89 04 00 ff 89 04 00 ff 89 04 00 ff 89 04 00 ff 89 04 00 ff 92 04 05 ff 89 04 00 ff 89 04 00 ff 89 04 00 ff 89 04 00 ff 89 04 00 ff 89 04 00 ff 89 04 00 ff 89 04 00 ff 89 04 00 ff 89 04 00 ff 89 04 00 ff 89 04 00 ff 89 04 00 ff 89 04 00 ff 89 04 00 ff 89 04 00 ff 89 04 00 ff 92 04 ff ff ff ff ff ff ff ff ff ff ff ff ff ff ff ff ff ff ff ff ff ff ff ff ff ff f2 ff 78 01 19 0d 79 02 78 03 25 0b 78 04 31 0d 78 05 24 0d 78 06 e4 0c 79 07 78 08 e4 0d 79 09 79 0a a0 96 00 96 00 f4 65 00 00 00 00 00 00 01 00 00 00 00 00 00 00 00 00 d8 09 a1 0a 00 0a 00 0a 00 0a 00 0a 00 0a 00 0a 00 82 fa d7 8d 3a 0a 00 10 00 00 a2 00 40 b4 18 48 00 41 6f 20 70 65 67 61 72 20 61 6c 67 75 6d 61 20 6d 69 73 73 61 6f 2c 20 64 69 67 69 74 65 20 21 6e 6f 6d 65 64 6f 6e 70 63 2c 20 70 61 72 61 20 73 61 62 65 72 20 6f 20 73 74 61 74 75 73 20 64 61 20 6d 65 73 6d 61 2e b4 18 30 00 59 6f 75 72 20 6c 61 73 74 20 76 69 73 69 74 20 77 61 73 20 6f 6e 20 54 68 75 20 4d 61 72 20 32 36 20 31 30 3a 30 37 3a 32 34 20 32 30 32 36 2e 83 d0 0b e1 0b 07 0b 

