ProtocolGame parse message exception (121 bytes, 58 unread, last opcode is 0xaa (170), prev opcode is 0x83 (131), proto: 854): unknown message mode 0
7c 00 8d 3c b3 c7 71 00 83 fd 0b cd 0b 07 1b 84 fd 0b cd 0b 07 05 02 00 31 33 
83 fd 0b cd 0b 07 43 
aa 73 00 00 00 14 00 53 61 73 75 6b 65 20 54 65 73 74 65 20 46 6f 72 6d 75 6c 61 0e 00 00 0a 00 53 48 41 52 49 4e 47 41 4e 21 aa 75 00 00 00 14 00 53 61 73 75 6b 65 20 54 65 73 74 65 20 46 6f 72 6d 75 6c 61 0e 00 01 fd 0b cd 0b 07 09 00 73 68 61 72 69 6e 67 61 6e 

ProtocolGame parse message exception (197 bytes, 61 unread, last opcode is 0xaa (170), prev opcode is 0x83 (131), proto: 854): unknown message mode 0
c4 00 24 5e d4 f5 bd 00 83 fd 0b cd 0b 07 1b a0 18 01 18 01 05 13 00 00 fd 7e 00 00 0e 00 21 bd 00 c3 00 07 20 64 ca 09 a0 18 01 18 01 05 13 00 00 fd 7e 00 00 0e 00 21 bd 00 c3 00 07 20 64 ca 09 b4 17 13 00 59 6f 75 20 6c 6f 73 65 20 31 33 20 63 68 61 6b 72 61 2e 84 fd 0b cd 0b 07 05 02 00 31 33 
83 fd 0b cd 0b 07 43 
aa 72 00 00 00 14 00 53 61 73 75 6b 65 20 54 65 73 74 65 20 46 6f 72 6d 75 6c 61 0e 00 00 0a 00 53 48 41 52 49 4e 47 41 4e 21 a2 80 20 aa 74 00 00 00 14 00 53 61 73 75 6b 65 20 54 65 73 74 65 20 46 6f 72 6d 75 6c 61 0e 00 01 fd 0b cd 0b 07 09 00 73 68 61 72 69 6e 67 61 6e 

ProtocolGame parse message exception (113 bytes, 58 unread, last opcode is 0xaa (170), prev opcode is 0x84 (132), proto: 854): unknown message mode 0
74 00 af 35 b0 d6 69 00 83 f9 0b cf 0b 07 1b 
84 f9 0b cf 0b 07 05 01 00 34 
aa 78 00 00 00 14 00 53 61 73 75 6b 65 20 54 65 73 74 65 20 46 6f 72 6d 75 6c 61 0e 00 00 0a 00 53 48 41 52 49 4e 47 41 4e 21 aa 7a 00 00 00 14 00 53 61 73 75 6b 65 20 54 65 73 74 65 20 46 6f 72 6d 75 6c 61 0e 00 01 f9 0b cf 0b 07 09 00 73 68 61 72 69 6e 67 61 6e 

ProtocolGame parse message exception (185 bytes, 58 unread, last opcode is 0xaa (170), prev opcode is 0x84 (132), proto: 854): unknown message mode 0
bc 00 bd 60 d5 97 b1 00 83 f9 0b cf 0b 07 1b a0 18 01 18 01 05 13 00 00 fd 7e 00 00 0e 00 21 c1 00 c3 00 07 20 64 ca 09 a0 18 01 18 01 05 13 00 00 fd 7e 00 00 0e 00 21 c1 00 c3 00 07 20 64 ca 09 b4 17 12 00 59 6f 75 20 6c 6f 73 65 20 34 20 63 68 61 6b 72 61 2e 
84 f9 0b cf 0b 07 05 01 00 34 
aa 79 00 00 00 14 00 53 61 73 75 6b 65 20 54 65 73 74 65 20 46 6f 72 6d 75 6c 61 0e 00 00 0a 00 53 48 41 52 49 4e 47 41 4e 21 aa 7b 00 00 00 14 00 53 61 73 75 6b 65 20 54 65 73 74 65 20 46 6f 72 6d 75 6c 61 0e 00 01 f9 0b cf 0b 07 09 00 73 68 61 72 69 6e 67 61 6e 

ProtocolGame parse message exception (119 bytes, 58 unread, last opcode is 0xaa (170), prev opcode is 0x84 (132), proto: 854): unknown message mode 0
7c 00 24 3b ef a7 6f 00 8c 83 0a 00 10 62 83 f9 0b cf 0b 07 1b 
84 f9 0b cf 0b 07 05 01 00 34 
aa 80 00 00 00 14 00 53 61 73 75 6b 65 20 54 65 73 74 65 20 46 6f 72 6d 75 6c 61 0e 00 00 0a 00 53 48 41 52 49 4e 47 41 4e 21 aa 82 00 00 00 14 00 53 61 73 75 6b 65 20 54 65 73 74 65 20 46 6f 72 6d 75 6c 61 0e 00 01 f9 0b cf 0b 07 09 00 73 68 61 72 69 6e 67 61 6e 

ProtocolGame parse message exception (244 bytes, 61 unread, last opcode is 0xaa (170), prev opcode is 0x84 (132), proto: 854): unknown message mode 0
f4 00 64 7f 81 5a ec 00 8c 83 0a 00 10 62 a0 10 01 18 01 19 18 00 00 fd 7e 00 00 0e 00 21 c3 00 c3 00 07 20 64 ca 09 a0 10 01 18 01 19 18 00 00 fd 7e 00 00 0e 00 21 c3 00 c3 00 07 20 64 ca 09 83 f9 0b cf 0b 07 1b a0 10 01 18 01 19 18 00 00 fd 7e 00 00 0e 00 21 c1 00 c3 00 07 20 64 ca 09 a0 10 01 18 01 19 18 00 00 fd 7e 00 00 0e 00 21 c1 00 c3 00 07 20 64 ca 09 b4 17 12 00 59 6f 75 20 6c 6f 73 65 20 34 20 63 68 61 6b 72 61 2e 
84 f9 0b cf 0b 07 05 01 00 34 
aa 81 00 00 00 14 00 53 61 73 75 6b 65 20 54 65 73 74 65 20 46 6f 72 6d 75 6c 61 0e 00 00 0a 00 53 48 41 52 49 4e 47 41 4e 21 a2 80 00 aa 83 00 00 00 14 00 53 61 73 75 6b 65 20 54 65 73 74 65 20 46 6f 72 6d 75 6c 61 0e 00 01 f9 0b cf 0b 07 09 00 73 68 61 72 69 6e 67 61 6e 

ProtocolGame parse message exception (125 bytes, 58 unread, last opcode is 0xaa (170), prev opcode is 0x84 (132), proto: 854): unknown message mode 0
7c 00 6c 3c dd ad 75 00 6d f9 0b cf 0b 07 02 f9 0b d0 0b 07 83 fa 0b cf 0b 07 1b 
84 fa 0b cf 0b 07 05 01 00 34 
aa 86 00 00 00 14 00 53 61 73 75 6b 65 20 54 65 73 74 65 20 46 6f 72 6d 75 6c 61 0e 00 00 0a 00 53 48 41 52 49 4e 47 41 4e 21 aa 88 00 00 00 14 00 53 61 73 75 6b 65 20 54 65 73 74 65 20 46 6f 72 6d 75 6c 61 0e 00 01 fa 0b cf 0b 07 09 00 73 68 61 72 69 6e 67 61 6e 

ProtocolGame parse message exception (200 bytes, 61 unread, last opcode is 0xaa (170), prev opcode is 0x84 (132), proto: 854): unknown message mode 0
cc 00 1f 69 0a 3e c0 00 6d f9 0b cf 0b 07 02 f9 0b d0 0b 07 83 fa 0b cf 0b 07 1b a0 18 01 18 01 19 18 00 00 fd 7e 00 00 0e 00 21 c1 00 c3 00 07 20 64 ca 09 a0 18 01 18 01 19 18 00 00 fd 7e 00 00 0e 00 21 c1 00 c3 00 07 20 64 ca 09 b4 17 12 00 59 6f 75 20 6c 6f 73 65 20 34 20 63 68 61 6b 72 61 2e 
84 fa 0b cf 0b 07 05 01 00 34 
aa 87 00 00 00 14 00 53 61 73 75 6b 65 20 54 65 73 74 65 20 46 6f 72 6d 75 6c 61 0e 00 00 0a 00 53 48 41 52 49 4e 47 41 4e 21 a2 80 00 aa 89 00 00 00 14 00 53 61 73 75 6b 65 20 54 65 73 74 65 20 46 6f 72 6d 75 6c 61 0e 00 01 fa 0b cf 0b 07 09 00 73 68 61 72 69 6e 67 61 6e 

ProtocolGame parse message exception (191 bytes, 61 unread, last opcode is 0xaa (170), prev opcode is 0x84 (132), proto: 854): unknown message mode 0
c4 00 91 62 3d b0 b7 00 83 f8 0b ce 0b 06 1b a2 80 00 a0 18 01 18 01 19 18 00 00 fd 7e 00 00 0e 00 21 c1 00 c3 00 07 20 64 ca 09 a0 18 01 18 01 19 18 00 00 fd 7e 00 00 0e 00 21 c1 00 c3 00 07 20 64 ca 09 b4 17 12 00 59 6f 75 20 6c 6f 73 65 20 34 20 63 68 61 6b 72 61 2e 
84 f8 0b ce 0b 06 05 01 00 34 
aa 8c 00 00 00 14 00 53 61 73 75 6b 65 20 54 65 73 74 65 20 46 6f 72 6d 75 6c 61 0e 00 00 0a 00 53 48 41 52 49 4e 47 41 4e 21 a2 80 00 aa 8d 00 00 00 14 00 53 61 73 75 6b 65 20 54 65 73 74 65 20 46 6f 72 6d 75 6c 61 0e 00 01 f8 0b ce 0b 06 09 00 73 68 61 72 69 6e 67 61 6e 

ProtocolGame parse message exception (113 bytes, 58 unread, last opcode is 0xaa (170), prev opcode is 0x84 (132), proto: 854): unknown message mode 0
74 00 4d 36 a0 61 69 00 83 f9 0b d0 0b 07 1b 
84 f9 0b d0 0b 07 05 01 00 34 
aa 90 00 00 00 14 00 53 61 73 75 6b 65 20 54 65 73 74 65 20 46 6f 72 6d 75 6c 61 0e 00 00 0a 00 53 48 41 52 49 4e 47 41 4e 21 aa 92 00 00 00 14 00 53 61 73 75 6b 65 20 54 65 73 74 65 20 46 6f 72 6d 75 6c 61 0e 00 01 f9 0b d0 0b 07 09 00 73 68 61 72 69 6e 67 61 6e 

ProtocolGame parse message exception (188 bytes, 61 unread, last opcode is 0xaa (170), prev opcode is 0x84 (132), proto: 854): unknown message mode 0
bc 00 91 58 09 6e b4 00 83 f9 0b d0 0b 07 1b a0 13 01 18 01 19 18 00 00 fd 7e 00 00 0e 00 21 c1 00 c3 00 07 20 64 ca 09 a0 13 01 18 01 19 18 00 00 fd 7e 00 00 0e 00 21 c1 00 c3 00 07 20 64 ca 09 b4 17 12 00 59 6f 75 20 6c 6f 73 65 20 34 20 63 68 61 6b 72 61 2e 
84 f9 0b d0 0b 07 05 01 00 34 
aa 91 00 00 00 14 00 53 61 73 75 6b 65 20 54 65 73 74 65 20 46 6f 72 6d 75 6c 61 0e 00 00 0a 00 53 48 41 52 49 4e 47 41 4e 21 a2 80 00 aa 93 00 00 00 14 00 53 61 73 75 6b 65 20 54 65 73 74 65 20 46 6f 72 6d 75 6c 61 0e 00 01 f9 0b d0 0b 07 09 00 73 68 61 72 69 6e 67 61 6e 

ProtocolGame parse message exception (193 bytes, 61 unread, last opcode is 0xaa (170), prev opcode is 0x84 (132), proto: 854): unknown message mode 0
c4 00 a6 5b c1 c4 b9 00 83 f8 0b ce 0b 06 1b a2 80 00 a0 18 01 18 01 19 18 00 00 fd 7e 00 00 0e 00 21 bc 00 c3 00 07 20 64 ca 09 a0 18 01 18 01 19 18 00 00 fd 7e 00 00 0e 00 21 bc 00 c3 00 07 20 64 ca 09 b4 17 13 00 59 6f 75 20 6c 6f 73 65 20 31 34 20 63 68 61 6b 72 61 2e 
84 f8 0b ce 0b 06 05 02 00 31 34 
aa 96 00 00 00 14 00 53 61 73 75 6b 65 20 54 65 73 74 65 20 46 6f 72 6d 75 6c 61 0e 00 00 0a 00 53 48 41 52 49 4e 47 41 4e 21 a2 80 00 aa 97 00 00 00 14 00 53 61 73 75 6b 65 20 54 65 73 74 65 20 46 6f 72 6d 75 6c 61 0e 00 01 f8 0b ce 0b 06 09 00 73 68 61 72 69 6e 67 61 6e 

ProtocolGame parse message exception (162 bytes, 58 unread, last opcode is 0xaa (170), prev opcode is 0x84 (132), proto: 854): unknown message mode 0
a4 00 2e 4d 34 68 9a 00 aa 00 00 00 00 06 00 62 61 6e 64 69 74 00 00 13 fa 0b cc 0b 07 19 00 59 6f 75 72 20 62 65 6c 6f 6e 67 69 6e 67 73 20 61 72 65 20 6d 69 6e 65 2e 83 f9 0b cc 0b 07 1b 
84 f9 0b cc 0b 07 05 02 00 31 34 
aa 9a 00 00 00 14 00 53 61 73 75 6b 65 20 54 65 73 74 65 20 46 6f 72 6d 75 6c 61 0e 00 00 0a 00 53 48 41 52 49 4e 47 41 4e 21 aa 9c 00 00 00 14 00 53 61 73 75 6b 65 20 54 65 73 74 65 20 46 6f 72 6d 75 6c 61 0e 00 01 f9 0b cc 0b 07 09 00 73 68 61 72 69 6e 67 61 6e 

ProtocolGame parse message exception (238 bytes, 61 unread, last opcode is 0xaa (170), prev opcode is 0x84 (132), proto: 854): unknown message mode 0
ec 00 9c 79 08 85 e6 00 aa 00 00 00 00 06 00 62 61 6e 64 69 74 00 00 13 fa 0b cc 0b 07 19 00 59 6f 75 72 20 62 65 6c 6f 6e 67 69 6e 67 73 20 61 72 65 20 6d 69 6e 65 2e 83 f9 0b cc 0b 07 1b a0 a2 00 18 01 2d 1d 00 00 fd 7e 00 00 0e 00 21 19 00 c3 00 07 20 64 ca 09 a0 a2 00 18 01 2d 1d 00 00 fd 7e 00 00 0e 00 21 19 00 c3 00 07 20 64 ca 09 b4 17 13 00 59 6f 75 20 6c 6f 73 65 20 31 34 20 63 68 61 6b 72 61 2e 
84 f9 0b cc 0b 07 05 02 00 31 34 
aa 9b 00 00 00 14 00 53 61 73 75 6b 65 20 54 65 73 74 65 20 46 6f 72 6d 75 6c 61 0e 00 00 0a 00 53 48 41 52 49 4e 47 41 4e 21 a2 80 00 aa 9d 00 00 00 14 00 53 61 73 75 6b 65 20 54 65 73 74 65 20 46 6f 72 6d 75 6c 61 0e 00 01 f9 0b cc 0b 07 09 00 73 68 61 72 69 6e 67 61 6e 

ProtocolGame parse message exception (134 bytes, 64 unread, last opcode is 0xaa (170), prev opcode is 0xa0 (160), proto: 854): unknown message mode 0
84 00 1a 40 95 68 7e 00 83 9c 0b 45 0c 06 1b 
a0 06 01 22 01 3d 2b 00 00 69 9f 00 00 0f 00 20 66 00 d2 00 07 56 64 d4 09 
aa 0b 00 00 00 14 00 53 61 73 75 6b 65 20 54 65 73 74 65 20 46 6f 72 6d 75 6c 61 0f 00 00 0a 00 53 48 41 52 49 4e 47 41 4e 21 a2 00 00 a2 80 00 aa 0c 00 00 00 14 00 53 61 73 75 6b 65 20 54 65 73 74 65 20 46 6f 72 6d 75 6c 61 0f 00 01 9c 0b 45 0c 06 09 00 73 68 61 72 69 6e 67 61 6e 

ProtocolGame parse message exception (145 bytes, 64 unread, last opcode is 0xaa (170), prev opcode is 0x84 (132), proto: 854): unknown message mode 0
94 00 24 46 e4 88 89 00 83 fc 0b ce 0b 07 1b a0 22 01 22 01 ed 16 00 00 3d b7 00 00 0f 00 63 c8 00 d2 00 08 0b 64 d0 09 
84 fc 0b ce 0b 07 9a 02 00 2d 37 
aa 04 00 00 00 14 00 53 61 73 75 6b 65 20 54 65 73 74 65 20 46 6f 72 6d 75 6c 61 0f 00 00 0a 00 53 48 41 52 49 4e 47 41 4e 21 a2 00 00 a2 80 00 aa 06 00 00 00 14 00 53 61 73 75 6b 65 20 54 65 73 74 65 20 46 6f 72 6d 75 6c 61 0f 00 01 fc 0b ce 0b 07 09 00 73 68 61 72 69 6e 67 61 6e 

ProtocolGame parse message exception (145 bytes, 64 unread, last opcode is 0xaa (170), prev opcode is 0x84 (132), proto: 854): unknown message mode 0
94 00 18 46 01 8d 89 00 83 fc 0b ce 0b 07 1b a0 22 01 22 01 ed 16 00 00 3d b7 00 00 0f 00 63 85 00 d2 00 08 0b 64 d0 09 
84 fc 0b ce 0b 07 9a 02 00 2d 37 
aa 04 00 00 00 14 00 53 61 73 75 6b 65 20 54 65 73 74 65 20 46 6f 72 6d 75 6c 61 0f 00 00 0a 00 53 48 41 52 49 4e 47 41 4e 21 a2 00 00 a2 80 00 aa 06 00 00 00 14 00 53 61 73 75 6b 65 20 54 65 73 74 65 20 46 6f 72 6d 75 6c 61 0f 00 01 fc 0b ce 0b 07 09 00 73 68 61 72 69 6e 67 61 6e 

ProtocolGame parse message exception (114 bytes, 58 unread, last opcode is 0xaa (170), prev opcode is 0x84 (132), proto: 854): unknown message mode 0
74 00 1c 35 6d a9 6a 00 83 fc 0b ce 0b 07 1b 
84 fc 0b ce 0b 07 9a 02 00 2d 37 
aa 05 00 00 00 14 00 53 61 73 75 6b 65 20 54 65 73 74 65 20 46 6f 72 6d 75 6c 61 0f 00 00 0a 00 53 48 41 52 49 4e 47 41 4e 21 aa 07 00 00 00 14 00 53 61 73 75 6b 65 20 54 65 73 74 65 20 46 6f 72 6d 75 6c 61 0f 00 01 fc 0b ce 0b 07 09 00 73 68 61 72 69 6e 67 61 6e 

ProtocolGame parse message exception (1481 bytes, 221 unread, last opcode is 0x00 (0), prev opcode is 0x86 (134), proto: 854): InputMessage eof reached
cc 05 30 e6 0d 94 c1 05 0a 61 0a 00 10 32 00 00 64 b7 0c c3 0b 07 b2 11 00 ff a3 11 1e 0e 00 ff a3 11 00 ff ae 11 00 ff af 11 00 ff b1 11 00 ff a3 11 00 ff a3 11 00 ff ad 11 00 ff b0 11 00 ff a3 11 00 ff a3 11 00 ff a3 11 1e 0e 00 ff a3 11 00 ff ab 11 00 ff a3 11 00 ff a3 11 00 ff ab 11 00 ff a3 11 00 ff a3 11 00 ff a8 11 1e 0e 00 ff ac 11 00 ff a7 11 00 ff a7 11 1e 0e 00 ff a3 11 00 ff a3 11 00 ff b2 11 00 ff b1 11 00 ff a3 11 1e 0e 00 ff a3 11 00 ff b2 11 00 ff a3 11 1e 0e 00 ff a3 11 00 ff a3 11 00 ff a3 11 00 ff a3 11 00 ff a3 11 00 ff a3 11 00 ff a3 11 00 ff b1 11 00 ff af 11 1e 0e 00 ff a9 11 00 ff a5 11 00 ff aa 11 00 ff a3 11 62 0e 00 ff ac 11 00 ff a3 11 00 ff a3 11 00 ff a3 11 00 ff a3 11 62 0e 00 ff a9 11 00 ff aa 11 00 ff ac 11 00 ff a3 11 00 ff a3 11 00 ff a3 11 00 ff af 11 00 ff b0 11 00 ff a3 11 00 ff a3 11 00 ff a3 11 21 0e 00 ff a3 11 00 ff ab 11 00 ff aa 11 00 ff b1 11 00 ff a3 11 00 ff a3 11 00 ff a8 11 00 ff a3 11 00 ff a3 11 00 ff a8 11 00 ff b0 11 00 ff a8 11 1e 0e 00 ff ae 11 00 ff a3 11 00 ff a3 11 00 ff a3 11 00 ff a3 11 00 ff a3 11 00 ff a5 11 1e 0e 00 ff a8 11 00 ff b1 11 00 ff 67 00 bb 11 00 ff 67 00 b6 11 00 ff a4 11 00 ff 67 00 bb 11 00 ff 67 00 b6 11 00 ff 67 00 bd 11 00 ff a3 11 00 ff ac 11 00 ff a7 11 1e 0e 00 ff b0 11 00 ff 67 00 bb 11 00 ff 67 00 b6 11 00 ff 67 00 bd 11 00 ff 67 00 bb 11 00 ff 67 00 b7 11 00 ff 67 00 00 ff 67 00 b6 11 00 ff 67 00 b7 11 00 ff 67 00 00 ff 67 00 b5 11 00 ff a3 11 00 ff 67 00 bb 11 00 ff 67 00 b6 11 00 ff 67 00 b6 11 00 ff 67 00 b7 11 00 ff 67 00 00 ff 67 00 b9 11 00 ff 67 00 b7 11 00 ff 67 00 00 ff 67 00 00 ff 67 00 00 ff 67 00 00 ff 67 00 00 ff 67 00 b9 11 00 ff 67 00 b6 11 00 ff 67 00 b7 11 00 ff 67 00 61 00 00 00 00 00 61 0a 00 10 14 00 53 61 6b 75 72 61 20 54 65 73 74 65 20 46 6f 72 6d 75 6c 61 64 02 83 01 00 00 00 00 00 00 00 0c 01 00 00 00 01 00 ff 67 00 00 ff 67 00 00 ff 67 00 00 ff 67 00 00 ff 67 00 00 ff 67 00 00 ff 67 00 ba 11 00 ff 67 00 00 ff 67 00 00 ff 67 00 00 ff 67 00 00 ff 67 00 00 ff 67 00 00 ff 67 00 00 ff 67 00 00 ff 67 00 00 ff 67 00 00 ff 67 00 00 ff 67 00 ba 11 00 ff 67 00 b4 11 00 ff 67 00 be 11 00 ff 67 00 00 ff 67 00 00 ff 67 00 00 ff 67 00 00 ff 67 00 00 ff 67 00 00 ff 67 00 00 ff 67 00 00 ff 67 00 00 ff 67 00 ba 11 00 ff 67 00 b4 11 00 ff 67 00 be 11 00 ff a3 11 00 ff a8 11 00 ff 67 00 b4 11 00 ff 67 00 b4 11 00 ff 67 00 b4 11 00 ff 67 00 b4 11 00 ff 67 00 b4 11 00 ff 67 00 b4 11 00 ff 67 00 b4 11 00 ff 67 00 b4 11 00 ff 67 00 b4 11 00 ff 67 00 be 11 00 ff a3 11 00 ff b1 11 00 ff ae 11 00 ff b0 11 00 ff ac 11 00 ff a3 11 00 ff a3 11 00 ff a3 11 00 ff b2 11 00 ff a3 11 00 ff b0 11 00 ff a3 11 00 ff af 11 00 ff a6 11 00 ff a8 11 00 ff a4 11 00 ff a3 11 1e 0e 00 ff a3 11 00 ff a3 11 00 ff a3 11 00 ff ac 11 00 ff ad 11 00 ff ab 11 00 ff a3 11 21 0e 00 ff ad 11 00 ff a3 11 00 ff b1 11 1e 0e 00 ff a9 11 00 ff a3 11 00 ff a6 11 00 ff b0 11 00 ff ac 11 00 ff a4 11 00 ff a3 11 1e 0e 00 ff a3 11 00 ff a4 11 00 ff a3 11 00 ff ab 11 00 ff a4 11 00 ff a3 11 00 ff ad 11 00 ff a3 11 00 ff a3 11 00 ff a3 11 21 0e 00 ff ae 11 00 ff a3 11 00 ff a3 11 00 ff a3 11 00 ff aa 11 00 ff b0 11 00 ff a3 11 00 ff a5 11 00 ff b1 11 00 ff a3 11 1e 0e 00 ff a6 11 00 ff a3 11 00 ff ad 11 00 ff a3 11 00 ff a3 11 00 ff a3 11 00 ff a5 11 00 ff a3 11 1e 0e 00 ff a3 11 00 ff a3 11 00 ff af 11 21 0e 00 ff ad 11 00 ff a8 11 00 ff a3 11 00 ff a3 11 00 ff ad 11 00 ff a7 11 00 ff a3 11 00 ff a3 11 00 ff af 11 00 ff b2 11 00 ff a3 11 00 ff a3 11 00 ff a3 11 00 ff ae 11 00 ff a3 11 00 ff a3 11 00 ff a3 11 00 ff a3 11 00 ff a3 11 00 ff a3 11 1e 0e 00 ff ad 11 00 ff a8 11 00 ff af 11 ff ff ff ff ff ff ff ff ff ff ff ff e4 ff 78 01 19 0d 79 02 78 03 25 0b 78 04 ea 0d 78 05 db 0b 18 78 06 1b 1d 78 07 e7 0d 78 08 e4 0d 79 09 78 0a da 0b a0 
86 01 86 01 45 91 
00 00 b0 88 03 00 19 00 60 68 01 68 01 05 1f 64 b0 09 a1 2f 5a 0a 00 0a 00 0a 00 0a 00 15 57 46 41 82 fa d7 8d 61 0a 00 10 00 00 a2 00 00 aa 02 00 00 00 14 00 53 61 6b 75 72 61 20 54 65 73 74 65 20 46 6f 72 6d 75 6c 61 19 00 13 b7 0c c3 0b 07 06 00 53 61 6b 75 72 61 b4 18 48 00 41 6f 20 70 65 67 61 72 20 61 6c 67 75 6d 61 20 6d 69 73 73 61 6f 2c 20 64 69 67 69 74 65 20 21 6e 6f 6d 65 64 6f 6e 70 63 2c 20 70 61 72 61 20 73 61 62 65 72 20 6f 20 73 74 61 74 75 73 20 64 61 20 6d 65 73 6d 61 2e b4 18 30 00 59 6f 75 72 20 6c 61 73 74 20 76 69 73 69 74 20 77 61 73 20 6f 6e 20 46 72 69 20 4a 61 6e 20 30 39 20 31 35 3a 34 35 3a 34 39 20 32 30 32 36 2e 83 b7 0c c3 0b 07 0b 

ProtocolGame parse message exception (84 bytes, 43 unread, last opcode is 0x6e (110), prev opcode is 0xffffffff (-1), proto: 854): unable to create item with invalid id 53516
54 00 93 26 99 19 4c 00 
6e 00 b5 0c 13 00 62 61 63 6b 70 61 63 6b 20 6f 66 20 68 6f 6c 64 69 6e 67 18 00 17 da 0b c3 0c d1 0b f6 0c 31 0b ec 0b 1b 0d 46 0d 79 0d 64 c6 1c 64 f1 0b 88 0c c0 0c a1 1f 8b 02 5e 1f 47 0d 45 0d fc 0b 7f 03 b1 0c 7c 1f ec 0c 

ProtocolGame parse message exception (84 bytes, 43 unread, last opcode is 0x6e (110), prev opcode is 0xffffffff (-1), proto: 854): unable to create item with invalid id 53516
54 00 93 26 99 19 4c 00 
6e 00 b5 0c 13 00 62 61 63 6b 70 61 63 6b 20 6f 66 20 68 6f 6c 64 69 6e 67 18 00 17 da 0b c3 0c d1 0b f6 0c 31 0b ec 0b 1b 0d 46 0d 79 0d 64 c6 1c 64 f1 0b 88 0c c0 0c a1 1f 8b 02 5e 1f 47 0d 45 0d fc 0b 7f 03 b1 0c 7c 1f ec 0c 

ProtocolGame parse message exception (84 bytes, 43 unread, last opcode is 0x6e (110), prev opcode is 0xffffffff (-1), proto: 854): unable to create item with invalid id 53516
54 00 93 26 99 19 4c 00 
6e 00 b5 0c 13 00 62 61 63 6b 70 61 63 6b 20 6f 66 20 68 6f 6c 64 69 6e 67 18 00 17 da 0b c3 0c d1 0b f6 0c 31 0b ec 0b 1b 0d 46 0d 79 0d 64 c6 1c 64 f1 0b 88 0c c0 0c a1 1f 8b 02 5e 1f 47 0d 45 0d fc 0b 7f 03 b1 0c 7c 1f ec 0c 

ProtocolGame parse message exception (84 bytes, 43 unread, last opcode is 0x6e (110), prev opcode is 0xffffffff (-1), proto: 854): unable to create item with invalid id 53516
54 00 93 26 99 19 4c 00 
6e 00 b5 0c 13 00 62 61 63 6b 70 61 63 6b 20 6f 66 20 68 6f 6c 64 69 6e 67 18 00 17 da 0b c3 0c d1 0b f6 0c 31 0b ec 0b 1b 0d 46 0d 79 0d 64 c6 1c 64 f1 0b 88 0c c0 0c a1 1f 8b 02 5e 1f 47 0d 45 0d fc 0b 7f 03 b1 0c 7c 1f ec 0c 

ProtocolGame parse message exception (84 bytes, 43 unread, last opcode is 0x6e (110), prev opcode is 0xffffffff (-1), proto: 854): unable to create item with invalid id 53516
54 00 93 26 99 19 4c 00 
6e 00 b5 0c 13 00 62 61 63 6b 70 61 63 6b 20 6f 66 20 68 6f 6c 64 69 6e 67 18 00 17 da 0b c3 0c d1 0b f6 0c 31 0b ec 0b 1b 0d 46 0d 79 0d 64 c6 1c 64 f1 0b 88 0c c0 0c a1 1f 8b 02 5e 1f 47 0d 45 0d fc 0b 7f 03 b1 0c 7c 1f ec 0c 

ProtocolGame parse message exception (84 bytes, 43 unread, last opcode is 0x6e (110), prev opcode is 0xffffffff (-1), proto: 854): unable to create item with invalid id 53516
54 00 93 26 99 19 4c 00 
6e 00 b5 0c 13 00 62 61 63 6b 70 61 63 6b 20 6f 66 20 68 6f 6c 64 69 6e 67 18 00 17 da 0b c3 0c d1 0b f6 0c 31 0b ec 0b 1b 0d 46 0d 79 0d 64 c6 1c 64 f1 0b 88 0c c0 0c a1 1f 8b 02 5e 1f 47 0d 45 0d fc 0b 7f 03 b1 0c 7c 1f ec 0c 

ProtocolGame parse message exception (84 bytes, 43 unread, last opcode is 0x6e (110), prev opcode is 0xffffffff (-1), proto: 854): unable to create item with invalid id 53516
54 00 93 26 99 19 4c 00 
6e 00 b5 0c 13 00 62 61 63 6b 70 61 63 6b 20 6f 66 20 68 6f 6c 64 69 6e 67 18 00 17 da 0b c3 0c d1 0b f6 0c 31 0b ec 0b 1b 0d 46 0d 79 0d 64 c6 1c 64 f1 0b 88 0c c0 0c a1 1f 8b 02 5e 1f 47 0d 45 0d fc 0b 7f 03 b1 0c 7c 1f ec 0c 

ProtocolGame parse message exception (84 bytes, 43 unread, last opcode is 0x6e (110), prev opcode is 0xffffffff (-1), proto: 854): unable to create item with invalid id 53516
54 00 93 26 99 19 4c 00 
6e 00 b5 0c 13 00 62 61 63 6b 70 61 63 6b 20 6f 66 20 68 6f 6c 64 69 6e 67 18 00 17 da 0b c3 0c d1 0b f6 0c 31 0b ec 0b 1b 0d 46 0d 79 0d 64 c6 1c 64 f1 0b 88 0c c0 0c a1 1f 8b 02 5e 1f 47 0d 45 0d fc 0b 7f 03 b1 0c 7c 1f ec 0c 

ProtocolGame parse message exception (84 bytes, 43 unread, last opcode is 0x6e (110), prev opcode is 0xffffffff (-1), proto: 854): unable to create item with invalid id 53516
54 00 93 26 99 19 4c 00 
6e 00 b5 0c 13 00 62 61 63 6b 70 61 63 6b 20 6f 66 20 68 6f 6c 64 69 6e 67 18 00 17 da 0b c3 0c d1 0b f6 0c 31 0b ec 0b 1b 0d 46 0d 79 0d 64 c6 1c 64 f1 0b 88 0c c0 0c a1 1f 8b 02 5e 1f 47 0d 45 0d fc 0b 7f 03 b1 0c 7c 1f ec 0c 

ProtocolGame parse message exception (84 bytes, 43 unread, last opcode is 0x6e (110), prev opcode is 0xffffffff (-1), proto: 854): unable to create item with invalid id 53516
54 00 93 26 99 19 4c 00 
6e 00 b5 0c 13 00 62 61 63 6b 70 61 63 6b 20 6f 66 20 68 6f 6c 64 69 6e 67 18 00 17 da 0b c3 0c d1 0b f6 0c 31 0b ec 0b 1b 0d 46 0d 79 0d 64 c6 1c 64 f1 0b 88 0c c0 0c a1 1f 8b 02 5e 1f 47 0d 45 0d fc 0b 7f 03 b1 0c 7c 1f ec 0c 

ProtocolGame parse message exception (84 bytes, 43 unread, last opcode is 0x6e (110), prev opcode is 0xffffffff (-1), proto: 854): unable to create item with invalid id 53516
54 00 93 26 99 19 4c 00 
6e 00 b5 0c 13 00 62 61 63 6b 70 61 63 6b 20 6f 66 20 68 6f 6c 64 69 6e 67 18 00 17 da 0b c3 0c d1 0b f6 0c 31 0b ec 0b 1b 0d 46 0d 79 0d 64 c6 1c 64 f1 0b 88 0c c0 0c a1 1f 8b 02 5e 1f 47 0d 45 0d fc 0b 7f 03 b1 0c 7c 1f ec 0c 

ProtocolGame parse message exception (84 bytes, 43 unread, last opcode is 0x6e (110), prev opcode is 0xffffffff (-1), proto: 854): unable to create item with invalid id 53516
54 00 93 26 99 19 4c 00 
6e 00 b5 0c 13 00 62 61 63 6b 70 61 63 6b 20 6f 66 20 68 6f 6c 64 69 6e 67 18 00 17 da 0b c3 0c d1 0b f6 0c 31 0b ec 0b 1b 0d 46 0d 79 0d 64 c6 1c 64 f1 0b 88 0c c0 0c a1 1f 8b 02 5e 1f 47 0d 45 0d fc 0b 7f 03 b1 0c 7c 1f ec 0c 

ProtocolGame parse message exception (84 bytes, 43 unread, last opcode is 0x6e (110), prev opcode is 0xffffffff (-1), proto: 854): unable to create item with invalid id 53516
54 00 93 26 99 19 4c 00 
6e 00 b5 0c 13 00 62 61 63 6b 70 61 63 6b 20 6f 66 20 68 6f 6c 64 69 6e 67 18 00 17 da 0b c3 0c d1 0b f6 0c 31 0b ec 0b 1b 0d 46 0d 79 0d 64 c6 1c 64 f1 0b 88 0c c0 0c a1 1f 8b 02 5e 1f 47 0d 45 0d fc 0b 7f 03 b1 0c 7c 1f ec 0c 

ProtocolGame parse message exception (84 bytes, 43 unread, last opcode is 0x6e (110), prev opcode is 0xffffffff (-1), proto: 854): unable to create item with invalid id 53516
54 00 93 26 99 19 4c 00 
6e 00 b5 0c 13 00 62 61 63 6b 70 61 63 6b 20 6f 66 20 68 6f 6c 64 69 6e 67 18 00 17 da 0b c3 0c d1 0b f6 0c 31 0b ec 0b 1b 0d 46 0d 79 0d 64 c6 1c 64 f1 0b 88 0c c0 0c a1 1f 8b 02 5e 1f 47 0d 45 0d fc 0b 7f 03 b1 0c 7c 1f ec 0c 

ProtocolGame parse message exception (84 bytes, 43 unread, last opcode is 0x6e (110), prev opcode is 0xffffffff (-1), proto: 854): unable to create item with invalid id 53516
54 00 93 26 99 19 4c 00 
6e 00 b5 0c 13 00 62 61 63 6b 70 61 63 6b 20 6f 66 20 68 6f 6c 64 69 6e 67 18 00 17 da 0b c3 0c d1 0b f6 0c 31 0b ec 0b 1b 0d 46 0d 79 0d 64 c6 1c 64 f1 0b 88 0c c0 0c a1 1f 8b 02 5e 1f 47 0d 45 0d fc 0b 7f 03 b1 0c 7c 1f ec 0c 

ProtocolGame parse message exception (84 bytes, 43 unread, last opcode is 0x6e (110), prev opcode is 0xffffffff (-1), proto: 854): unable to create item with invalid id 53516
54 00 93 26 99 19 4c 00 
6e 00 b5 0c 13 00 62 61 63 6b 70 61 63 6b 20 6f 66 20 68 6f 6c 64 69 6e 67 18 00 17 da 0b c3 0c d1 0b f6 0c 31 0b ec 0b 1b 0d 46 0d 79 0d 64 c6 1c 64 f1 0b 88 0c c0 0c a1 1f 8b 02 5e 1f 47 0d 45 0d fc 0b 7f 03 b1 0c 7c 1f ec 0c 

ProtocolGame parse message exception (84 bytes, 43 unread, last opcode is 0x6e (110), prev opcode is 0xffffffff (-1), proto: 854): unable to create item with invalid id 53516
54 00 24 28 4a 97 4c 00 
6e 00 b5 0c 13 00 62 61 63 6b 70 61 63 6b 20 6f 66 20 68 6f 6c 64 69 6e 67 18 00 17 da 0b c3 0c d1 0b f6 0c 31 0b ec 0b 1b 0d 46 0d 79 0d 64 c6 1c 64 f1 0b 88 0c c0 0c a1 1f 8b 02 5e 1f 47 0d 45 0d fc 0b 7f 03 b1 0c 7c 1f ec 0c 

ProtocolGame parse message exception (84 bytes, 43 unread, last opcode is 0x6e (110), prev opcode is 0xffffffff (-1), proto: 854): unable to create item with invalid id 53516
54 00 24 28 4a 97 4c 00 
6e 00 b5 0c 13 00 62 61 63 6b 70 61 63 6b 20 6f 66 20 68 6f 6c 64 69 6e 67 18 00 17 da 0b c3 0c d1 0b f6 0c 31 0b ec 0b 1b 0d 46 0d 79 0d 64 c6 1c 64 f1 0b 88 0c c0 0c a1 1f 8b 02 5e 1f 47 0d 45 0d fc 0b 7f 03 b1 0c 7c 1f ec 0c 

ProtocolGame parse message exception (84 bytes, 43 unread, last opcode is 0x6e (110), prev opcode is 0xffffffff (-1), proto: 854): unable to create item with invalid id 53516
54 00 85 2e 6d 78 4c 00 
6e 00 b5 0c 13 00 62 61 63 6b 70 61 63 6b 20 6f 66 20 68 6f 6c 64 69 6e 67 18 00 17 da 0b c3 0c d1 0b f6 0c 31 0b ec 0b 1b 0d 46 0d 79 0d 64 c6 1c 64 f1 0b 88 0c c0 0c a1 1f 8b 02 5e 1f 47 0d 45 0d fc 0b 7f 03 b1 0c 7c 1f ec 0c 

ProtocolGame parse message exception (84 bytes, 43 unread, last opcode is 0x6e (110), prev opcode is 0xffffffff (-1), proto: 854): unable to create item with invalid id 53516
54 00 85 2e 6d 78 4c 00 
6e 00 b5 0c 13 00 62 61 63 6b 70 61 63 6b 20 6f 66 20 68 6f 6c 64 69 6e 67 18 00 17 da 0b c3 0c d1 0b f6 0c 31 0b ec 0b 1b 0d 46 0d 79 0d 64 c6 1c 64 f1 0b 88 0c c0 0c a1 1f 8b 02 5e 1f 47 0d 45 0d fc 0b 7f 03 b1 0c 7c 1f ec 0c 

ProtocolGame parse message exception (1483 bytes, 221 unread, last opcode is 0x00 (0), prev opcode is 0x86 (134), proto: 854): InputMessage eof reached
cc 05 1b d9 3b 27 c3 05 0a 5f 0a 00 10 32 00 00 64 b7 0c c4 0b 07 a3 11 1e 0e 00 ff a3 11 00 ff a6 11 00 ff a6 11 00 ff b2 11 00 ff a3 11 00 ff af 11 00 ff a3 11 00 ff b2 11 00 ff a8 11 00 ff a3 11 00 ff a8 11 1e 0e 00 ff a3 11 00 ff a3 11 00 ff a5 11 00 ff a7 11 00 ff ad 11 00 ff a3 11 00 ff a3 11 00 ff ae 11 1e 0e 00 ff a6 11 00 ff a3 11 00 ff af 11 1e 0e 00 ff a7 11 00 ff a3 11 00 ff ae 11 00 ff a3 11 00 ff a8 11 00 ff b0 11 00 ff a9 11 00 ff a3 11 1e 0e 00 ff ae 11 00 ff b2 11 00 ff a3 11 00 ff a8 11 00 ff a3 11 00 ff a3 11 00 ff a3 11 00 ff a3 11 00 ff a7 11 1e 0e 00 ff a3 11 00 ff b2 11 00 ff ac 11 00 ff a3 11 62 0e 00 ff b0 11 00 ff a3 11 00 ff a3 11 00 ff ac 11 00 ff a3 11 62 0e 00 ff a3 11 00 ff a3 11 00 ff a7 11 00 ff a7 11 00 ff a3 11 00 ff ac 11 00 ff a3 11 00 ff a3 11 00 ff ab 11 00 ff a6 11 00 ff a4 11 21 0e 00 ff a3 11 00 ff a3 11 00 ff b1 11 00 ff a3 11 00 ff ad 11 00 ff ad 11 00 ff a3 11 00 ff a4 11 00 ff a3 11 00 ff 67 00 bb 11 00 ff a3 11 00 ff b0 11 1e 0e 00 ff b1 11 00 ff a3 11 00 ff ae 11 00 ff a7 11 00 ff ae 11 00 ff ac 11 00 ff a3 11 1e 0e 00 ff a3 11 00 ff a3 11 00 ff 67 00 bb 11 00 ff 67 00 b6 11 00 ff 67 00 b7 11 00 ff 67 00 bb 11 00 ff 67 00 b6 11 00 ff 67 00 bd 11 00 ff a3 11 00 ff af 11 00 ff a3 11 1e 0e 00 ff a3 11 00 ff 67 00 bb 11 00 ff 67 00 b6 11 00 ff 67 00 bd 11 00 ff 67 00 bb 11 00 ff 67 00 b7 11 00 ff 67 00 00 ff 67 00 00 ff 67 00 b7 11 00 ff 67 00 00 ff 67 00 b5 11 00 ff b1 11 00 ff 67 00 bb 11 00 ff 67 00 b6 11 00 ff 67 00 b6 11 00 ff 67 00 b7 11 00 ff 67 00 00 ff 67 00 b9 11 00 ff 67 00 b7 11 00 ff 67 00 00 ff 67 00 00 ff 67 00 ba 11 00 ff 67 00 00 ff 67 00 00 ff 67 00 b9 11 00 ff 67 00 b6 11 00 ff 67 00 b7 11 00 ff 67 00 00 ff 67 00 61 00 00 00 00 00 5f 0a 00 10 14 00 53 61 6b 75 72 61 20 54 65 73 74 65 20 46 6f 72 6d 75 6c 61 64 02 83 01 00 00 00 00 00 00 00 0c 01 00 00 00 01 00 ff 67 00 00 ff 67 00 00 ff 67 00 00 ff 67 00 00 ff 67 00 00 ff 67 00 ba 11 00 ff 67 00 be 11 00 ff 67 00 00 ff 67 00 00 ff 67 00 00 ff 67 00 00 ff 67 00 00 ff 67 00 00 ff 67 00 00 ff 67 00 00 ff 67 00 00 ff 67 00 00 ff 67 00 ba 11 00 ff 67 00 b4 11 00 ff 67 00 be 11 00 ff ae 11 00 ff 67 00 00 ff 67 00 00 ff 67 00 00 ff 67 00 00 ff 67 00 00 ff 67 00 00 ff 67 00 00 ff 67 00 00 ff 67 00 ba 11 00 ff 67 00 b4 11 00 ff 67 00 be 11 00 ff b1 11 00 ff aa 11 00 ff b0 11 00 ff 67 00 b4 11 00 ff 67 00 b4 11 00 ff 67 00 b4 11 00 ff 67 00 b4 11 00 ff 67 00 b4 11 00 ff 67 00 b4 11 00 ff 67 00 b4 11 00 ff 67 00 b4 11 00 ff 67 00 be 11 00 ff a3 11 00 ff a3 11 00 ff a3 11 00 ff ac 11 00 ff a3 11 00 ff a3 11 00 ff b2 11 00 ff a3 11 00 ff b0 11 00 ff aa 11 00 ff a3 11 00 ff af 11 00 ff a3 11 00 ff b1 11 00 ff ad 11 00 ff a3 11 00 ff a5 11 1e 0e 00 ff ae 11 00 ff ae 11 00 ff a3 11 00 ff b1 11 00 ff ac 11 00 ff b1 11 00 ff a3 11 21 0e 00 ff a3 11 00 ff aa 11 00 ff a3 11 1e 0e 00 ff a9 11 00 ff a8 11 00 ff a3 11 00 ff a3 11 00 ff a5 11 00 ff a4 11 00 ff ae 11 1e 0e 00 ff a3 11 00 ff ae 11 00 ff a3 11 00 ff a8 11 00 ff a3 11 00 ff a3 11 00 ff a4 11 00 ff a3 11 00 ff a3 11 00 ff a3 11 21 0e 00 ff a3 11 00 ff a9 11 00 ff b1 11 00 ff a3 11 00 ff a8 11 00 ff a4 11 00 ff a3 11 00 ff a6 11 00 ff a7 11 00 ff ac 11 1e 0e 00 ff a3 11 00 ff ac 11 00 ff a3 11 00 ff a3 11 00 ff a3 11 00 ff a3 11 00 ff ac 11 00 ff ac 11 1e 0e 00 ff a6 11 00 ff ad 11 00 ff a3 11 21 0e 00 ff af 11 00 ff a3 11 00 ff a3 11 00 ff a9 11 00 ff a3 11 00 ff a8 11 00 ff aa 11 00 ff a3 11 00 ff a3 11 00 ff b0 11 00 ff ab 11 00 ff a4 11 00 ff a6 11 00 ff a8 11 00 ff a4 11 00 ff b1 11 00 ff a3 11 00 ff a5 11 00 ff a3 11 00 ff a3 11 1e 0e 00 ff ac 11 00 ff a3 11 00 ff ac 11 00 ff ac 11 ff ff ff ff ff ff ff ff ff ff ff ff e4 ff 78 01 19 0d 79 02 78 03 25 0b 78 04 ea 0d 78 05 db 0b 18 78 06 1b 1d 78 07 e7 0d 78 08 e4 0d 79 09 78 0a da 0b a0 
86 01 86 01 45 91 
00 00 b0 88 03 00 19 00 60 68 01 68 01 05 1f 64 b0 09 a1 2f 5a 0a 00 0a 00 0a 00 0a 00 15 57 46 41 82 fa d7 8d 5f 0a 00 10 00 00 a2 00 00 aa 01 00 00 00 14 00 53 61 6b 75 72 61 20 54 65 73 74 65 20 46 6f 72 6d 75 6c 61 19 00 13 b7 0c c4 0b 07 06 00 53 61 6b 75 72 61 b4 18 48 00 41 6f 20 70 65 67 61 72 20 61 6c 67 75 6d 61 20 6d 69 73 73 61 6f 2c 20 64 69 67 69 74 65 20 21 6e 6f 6d 65 64 6f 6e 70 63 2c 20 70 61 72 61 20 73 61 62 65 72 20 6f 20 73 74 61 74 75 73 20 64 61 20 6d 65 73 6d 61 2e b4 18 30 00 59 6f 75 72 20 6c 61 73 74 20 76 69 73 69 74 20 77 61 73 20 6f 6e 20 46 72 69 20 4a 61 6e 20 30 39 20 31 36 3a 30 36 3a 35 36 20 32 30 32 36 2e 83 b7 0c c4 0b 07 0b 

ProtocolGame parse message exception (84 bytes, 41 unread, last opcode is 0x6e (110), prev opcode is 0xffffffff (-1), proto: 854): unable to create item with invalid id 62988
54 00 2d 28 67 06 4c 00 
6e 00 b5 0c 13 00 62 61 63 6b 70 61 63 6b 20 6f 66 20 68 6f 6c 64 69 6e 67 18 00 17 d1 0b da 0b c3 0c f6 0c 31 0b ec 0b 1b 0d 46 0d 79 0d 64 c6 1c 64 f1 0b 88 0c c0 0c a1 1f 8b 02 5e 1f 47 0d 45 0d fc 0b 7f 03 b1 0c 7c 1f ec 0c 

ProtocolGame parse message exception (85 bytes, 41 unread, last opcode is 0x6e (110), prev opcode is 0x1e (30), proto: 854): unable to create item with invalid id 62988
54 00 8b 26 1c eb 4d 00 
1e 
6e 00 b5 0c 13 00 62 61 63 6b 70 61 63 6b 20 6f 66 20 68 6f 6c 64 69 6e 67 18 00 17 d1 0b da 0b c3 0c f6 0c 31 0b ec 0b 1b 0d 46 0d 79 0d 64 c6 1c 64 f1 0b 88 0c c0 0c a1 1f 8b 02 5e 1f 47 0d 45 0d fc 0b 7f 03 b1 0c 7c 1f ec 0c 

ProtocolGame parse message exception (84 bytes, 41 unread, last opcode is 0x6e (110), prev opcode is 0xffffffff (-1), proto: 854): unable to create item with invalid id 62988
54 00 2d 28 67 06 4c 00 
6e 00 b5 0c 13 00 62 61 63 6b 70 61 63 6b 20 6f 66 20 68 6f 6c 64 69 6e 67 18 00 17 d1 0b da 0b c3 0c f6 0c 31 0b ec 0b 1b 0d 46 0d 79 0d 64 c6 1c 64 f1 0b 88 0c c0 0c a1 1f 8b 02 5e 1f 47 0d 45 0d fc 0b 7f 03 b1 0c 7c 1f ec 0c 

ProtocolGame parse message exception (84 bytes, 41 unread, last opcode is 0x6e (110), prev opcode is 0xffffffff (-1), proto: 854): unable to create item with invalid id 62988
54 00 2d 28 67 06 4c 00 
6e 00 b5 0c 13 00 62 61 63 6b 70 61 63 6b 20 6f 66 20 68 6f 6c 64 69 6e 67 18 00 17 d1 0b da 0b c3 0c f6 0c 31 0b ec 0b 1b 0d 46 0d 79 0d 64 c6 1c 64 f1 0b 88 0c c0 0c a1 1f 8b 02 5e 1f 47 0d 45 0d fc 0b 7f 03 b1 0c 7c 1f ec 0c 

